Component: ARM Compiler 5.06 update 3 (build 300) Tool: armlink [4d35c9]

==============================================================================

Section Cross References

    main.o(.text) refers to misc.o(.text) for NVIC_PriorityGroupConfig
    main.o(.text) refers to atk_delay.o(.text) for delay_init
    main.o(.text) refers to atk_usart.o(.text) for uart_init
    main.o(.text) refers to atk_led.o(.text) for led_init
    main.o(.text) refers to lcd.o(.text) for LCD_Init
    main.o(.text) refers to demo_bc28_low_power_entry.o(.text) for demo_bc28_low_power_entry
    main.o(.text) refers to stm32f10x_gpio.o(.text) for GPIO_ReadOutputDataBit
    main.o(.text) refers to system_stm32f10x.o(.data) for SystemCoreClock
    main.o(.text) refers to lcd.o(.data) for POINT_COLOR
    system_stm32f10x.o(.text) refers to system_stm32f10x.o(.data) for .data
    dht11.o(.text) refers to atk_delay.o(.text) for delay_ms
    dht11.o(.text) refers to stm32f10x_rcc.o(.text) for RCC_APB2PeriphClockCmd
    dht11.o(.text) refers to stm32f10x_gpio.o(.text) for GPIO_Init
    lcd.o(.text) refers to _printf_percent.o(.ARM.Collect$$_printf_percent$$00000000) for _printf_percent
    lcd.o(.text) refers to _printf_x.o(.ARM.Collect$$_printf_percent$$0000000C) for _printf_x
    lcd.o(.text) refers to _printf_hex_int.o(.text) for _printf_longlong_hex
    lcd.o(.text) refers to atk_delay.o(.text) for delay_us
    lcd.o(.text) refers to lcd.o(.bss) for .bss
    lcd.o(.text) refers to dflt_clz.o(x$fpl$dfltu) for __aeabi_ui2d
    lcd.o(.text) refers to dmul.o(x$fpl$dmul) for __aeabi_dmul
    lcd.o(.text) refers to dfixu.o(x$fpl$dfixu) for __aeabi_d2uiz
    lcd.o(.text) refers to lcd.o(.data) for .data
    lcd.o(.text) refers to stm32f10x_rcc.o(.text) for RCC_AHBPeriphClockCmd
    lcd.o(.text) refers to stm32f10x_gpio.o(.text) for GPIO_Init
    lcd.o(.text) refers to stm32f10x_fsmc.o(.text) for FSMC_NORSRAMInit
    lcd.o(.text) refers to __2printf.o(.text) for __2printf
    lcd.o(.text) refers to lcd.o(.constdata) for .constdata
    atk_led.o(.text) refers to stm32f10x_rcc.o(.text) for RCC_APB2PeriphClockCmd
    atk_led.o(.text) refers to stm32f10x_gpio.o(.text) for GPIO_Init
    atk_key.o(.text) refers to stm32f10x_rcc.o(.text) for RCC_APB2PeriphClockCmd
    atk_key.o(.text) refers to stm32f10x_gpio.o(.text) for GPIO_Init
    atk_key.o(.text) refers to stm32f10x_exti.o(.text) for EXTI_Init
    atk_key.o(.text) refers to misc.o(.text) for NVIC_Init
    atk_key.o(.text) refers to atk_soft_timer.o(.text) for atk_soft_timer_getick
    atk_key.o(.text) refers to atk_key.o(.bss) for .bss
    atk_nbiot_usart.o(.text) refers to atk_ring_buf.o(.text) for atk_ring_buf_size_read
    atk_nbiot_usart.o(.text) refers to stm32f10x_usart.o(.text) for USART_GetITStatus
    atk_nbiot_usart.o(.text) refers to __2printf.o(.text) for __2printf
    atk_nbiot_usart.o(.text) refers to stm32f10x_rcc.o(.text) for RCC_APB2PeriphClockCmd
    atk_nbiot_usart.o(.text) refers to stm32f10x_gpio.o(.text) for GPIO_Init
    atk_nbiot_usart.o(.text) refers to misc.o(.text) for NVIC_Init
    atk_nbiot_usart.o(.text) refers to atk_soft_timer.o(.text) for atk_soft_timer_init
    atk_nbiot_usart.o(.text) refers to atk_nbiot_usart.o(.bss) for .bss
    atk_timer.o(.text) refers to stm32f10x_rcc.o(.text) for RCC_APB1PeriphClockCmd
    atk_timer.o(.text) refers to stm32f10x_tim.o(.text) for TIM_TimeBaseInit
    atk_timer.o(.text) refers to misc.o(.text) for NVIC_Init
    atk_timer.o(.text) refers to stm32f10x_gpio.o(.text) for GPIO_ReadOutputDataBit
    atk_rgb_led.o(.text) refers to atk_delay.o(.text) for delay_us
    atk_rgb_led.o(.text) refers to stm32f10x_rcc.o(.text) for RCC_APB2PeriphClockCmd
    atk_rgb_led.o(.text) refers to stm32f10x_gpio.o(.text) for GPIO_Init
    atk_beep.o(.text) refers to stm32f10x_rcc.o(.text) for RCC_APB2PeriphClockCmd
    atk_beep.o(.text) refers to stm32f10x_gpio.o(.text) for GPIO_Init
    ds18b20.o(.text) refers to atk_delay.o(.text) for delay_us
    ds18b20.o(.text) refers to stm32f10x_rcc.o(.text) for RCC_APB2PeriphClockCmd
    ds18b20.o(.text) refers to stm32f10x_gpio.o(.text) for GPIO_Init
    ds18b20.o(.text) refers to dflt_clz.o(x$fpl$dflt) for __aeabi_i2d
    ds18b20.o(.text) refers to dmul.o(x$fpl$dmul) for __aeabi_dmul
    ds18b20.o(.text) refers to dfix.o(x$fpl$dfix) for __aeabi_d2iz
    atk_usart.o(.text) refers (Special) to use_no_semi_2.o(.text) for __use_no_semihosting
    atk_usart.o(.text) refers to stm32f10x_rcc.o(.text) for RCC_APB2PeriphClockCmd
    atk_usart.o(.text) refers to stm32f10x_gpio.o(.text) for GPIO_Init
    atk_usart.o(.text) refers to misc.o(.text) for NVIC_Init
    atk_usart.o(.text) refers to stm32f10x_usart.o(.text) for USART_Init
    atk_usart.o(.text) refers to atk_usart.o(.data) for .data
    atk_usart.o(.text) refers to atk_usart.o(.bss) for .bss
    atk_usart.o(.bss) refers (Special) to use_no_semi_2.o(.text) for __use_no_semihosting
[...]
    .ARM.Collect$$libshutdown$$0000000A      0x080001d2   Section        0  libshutdown2.o(.ARM.Collect$$libshutdown$$0000000A)
    .ARM.Collect$$libshutdown$$0000000C      0x080001d2   Section        0  libshutdown2.o(.ARM.Collect$$libshutdown$$0000000C)
    .ARM.Collect$$libshutdown$$0000000F      0x080001d2   Section        0  libshutdown2.o(.ARM.Collect$$libshutdown$$0000000F)
    .ARM.Collect$$libshutdown$$00000010      0x080001d2   Section        2  libshutdown2.o(.ARM.Collect$$libshutdown$$00000010)
    .ARM.Collect$$rtentry$$00000000          0x080001d4   Section        0  __rtentry.o(.ARM.Collect$$rtentry$$00000000)
    .ARM.Collect$$rtentry$$00000002          0x080001d4   Section        0  __rtentry2.o(.ARM.Collect$$rtentry$$00000002)
    .ARM.Collect$$rtentry$$00000004          0x080001d4   Section        6  __rtentry4.o(.ARM.Collect$$rtentry$$00000004)
    .ARM.Collect$$rtentry$$00000009          0x080001da   Section        0  __rtentry2.o(.ARM.Collect$$rtentry$$00000009)
    .ARM.Collect$$rtentry$$0000000A          0x080001da   Section        4  __rtentry2.o(.ARM.Collect$$rtentry$$0000000A)
    .ARM.Collect$$rtentry$$0000000C          0x080001de   Section        0  __rtentry2.o(.ARM.Collect$$rtentry$$0000000C)
    .ARM.Collect$$rtentry$$0000000D          0x080001de   Section        8  __rtentry2.o(.ARM.Collect$$rtentry$$0000000D)
    .ARM.Collect$$rtexit$$00000000           0x080001e6   Section        2  rtexit.o(.ARM.Collect$$rtexit$$00000000)
    .ARM.Collect$$rtexit$$00000002           0x080001e8   Section        0  rtexit2.o(.ARM.Collect$$rtexit$$00000002)
    .ARM.Collect$$rtexit$$00000003           0x080001e8   Section        4  rtexit2.o(.ARM.Collect$$rtexit$$00000003)
    .ARM.Collect$$rtexit$$00000004           0x080001ec   Section        6  rtexit2.o(.ARM.Collect$$rtexit$$00000004)
    .text                                    0x080001f4   Section        0  main.o(.text)
    .text                                    0x080002c0   Section        0  stm32f10x_it.o(.text)
    .text                                    0x080002d0   Section        0  system_stm32f10x.o(.text)
    SetSysClockTo72                          0x080002d1   Thumb Code   160  system_stm32f10x.o(.text)
    .text                                    0x08000428   Section        0  lcd.o(.text)
    .text                                    0x08004018   Section        0  atk_led.o(.text)
    .text                                    0x08004068   Section        0  atk_key.o(.text)
    .text                                    0x080042b0   Section        0  atk_nbiot_usart.o(.text)
    __lpuart_rx_timeout_cb                   0x080042e3   Thumb Code   122  atk_nbiot_usart.o(.text)
    __lpuart_tx_timeout_cb                   0x0800446b   Thumb Code    28  atk_nbiot_usart.o(.text)
    .text                                    0x080045d4   Section        0  atk_timer.o(.text)
    .text                                    0x08004678   Section        0  atk_usart.o(.text)
    .text                                    0x0800478c   Section        0  atk_sys.o(.text)
    .text                                    0x08004798   Section        0  atk_delay.o(.text)
    .text                                    0x08004834   Section       64  startup_stm32f10x_hd.o(.text)
    .text                                    0x08004874   Section        0  misc.o(.text)
    .text                                    0x08004924   Section        0  stm32f10x_fsmc.o(.text)
    .text                                    0x08004da0   Section        0  stm32f10x_gpio.o(.text)
    .text                                    0x08005004   Section        0  stm32f10x_rcc.o(.text)
    .text                                    0x080052bc   Section        0  stm32f10x_usart.o(.text)
    .text                                    0x080055e4   Section        0  stm32f10x_exti.o(.text)
    .text                                    0x080056cc   Section        0  stm32f10x_tim.o(.text)
    TI2_Config                               0x08005a5f   Thumb Code   166  stm32f10x_tim.o(.text)
    TI1_Config                               0x08005b15   Thumb Code    88  stm32f10x_tim.o(.text)
    .text                                    0x080061bc   Section        0  atk_bc28.o(.text)
    nbiot_event_notify                       0x080061d3   Thumb Code   286  atk_bc28.o(.text)
    __uart_event_cb_handle                   0x080062f1   Thumb Code   230  atk_bc28.o(.text)
    nbiot_msg_send                           0x080063d7   Thumb Code   944  atk_bc28.o(.text)
    at_cmd_next                              0x080067cf   Thumb Code   486  atk_bc28.o(.text)
    nbiot_response_handle                    0x080069b5   Thumb Code   384  atk_bc28.o(.text)
    __nbiot_uart_data_tx                     0x08006db3   Thumb Code     6  atk_bc28.o(.text)
    __nbiot_uart_data_rx                     0x08006db9   Thumb Code    14  atk_bc28.o(.text)
    nbiot_recv_buf_reset                     0x08006e0b   Thumb Code    10  atk_bc28.o(.text)
    nbiot_status_reset                       0x08006e15   Thumb Code    12  atk_bc28.o(.text)
    nbiot_status_set                         0x08006e21   Thumb Code    10  atk_bc28.o(.text)
    nbiot_data_recv                          0x08006e2b   Thumb Code    22  atk_bc28.o(.text)
    cmd_generate                             0x08006e41   Thumb Code   102  atk_bc28.o(.text)
    at_cmd_result_parse                      0x08006ea7   Thumb Code   124  atk_bc28.o(.text)
    .text                                    0x08006f68   Section        0  atk_bc28_nbiot.o(.text)
    .text                                    0x08007414   Section        0  atk_soft_timer.o(.text)
    .text                                    0x080074f8   Section        0  atk_ring_buf.o(.text)
    .text                                    0x080075d8   Section        0  demo_bc28_low_power_entry.o(.text)
    __nbiot_msg_cb_handler                   0x080075d9   Thumb Code  2028  demo_bc28_low_power_entry.o(.text)
    nbiot_app_status_poll                    0x08007dc5   Thumb Code   186  demo_bc28_low_power_entry.o(.text)
    __key_event_handle                       0x08007e7f   Thumb Code    86  demo_bc28_low_power_entry.o(.text)
    .text                                    0x080080ec   Section        2  use_no_semi_2.o(.text)
    .text                                    0x080080f0   Section        0  __2printf.o(.text)
    .text                                    0x08008108   Section        0  __2sprintf.o(.text)
    .text                                    0x08008134   Section        0  __2snprintf.o(.text)
    .text                                    0x0800816c   Section        0  __printf.o(.text)
    .text                                    0x080081d4   Section        0  _printf_str.o(.text)
    .text                                    0x08008228   Section        0  _printf_dec.o(.text)
    .text                                    0x080082a0   Section        0  _printf_hex_int.o(.text)
    .text                                    0x080082f8   Section        0  strtoul.o(.text)
    .text                                    0x0800836c   Section        0  strtok.o(.text)
    .text                                    0x08008378   Section        0  strchr.o(.text)
    .text                                    0x0800838c   Section        0  strstr.o(.text)
    .text                                    0x080083b0   Section        0  strlen.o(.text)
    .text                                    0x080083ee   Section      138  rt_memcpy_v6.o(.text)
    .text                                    0x08008478   Section       68  rt_memclr.o(.text)
    .text                                    0x080084bc   Section       78  rt_memclr_w.o(.text)
    .text                                    0x0800850a   Section        0  heapauxi.o(.text)
    .text                                    0x08008510   Section        2  use_no_semi.o(.text)
    .text                                    0x08008514   Section       16  rt_ctype_table.o(.text)
    .text                                    0x08008524   Section        8  rt_errno_addr_intlibspace.o(.text)
    .text                                    0x0800852c   Section        0  _printf_intcommon.o(.text)
    .text                                    0x080085e0   Section        0  _printf_char_common.o(.text)
    _printf_input_char                       0x080085e1   Thumb Code    10  _printf_char_common.o(.text)
    .text                                    0x08008610   Section        0  _sputc.o(.text)
    .text                                    0x0800861a   Section        0  _snputc.o(.text)
    .text                                    0x0800862a   Section        0  _printf_char.o(.text)
    .text                                    0x08008658   Section        0  _printf_char_file.o(.text)
    .text                                    0x0800867c   Section        0  _strtoul.o(.text)
    .text                                    0x0800871c   Section        0  strtok_int.o(.text)
    .text                                    0x08008760   Section      100  rt_memcpy_w.o(.text)
    .text                                    0x080087c4   Section        8  libspace.o(.text)
    .text                                    0x080087cc   Section        8  rt_locale_intlibspace.o(.text)
    .text                                    0x080087d4   Section        0  _chval.o(.text)
    .text                                    0x080087f0   Section        0  ferror.o(.text)
    .text                                    0x080087f8   Section        0  strcspn.o(.text)
    .text                                    0x08008818   Section        0  strspn.o(.text)
    .text                                    0x08008834   Section       74  sys_stackheap_outer.o(.text)
    .text                                    0x0800887e   Section        0  exit.o(.text)
    .text                                    0x08008890   Section      128  strcmpv7m.o(.text)
    locale$$code                             0x08008910   Section       44  lc_ctype_c.o(locale$$code)
    x$fpl$dfixu                              0x0800893c   Section       90  dfixu.o(x$fpl$dfixu)
    x$fpl$dfltu                              0x08008996   Section       38  dflt_clz.o(x$fpl$dfltu)
    x$fpl$dmul                               0x080089bc   Section      340  dmul.o(x$fpl$dmul)
    x$fpl$dnaninf                            0x08008b10   Section      156  dnaninf.o(x$fpl$dnaninf)
    x$fpl$dretinf                            0x08008bac   Section       12  dretinf.o(x$fpl$dretinf)
    .constdata                               0x08008bb8   Section     6080  lcd.o(.constdata)
    x$fpl$usenofp                            0x08008bb8   Section        0  usenofp.o(x$fpl$usenofp)
    .constdata                               0x0800a378   Section       40  _printf_hex_int.o(.constdata)
    uc_hextab                                0x0800a378   Data          20  _printf_hex_int.o(.constdata)
    lc_hextab                                0x0800a38c   Data          20  _printf_hex_int.o(.constdata)
    locale$$data                             0x0800a3c0   Section      272  lc_ctype_c.o(locale$$data)
    __lcctype_c_name                         0x0800a3c4   Data           2  lc_ctype_c.o(locale$$data)
    __lcctype_c_start                        0x0800a3cc   Data           0  lc_ctype_c.o(locale$$data)
    __lcctype_c_end                          0x0800a4d0   Data           0  lc_ctype_c.o(locale$$data)
    .data                                    0x20000000   Section       20  system_stm32f10x.o(.data)
    .data                                    0x20000014   Section        4  lcd.o(.data)
    .data                                    0x20000018   Section        2  atk_usart.o(.data)
    .data                                    0x2000001c   Section        4  atk_usart.o(.data)
    .data                                    0x20000020   Section        8  atk_delay.o(.data)
    fac_us                                   0x20000020   Data           4  atk_delay.o(.data)
    fac_ms                                   0x20000024   Data           4  atk_delay.o(.data)
    .data                                    0x20000028   Section       20  stm32f10x_rcc.o(.data)
    ADCPrescTable                            0x20000028   Data           4  stm32f10x_rcc.o(.data)
    APBAHBPrescTable                         0x2000002c   Data          16  stm32f10x_rcc.o(.data)
    .data                                    0x2000003c   Section       20  atk_bc28.o(.data)
    recv_cnt                                 0x2000003c   Data           1  atk_bc28.o(.data)
    drv_funcs                                0x20000040   Data           8  atk_bc28.o(.data)
    g_nbiot_sm_status                        0x20000048   Data           8  atk_bc28.o(.data)
    .data                                    0x20000050   Section        8  atk_soft_timer.o(.data)
    head_handle                              0x20000050   Data           4  atk_soft_timer.o(.data)
    _timer_ticks                             0x20000054   Data           4  atk_soft_timer.o(.data)
    .data                                    0x20000058   Section        8  demo_bc28_low_power_entry.o(.data)
    nbiot_app_status                         0x20000058   Data           4  demo_bc28_low_power_entry.o(.data)
    nbiot_net_flag                           0x2000005c   Data           4  demo_bc28_low_power_entry.o(.data)
    .data                                    0x20000060   Section        4  strtok.o(.data)
    _strtok_saves1                           0x20000060   Data           4  strtok.o(.data)
    .bss                                     0x20000064   Section       14  lcd.o(.bss)
    .bss                                     0x20000074   Section       16  atk_key.o(.bss)
    key_dev                                  0x20000074   Data          16  atk_key.o(.bss)
    .bss                                     0x20000084   Section      588  atk_nbiot_usart.o(.bss)
    uart_dev                                 0x20000084   Data          64  atk_nbiot_usart.o(.bss)
    g_uart_ring_buf                          0x200000c4   Data         524  atk_nbiot_usart.o(.bss)
    .bss                                     0x200002d0   Section      200  atk_usart.o(.bss)
    .bss                                     0x20000398   Section     1240  atk_bc28.o(.bss)
    g_nbiot_recv_desc                        0x20000398   Data         516  atk_bc28.o(.bss)
    g_nbiot_send_desc                        0x2000059c   Data         516  atk_bc28.o(.bss)
    g_at_cmd                                 0x200007a0   Data          24  atk_bc28.o(.bss)
    g_nbiot_dev                              0x200007b8   Data          44  atk_bc28.o(.bss)
    g_nbiot_connect_status                   0x200007e4   Data          16  atk_bc28.o(.bss)
    g_firmware_info                          0x200007f4   Data          64  atk_bc28.o(.bss)
    g_socket_info                            0x20000834   Data          60  atk_bc28.o(.bss)
    .bss                                     0x20000870   Section      513  atk_bc28_nbiot.o(.bss)
    cmd_buf_temp                             0x20000870   Data         513  atk_bc28_nbiot.o(.bss)
    .bss                                     0x20000a74   Section       96  libspace.o(.bss)
    HEAP                                     0x20000ad8   Section      512  startup_stm32f10x_hd.o(HEAP)
    Heap_Mem                                 0x20000ad8   Data         512  startup_stm32f10x_hd.o(HEAP)
    STACK                                    0x20000cd8   Section     1024  startup_stm32f10x_hd.o(STACK)
    Stack_Mem                                0x20000cd8   Data        1024  startup_stm32f10x_hd.o(STACK)
    __initial_sp                             0x200010d8   Data           0  startup_stm32f10x_hd.o(STACK)

    Global Symbols

    Symbol Name                              Value     Ov Type        Size  Object(Section)

    BuildAttributes$$THM_ISAv4$P$D$K$B$S$PE$A:L22UL41UL21$X:L11$S22US41US21$IEEE1$IW$USESV6$~STKCKD$USESV7$~SHL$OSPACE$ROPI$EBA8$UX$STANDARDLIB$REQ8$PRES8$EABIv2 0x00000000   Number         0  anon$$obj.o ABSOLUTE
    __ARM_use_no_argv                        0x00000000   Number         0  main.o ABSOLUTE
    _printf_flags                            0x00000000   Number         0  printf_stubs.o ABSOLUTE
    _printf_return_value                     0x00000000   Number         0  printf_stubs.o ABSOLUTE
    _printf_sizespec                         0x00000000   Number         0  printf_stubs.o ABSOLUTE
    _printf_widthprec                        0x00000000   Number         0  printf_stubs.o ABSOLUTE
    __ARM_exceptions_init                     - Undefined Weak Reference
    __alloca_initialize                       - Undefined Weak Reference
    __arm_preinit_                            - Undefined Weak Reference
    __cpp_initialize__aeabi_                  - Undefined Weak Reference
    __cxa_finalize                            - Undefined Weak Reference
    __sigvec_lookup                           - Undefined Weak Reference
    _atexit_init                              - Undefined Weak Reference
    _call_atexit_fns                          - Undefined Weak Reference
    _clock_init                               - Undefined Weak Reference
    _fp_trap_init                             - Undefined Weak Reference
    _fp_trap_shutdown                         - Undefined Weak Reference
    _get_lc_collate                           - Undefined Weak Reference
    _get_lc_monetary                          - Undefined Weak Reference
    _get_lc_numeric                           - Undefined Weak Reference
    _get_lc_time                              - Undefined Weak Reference
    _getenv_init                              - Undefined Weak Reference
    _handle_redirection                       - Undefined Weak Reference
    _init_alloc                               - Undefined Weak Reference
    _init_user_alloc                          - Undefined Weak Reference
    _initio                                   - Undefined Weak Reference
    _mutex_acquire                            - Undefined Weak Reference
    _mutex_release                            - Undefined Weak Reference
    _printf_mbtowc                            - Undefined Weak Reference
    _printf_post_padding                      - Undefined Weak Reference
    _printf_pre_padding                       - Undefined Weak Reference
    _printf_truncate_signed                   - Undefined Weak Reference
    _printf_truncate_unsigned                 - Undefined Weak Reference
    _rand_init                                - Undefined Weak Reference
    _signal_finish                            - Undefined Weak Reference
    _signal_init                              - Undefined Weak Reference
    _terminate_alloc                          - Undefined Weak Reference
    _terminate_user_alloc                     - Undefined Weak Reference
    _terminateio                              - Undefined Weak Reference
    __Vectors_Size                           0x00000130   Number         0  startup_stm32f10x_hd.o ABSOLUTE
    __Vectors                                0x08000000   Data           4  startup_stm32f10x_hd.o(RESET)
    __Vectors_End                            0x08000130   Data           0  startup_stm32f10x_hd.o(RESET)
    __main                                   0x08000131   Thumb Code     8  __main.o(!!!main)
    __scatterload                            0x08000139   Thumb Code     0  __scatter.o(!!!scatter)
    __scatterload_rt2                        0x08000139   Thumb Code    44  __scatter.o(!!!scatter)
    __scatterload_rt2_thumb_only             0x08000139   Thumb Code     0  __scatter.o(!!!scatter)
    __scatterload_null                       0x08000147   Thumb Code     0  __scatter.o(!!!scatter)
    __scatterload_copy                       0x0800016d   Thumb Code    26  __scatter_copy.o(!!handler_copy)
    __scatterload_zeroinit                   0x08000189   Thumb Code    28  __scatter_zi.o(!!handler_zi)
    _printf_d                                0x080001a5   Thumb Code     0  _printf_d.o(.ARM.Collect$$_printf_percent$$00000009)
    _printf_percent                          0x080001a5   Thumb Code     0  _printf_percent.o(.ARM.Collect$$_printf_percent$$00000000)
    _printf_x                                0x080001ab   Thumb Code     0  _printf_x.o(.ARM.Collect$$_printf_percent$$0000000C)
    _printf_s                                0x080001b1   Thumb Code     0  _printf_s.o(.ARM.Collect$$_printf_percent$$00000014)
    _printf_percent_end                      0x080001b7   Thumb Code     0  _printf_percent_end.o(.ARM.Collect$$_printf_percent$$00000017)
    __rt_lib_init                            0x080001bb   Thumb Code     0  libinit.o(.ARM.Collect$$libinit$$00000000)
    __rt_lib_init_fp_1                       0x080001bd   Thumb Code     0  libinit2.o(.ARM.Collect$$libinit$$00000002)
    __rt_lib_init_heap_1                     0x080001bd   Thumb Code     0  libinit2.o(.ARM.Collect$$libinit$$0000000A)
    __rt_lib_init_lc_common                  0x080001bd   Thumb Code     0  libinit2.o(.ARM.Collect$$libinit$$0000000F)
    __rt_lib_init_preinit_1                  0x080001bd   Thumb Code     0  libinit2.o(.ARM.Collect$$libinit$$00000004)
    __rt_lib_init_rand_1                     0x080001bd   Thumb Code     0  libinit2.o(.ARM.Collect$$libinit$$0000000E)
    __rt_lib_init_user_alloc_1               0x080001bd   Thumb Code     0  libinit2.o(.ARM.Collect$$libinit$$0000000C)
    __rt_lib_init_lc_collate_1               0x080001c3   Thumb Code     0  libinit2.o(.ARM.Collect$$libinit$$00000011)
    __rt_lib_init_lc_ctype_2                 0x080001c3   Thumb Code     0  libinit2.o(.ARM.Collect$$libinit$$00000012)
    __rt_lib_init_alloca_1                   0x080001cf   Thumb Code     0  libinit2.o(.ARM.Collect$$libinit$$0000002E)
    __rt_lib_init_argv_1                     0x080001cf   Thumb Code     0  libinit2.o(.ARM.Collect$$libinit$$0000002C)
    __rt_lib_init_atexit_1                   0x080001cf   Thumb Code     0  libinit2.o(.ARM.Collect$$libinit$$0000001B)
    __rt_lib_init_clock_1                    0x080001cf   Thumb Code     0  libinit2.o(.ARM.Collect$$libinit$$00000021)
    __rt_lib_init_cpp_1                      0x080001cf   Thumb Code     0  libinit2.o(.ARM.Collect$$libinit$$00000032)
    __rt_lib_init_exceptions_1               0x080001cf   Thumb Code     0  libinit2.o(.ARM.Collect$$libinit$$00000030)
    __rt_lib_init_fp_trap_1                  0x080001cf   Thumb Code     0  libinit2.o(.ARM.Collect$$libinit$$0000001F)
    __rt_lib_init_getenv_1                   0x080001cf   Thumb Code     0  libinit2.o(.ARM.Collect$$libinit$$00000023)
    __rt_lib_init_lc_ctype_1                 0x080001cf   Thumb Code     0  libinit2.o(.ARM.Collect$$libinit$$00000013)
    __rt_lib_init_lc_monetary_1              0x080001cf   Thumb Code     0  libinit2.o(.ARM.Collect$$libinit$$00000015)
    __rt_lib_init_lc_numeric_1               0x080001cf   Thumb Code     0  libinit2.o(.ARM.Collect$$libinit$$00000017)
    __rt_lib_init_lc_time_1                  0x080001cf   Thumb Code     0  libinit2.o(.ARM.Collect$$libinit$$00000019)
    __rt_lib_init_return                     0x080001cf   Thumb Code     0  libinit2.o(.ARM.Collect$$libinit$$00000033)
    __rt_lib_init_signal_1                   0x080001cf   Thumb Code     0  libinit2.o(.ARM.Collect$$libinit$$0000001D)
    __rt_lib_init_stdio_1                    0x080001cf   Thumb Code     0  libinit2.o(.ARM.Collect$$libinit$$00000025)
    __rt_lib_shutdown                        0x080001d1   Thumb Code     0  libshutdown.o(.ARM.Collect$$libshutdown$$00000000)
    __rt_lib_shutdown_cpp_1                  0x080001d3   Thumb Code     0  libshutdown2.o(.ARM.Collect$$libshutdown$$00000002)
    __rt_lib_shutdown_fp_trap_1              0x080001d3   Thumb Code     0  libshutdown2.o(.ARM.Collect$$libshutdown$$00000007)
    __rt_lib_shutdown_heap_1                 0x080001d3   Thumb Code     0  libshutdown2.o(.ARM.Collect$$libshutdown$$0000000F)
    __rt_lib_shutdown_return                 0x080001d3   Thumb Code     0  libshutdown2.o(.ARM.Collect$$libshutdown$$00000010)
    __rt_lib_shutdown_signal_1               0x080001d3   Thumb Code     0  libshutdown2.o(.ARM.Collect$$libshutdown$$0000000A)
    __rt_lib_shutdown_stdio_1                0x080001d3   Thumb Code     0  libshutdown2.o(.ARM.Collect$$libshutdown$$00000004)
    __rt_lib_shutdown_user_alloc_1           0x080001d3   Thumb Code     0  libshutdown2.o(.ARM.Collect$$libshutdown$$0000000C)
    __rt_entry                               0x080001d5   Thumb Code     0  __rtentry.o(.ARM.Collect$$rtentry$$00000000)
    __rt_entry_presh_1                       0x080001d5   Thumb Code     0  __rtentry2.o(.ARM.Collect$$rtentry$$00000002)
    __rt_entry_sh                            0x080001d5   Thumb Code     0  __rtentry4.o(.ARM.Collect$$rtentry$$00000004)
    __rt_entry_li                            0x080001db   Thumb Code     0  __rtentry2.o(.ARM.Collect$$rtentry$$0000000A)
    __rt_entry_postsh_1                      0x080001db   Thumb Code     0  __rtentry2.o(.ARM.Collect$$rtentry$$00000009)
    __rt_entry_main                          0x080001df   Thumb Code     0  __rtentry2.o(.ARM.Collect$$rtentry$$0000000D)
    __rt_entry_postli_1                      0x080001df   Thumb Code     0  __rtentry2.o(.ARM.Collect$$rtentry$$0000000C)
    __rt_exit                                0x080001e7   Thumb Code     0  rtexit.o(.ARM.Collect$$rtexit$$00000000)
    __rt_exit_ls                             0x080001e9   Thumb Code     0  rtexit2.o(.ARM.Collect$$rtexit$$00000003)
    __rt_exit_prels_1                        0x080001e9   Thumb Code     0  rtexit2.o(.ARM.Collect$$rtexit$$00000002)
    __rt_exit_exit                           0x080001ed   Thumb Code     0  rtexit2.o(.ARM.Collect$$rtexit$$00000004)
    main                                     0x080001f5   Thumb Code   156  main.o(.text)
    NMI_Handler                              0x080002c1   Thumb Code     2  stm32f10x_it.o(.text)
    HardFault_Handler                        0x080002c3   Thumb Code     2  stm32f10x_it.o(.text)
    MemManage_Handler                        0x080002c5   Thumb Code     2  stm32f10x_it.o(.text)
    BusFault_Handler                         0x080002c7   Thumb Code     2  stm32f10x_it.o(.text)
    UsageFault_Handler                       0x080002c9   Thumb Code     2  stm32f10x_it.o(.text)
    SVC_Handler                              0x080002cb   Thumb Code     2  stm32f10x_it.o(.text)
    DebugMon_Handler                         0x080002cd   Thumb Code     2  stm32f10x_it.o(.text)
    PendSV_Handler                           0x080002cf   Thumb Code     2  stm32f10x_it.o(.text)
    SystemInit                               0x08000371   Thumb Code    64  system_stm32f10x.o(.text)
    SystemCoreClockUpdate                    0x080003b1   Thumb Code    86  system_stm32f10x.o(.text)
    LCD_WR_REG                               0x08000429   Thumb Code     6  lcd.o(.text)
    LCD_WR_DATA                              0x0800042f   Thumb Code     8  lcd.o(.text)
    LCD_RD_DATA                              0x08000437   Thumb Code    18  lcd.o(.text)
    LCD_WriteReg                             0x08000449   Thumb Code    10  lcd.o(.text)
    LCD_ReadReg                              0x08000453   Thumb Code    18  lcd.o(.text)
    LCD_WriteRAM_Prepare                     0x08000465   Thumb Code    10  lcd.o(.text)
    LCD_WriteRAM                             0x0800046f   Thumb Code     8  lcd.o(.text)
    LCD_BGR2RGB                              0x08000477   Thumb Code    18  lcd.o(.text)
    opt_delay                                0x08000489   Thumb Code     8  lcd.o(.text)
    LCD_SetCursor                            0x08000491   Thumb Code   318  lcd.o(.text)
    LCD_ReadPoint                            0x080005cf   Thumb Code   260  lcd.o(.text)
    LCD_DisplayOn                            0x080006d3   Thumb Code    66  lcd.o(.text)
    LCD_DisplayOff                           0x08000715   Thumb Code    64  lcd.o(.text)
    LCD_Scan_Dir                             0x08000755   Thumb Code   422  lcd.o(.text)
    LCD_DrawPoint                            0x080008fb   Thumb Code    22  lcd.o(.text)
    LCD_Fast_DrawPoint                       0x08000911   Thumb Code   276  lcd.o(.text)
    LCD_SSD_BackLightSet                     0x08000a25   Thumb Code    50  lcd.o(.text)
    LCD_Display_Dir                          0x08000a57   Thumb Code   302  lcd.o(.text)
    LCD_Set_Window                           0x08000b85   Thumb Code   390  lcd.o(.text)
    LCD_Clear                                0x08000d0b   Thumb Code   102  lcd.o(.text)
    LCD_Init                                 0x08000d71   Thumb Code 11818  lcd.o(.text)
    LCD_Fill                                 0x08003b9b   Thumb Code   132  lcd.o(.text)
    LCD_Color_Fill                           0x08003c1f   Thumb Code    84  lcd.o(.text)
    LCD_DrawLine                             0x08003c73   Thumb Code   150  lcd.o(.text)
    LCD_DrawRectangle                        0x08003d09   Thumb Code    54  lcd.o(.text)
    LCD_Draw_Circle                          0x08003d3f   Thumb Code   176  lcd.o(.text)
    LCD_ShowChar                             0x08003def   Thumb Code   182  lcd.o(.text)
    LCD_Pow                                  0x08003ea5   Thumb Code    16  lcd.o(.text)
    LCD_ShowNum                              0x08003eb5   Thumb Code   116  lcd.o(.text)
    LCD_ShowxNum                             0x08003f29   Thumb Code   158  lcd.o(.text)
    LCD_ShowString                           0x08003fc7   Thumb Code    82  lcd.o(.text)
    led_init                                 0x08004019   Thumb Code    70  atk_led.o(.text)
    atk_key_exit_init                        0x08004069   Thumb Code   256  atk_key.o(.text)
    EXTI0_IRQHandler                         0x08004169   Thumb Code    36  atk_key.o(.text)
    EXTI2_IRQHandler                         0x0800418d   Thumb Code    34  atk_key.o(.text)
    EXTI3_IRQHandler                         0x080041af   Thumb Code    34  atk_key.o(.text)
    EXTI4_IRQHandler                         0x080041d1   Thumb Code    34  atk_key.o(.text)
    atk_key_registercb                       0x080041f3   Thumb Code    14  atk_key.o(.text)
    atk_key_event_poll                       0x08004201   Thumb Code   164  atk_key.o(.text)
    uart_event_registercb                    0x080042b1   Thumb Code    10  atk_nbiot_usart.o(.text)
    uart_event_set                           0x080042bb   Thumb Code     8  atk_nbiot_usart.o(.text)
    uart_event_get                           0x080042c3   Thumb Code     6  atk_nbiot_usart.o(.text)
    uart_event_clr                           0x080042c9   Thumb Code     8  atk_nbiot_usart.o(.text)
    uart_ring_buf_read                       0x080042d1   Thumb Code     6  atk_nbiot_usart.o(.text)
    uart_ring_buf_avail_len                  0x080042d7   Thumb Code     6  atk_nbiot_usart.o(.text)
    uart_ring_buf_write                      0x080042dd   Thumb Code     6  atk_nbiot_usart.o(.text)
    atk_nbiot_uart_init                      0x0800435d   Thumb Code   270  atk_nbiot_usart.o(.text)
    __uart_ilde_is_enable                    0x08004487   Thumb Code     8  atk_nbiot_usart.o(.text)
    USART3_IRQHandler                        0x0800448f   Thumb Code   190  atk_nbiot_usart.o(.text)
    uart_data_tx_poll                        0x0800454d   Thumb Code    86  atk_nbiot_usart.o(.text)
    uart_event_poll                          0x080045a3   Thumb Code     8  atk_nbiot_usart.o(.text)
    atk_tim3_int_init                        0x080045d5   Thumb Code    92  atk_timer.o(.text)
    TIM3_IRQHandler                          0x08004631   Thumb Code    62  atk_timer.o(.text)
    _sys_exit                                0x08004679   Thumb Code     2  atk_usart.o(.text)
    fputc                                    0x0800467b   Thumb Code    18  atk_usart.o(.text)
    uart_init                                0x0800468d   Thumb Code   152  atk_usart.o(.text)
    USART1_IRQHandler                        0x08004725   Thumb Code    88  atk_usart.o(.text)
    WFI_SET                                  0x0800478d   Thumb Code     4  atk_sys.o(.text)
    INTX_DISABLE                             0x08004791   Thumb Code     4  atk_sys.o(.text)
    INTX_ENABLE                              0x08004795   Thumb Code     4  atk_sys.o(.text)
    SysTick_Handler                          0x08004799   Thumb Code     4  atk_delay.o(.text)
    delay_init                               0x0800479d   Thumb Code    60  atk_delay.o(.text)
    delay_us                                 0x080047d9   Thumb Code    48  atk_delay.o(.text)
    delay_ms                                 0x08004809   Thumb Code    26  atk_delay.o(.text)
    Reset_Handler                            0x08004835   Thumb Code     8  startup_stm32f10x_hd.o(.text)
    ADC1_2_IRQHandler                        0x0800484f   Thumb Code     0  startup_stm32f10x_hd.o(.text)
    ADC3_IRQHandler                          0x0800484f   Thumb Code     0  startup_stm32f10x_hd.o(.text)
    CAN1_RX1_IRQHandler                      0x0800484f   Thumb Code     0  startup_stm32f10x_hd.o(.text)
    CAN1_SCE_IRQHandler                      0x0800484f   Thumb Code     0  startup_stm32f10x_hd.o(.text)
    DMA1_Channel1_IRQHandler                 0x0800484f   Thumb Code     0  startup_stm32f10x_hd.o(.text)
    DMA1_Channel2_IRQHandler                 0x0800484f   Thumb Code     0  startup_stm32f10x_hd.o(.text)
    DMA1_Channel3_IRQHandler                 0x0800484f   Thumb Code     0  startup_stm32f10x_hd.o(.text)
    DMA1_Channel4_IRQHandler                 0x0800484f   Thumb Code     0  startup_stm32f10x_hd.o(.text)
    DMA1_Channel5_IRQHandler                 0x0800484f   Thumb Code     0  startup_stm32f10x_hd.o(.text)
    DMA1_Channel6_IRQHandler                 0x0800484f   Thumb Code     0  startup_stm32f10x_hd.o(.text)
    DMA1_Channel7_IRQHandler                 0x0800484f   Thumb Code     0  startup_stm32f10x_hd.o(.text)
    DMA2_Channel1_IRQHandler                 0x0800484f   Thumb Code     0  startup_stm32f10x_hd.o(.text)
    DMA2_Channel2_IRQHandler                 0x0800484f   Thumb Code     0  startup_stm32f10x_hd.o(.text)
    DMA2_Channel3_IRQHandler                 0x0800484f   Thumb Code     0  startup_stm32f10x_hd.o(.text)
    DMA2_Channel4_5_IRQHandler               0x0800484f   Thumb Code     0  startup_stm32f10x_hd.o(.text)
    EXTI15_10_IRQHandler                     0x0800484f   Thumb Code     0  startup_stm32f10x_hd.o(.text)
    EXTI1_IRQHandler                         0x0800484f   Thumb Code     0  startup_stm32f10x_hd.o(.text)
    EXTI9_5_IRQHandler                       0x0800484f   Thumb Code     0  startup_stm32f10x_hd.o(.text)
    FLASH_IRQHandler                         0x0800484f   Thumb Code     0  startup_stm32f10x_hd.o(.text)
    FSMC_IRQHandler                          0x0800484f   Thumb Code     0  startup_stm32f10x_hd.o(.text)
    I2C1_ER_IRQHandler                       0x0800484f   Thumb Code     0  startup_stm32f10x_hd.o(.text)
    I2C1_EV_IRQHandler                       0x0800484f   Thumb Code     0  startup_stm32f10x_hd.o(.text)
    I2C2_ER_IRQHandler                       0x0800484f   Thumb Code     0  startup_stm32f10x_hd.o(.text)
    I2C2_EV_IRQHandler                       0x0800484f   Thumb Code     0  startup_stm32f10x_hd.o(.text)
    PVD_IRQHandler                           0x0800484f   Thumb Code     0  startup_stm32f10x_hd.o(.text)
    RCC_IRQHandler                           0x0800484f   Thumb Code     0  startup_stm32f10x_hd.o(.text)
    RTCAlarm_IRQHandler                      0x0800484f   Thumb Code     0  startup_stm32f10x_hd.o(.text)
    RTC_IRQHandler                           0x0800484f   Thumb Code     0  startup_stm32f10x_hd.o(.text)
    SDIO_IRQHandler                          0x0800484f   Thumb Code     0  startup_stm32f10x_hd.o(.text)
    SPI1_IRQHandler                          0x0800484f   Thumb Code     0  startup_stm32f10x_hd.o(.text)
    SPI2_IRQHandler                          0x0800484f   Thumb Code     0  startup_stm32f10x_hd.o(.text)
    SPI3_IRQHandler                          0x0800484f   Thumb Code     0  startup_stm32f10x_hd.o(.text)
    TAMPER_IRQHandler                        0x0800484f   Thumb Code     0  startup_stm32f10x_hd.o(.text)
    TIM1_BRK_IRQHandler                      0x0800484f   Thumb Code     0  startup_stm32f10x_hd.o(.text)
    TIM1_CC_IRQHandler                       0x0800484f   Thumb Code     0  startup_stm32f10x_hd.o(.text)
    TIM1_TRG_COM_IRQHandler                  0x0800484f   Thumb Code     0  startup_stm32f10x_hd.o(.text)
    TIM1_UP_IRQHandler                       0x0800484f   Thumb Code     0  startup_stm32f10x_hd.o(.text)
    TIM2_IRQHandler                          0x0800484f   Thumb Code     0  startup_stm32f10x_hd.o(.text)
    TIM4_IRQHandler                          0x0800484f   Thumb Code     0  startup_stm32f10x_hd.o(.text)
    TIM5_IRQHandler                          0x0800484f   Thumb Code     0  startup_stm32f10x_hd.o(.text)
    TIM6_IRQHandler                          0x0800484f   Thumb Code     0  startup_stm32f10x_hd.o(.text)
    TIM7_IRQHandler                          0x0800484f   Thumb Code     0  startup_stm32f10x_hd.o(.text)
    TIM8_BRK_IRQHandler                      0x0800484f   Thumb Code     0  startup_stm32f10x_hd.o(.text)
    TIM8_CC_IRQHandler                       0x0800484f   Thumb Code     0  startup_stm32f10x_hd.o(.text)
    TIM8_TRG_COM_IRQHandler                  0x0800484f   Thumb Code     0  startup_stm32f10x_hd.o(.text)
    TIM8_UP_IRQHandler                       0x0800484f   Thumb Code     0  startup_stm32f10x_hd.o(.text)
    UART4_IRQHandler                         0x0800484f   Thumb Code     0  startup_stm32f10x_hd.o(.text)
    UART5_IRQHandler                         0x0800484f   Thumb Code     0  startup_stm32f10x_hd.o(.text)
    USART2_IRQHandler                        0x0800484f   Thumb Code     0  startup_stm32f10x_hd.o(.text)
    USBWakeUp_IRQHandler                     0x0800484f   Thumb Code     0  startup_stm32f10x_hd.o(.text)
    USB_HP_CAN1_TX_IRQHandler                0x0800484f   Thumb Code     0  startup_stm32f10x_hd.o(.text)
    USB_LP_CAN1_RX0_IRQHandler               0x0800484f   Thumb Code     0  startup_stm32f10x_hd.o(.text)
    WWDG_IRQHandler                          0x0800484f   Thumb Code     0  startup_stm32f10x_hd.o(.text)
    __user_initial_stackheap                 0x08004851   Thumb Code     0  startup_stm32f10x_hd.o(.text)
    NVIC_PriorityGroupConfig                 0x08004875   Thumb Code    10  misc.o(.text)
    NVIC_Init                                0x0800487f   Thumb Code    94  misc.o(.text)
    NVIC_SetVectorTable                      0x080048dd   Thumb Code    14  misc.o(.text)
    NVIC_SystemLPConfig                      0x080048eb   Thumb Code    20  misc.o(.text)
    SysTick_CLKSourceConfig                  0x080048ff   Thumb Code    24  misc.o(.text)
    FSMC_NORSRAMDeInit                       0x08004925   Thumb Code    38  stm32f10x_fsmc.o(.text)
    FSMC_NANDDeInit                          0x0800494b   Thumb Code    40  stm32f10x_fsmc.o(.text)
    FSMC_PCCARDDeInit                        0x08004973   Thumb Code    26  stm32f10x_fsmc.o(.text)
    FSMC_NORSRAMInit                         0x0800498d   Thumb Code   200  stm32f10x_fsmc.o(.text)
    FSMC_NANDInit                            0x08004a55   Thumb Code   104  stm32f10x_fsmc.o(.text)
    FSMC_PCCARDInit                          0x08004abd   Thumb Code   102  stm32f10x_fsmc.o(.text)
    FSMC_NORSRAMStructInit                   0x08004b23   Thumb Code    98  stm32f10x_fsmc.o(.text)
    FSMC_NANDStructInit                      0x08004b85   Thumb Code    54  stm32f10x_fsmc.o(.text)
    FSMC_PCCARDStructInit                    0x08004bbb   Thumb Code    60  stm32f10x_fsmc.o(.text)
    FSMC_NORSRAMCmd                          0x08004bf7   Thumb Code    26  stm32f10x_fsmc.o(.text)
    FSMC_NANDCmd                             0x08004c11   Thumb Code    54  stm32f10x_fsmc.o(.text)
    FSMC_PCCARDCmd                           0x08004c47   Thumb Code    28  stm32f10x_fsmc.o(.text)
    FSMC_NANDECCCmd                          0x08004c63   Thumb Code    54  stm32f10x_fsmc.o(.text)
    FSMC_GetECC                              0x08004c99   Thumb Code    18  stm32f10x_fsmc.o(.text)
    FSMC_ITConfig                            0x08004cab   Thumb Code    72  stm32f10x_fsmc.o(.text)
    FSMC_GetFlagStatus                       0x08004cf3   Thumb Code    40  stm32f10x_fsmc.o(.text)
    FSMC_ClearFlag                           0x08004d1b   Thumb Code    38  stm32f10x_fsmc.o(.text)
    FSMC_GetITStatus                         0x08004d41   Thumb Code    48  stm32f10x_fsmc.o(.text)
    FSMC_ClearITPendingBit                   0x08004d71   Thumb Code    42  stm32f10x_fsmc.o(.text)
    GPIO_DeInit                              0x08004da1   Thumb Code   152  stm32f10x_gpio.o(.text)
    GPIO_AFIODeInit                          0x08004e39   Thumb Code    22  stm32f10x_gpio.o(.text)
    GPIO_Init                                0x08004e4f   Thumb Code   156  stm32f10x_gpio.o(.text)
    GPIO_StructInit                          0x08004eeb   Thumb Code    16  stm32f10x_gpio.o(.text)
    GPIO_ReadInputDataBit                    0x08004efb   Thumb Code    14  stm32f10x_gpio.o(.text)
    GPIO_ReadInputData                       0x08004f09   Thumb Code     6  stm32f10x_gpio.o(.text)
    GPIO_ReadOutputDataBit                   0x08004f0f   Thumb Code    14  stm32f10x_gpio.o(.text)
    GPIO_ReadOutputData                      0x08004f1d   Thumb Code     6  stm32f10x_gpio.o(.text)
    GPIO_SetBits                             0x08004f23   Thumb Code     4  stm32f10x_gpio.o(.text)
    GPIO_ResetBits                           0x08004f27   Thumb Code     4  stm32f10x_gpio.o(.text)
    GPIO_WriteBit                            0x08004f2b   Thumb Code    10  stm32f10x_gpio.o(.text)
    GPIO_Write                               0x08004f35   Thumb Code     4  stm32f10x_gpio.o(.text)
    GPIO_PinLockConfig                       0x08004f39   Thumb Code    16  stm32f10x_gpio.o(.text)
    GPIO_EventOutputConfig                   0x08004f49   Thumb Code    22  stm32f10x_gpio.o(.text)
    GPIO_EventOutputCmd                      0x08004f5f   Thumb Code     6  stm32f10x_gpio.o(.text)
    GPIO_PinRemapConfig                      0x08004f65   Thumb Code    82  stm32f10x_gpio.o(.text)
    GPIO_EXTILineConfig                      0x08004fb7   Thumb Code    34  stm32f10x_gpio.o(.text)
    GPIO_ETH_MediaInterfaceConfig            0x08004fd9   Thumb Code     8  stm32f10x_gpio.o(.text)
    RCC_DeInit                               0x08005005   Thumb Code    50  stm32f10x_rcc.o(.text)
    RCC_HSEConfig                            0x08005037   Thumb Code    48  stm32f10x_rcc.o(.text)
    RCC_GetFlagStatus                        0x08005067   Thumb Code    42  stm32f10x_rcc.o(.text)
    RCC_WaitForHSEStartUp                    0x08005091   Thumb Code    44  stm32f10x_rcc.o(.text)
    RCC_AdjustHSICalibrationValue            0x080050bd   Thumb Code    16  stm32f10x_rcc.o(.text)
    RCC_HSICmd                               0x080050cd   Thumb Code     6  stm32f10x_rcc.o(.text)
    RCC_PLLConfig                            0x080050d3   Thumb Code    16  stm32f10x_rcc.o(.text)
    RCC_PLLCmd                               0x080050e3   Thumb Code     6  stm32f10x_rcc.o(.text)
    RCC_SYSCLKConfig                         0x080050e9   Thumb Code    14  stm32f10x_rcc.o(.text)
    RCC_GetSYSCLKSource                      0x080050f7   Thumb Code    10  stm32f10x_rcc.o(.text)
    RCC_HCLKConfig                           0x08005101   Thumb Code    14  stm32f10x_rcc.o(.text)
    RCC_PCLK1Config                          0x0800510f   Thumb Code    14  stm32f10x_rcc.o(.text)
    RCC_PCLK2Config                          0x0800511d   Thumb Code    16  stm32f10x_rcc.o(.text)
    RCC_ITConfig                             0x0800512d   Thumb Code    18  stm32f10x_rcc.o(.text)
    RCC_USBCLKConfig                         0x0800513f   Thumb Code     8  stm32f10x_rcc.o(.text)
    RCC_ADCCLKConfig                         0x08005147   Thumb Code    14  stm32f10x_rcc.o(.text)
    RCC_LSEConfig                            0x08005155   Thumb Code    28  stm32f10x_rcc.o(.text)
    RCC_LSICmd                               0x08005171   Thumb Code     6  stm32f10x_rcc.o(.text)
    RCC_RTCCLKConfig                         0x08005177   Thumb Code    10  stm32f10x_rcc.o(.text)
    RCC_RTCCLKCmd                            0x08005181   Thumb Code     8  stm32f10x_rcc.o(.text)
    RCC_GetClocksFreq                        0x08005189   Thumb Code   132  stm32f10x_rcc.o(.text)
    RCC_AHBPeriphClockCmd                    0x0800520d   Thumb Code    18  stm32f10x_rcc.o(.text)
    RCC_APB2PeriphClockCmd                   0x0800521f   Thumb Code    18  stm32f10x_rcc.o(.text)
    RCC_APB1PeriphClockCmd                   0x08005231   Thumb Code    18  stm32f10x_rcc.o(.text)
    RCC_APB2PeriphResetCmd                   0x08005243   Thumb Code    18  stm32f10x_rcc.o(.text)
    RCC_APB1PeriphResetCmd                   0x08005255   Thumb Code    18  stm32f10x_rcc.o(.text)
    RCC_BackupResetCmd                       0x08005267   Thumb Code     8  stm32f10x_rcc.o(.text)
    RCC_ClockSecuritySystemCmd               0x0800526f   Thumb Code     6  stm32f10x_rcc.o(.text)
    RCC_MCOConfig                            0x08005275   Thumb Code     6  stm32f10x_rcc.o(.text)
    RCC_ClearFlag                            0x0800527b   Thumb Code    12  stm32f10x_rcc.o(.text)
    RCC_GetITStatus                          0x08005287   Thumb Code    16  stm32f10x_rcc.o(.text)
    RCC_ClearITPendingBit                    0x08005297   Thumb Code     6  stm32f10x_rcc.o(.text)
    USART_DeInit                             0x080052bd   Thumb Code    96  stm32f10x_usart.o(.text)
    USART_Init                               0x0800531d   Thumb Code   166  stm32f10x_usart.o(.text)
    USART_StructInit                         0x080053c3   Thumb Code    22  stm32f10x_usart.o(.text)
    USART_ClockInit                          0x080053d9   Thumb Code    30  stm32f10x_usart.o(.text)
    USART_ClockStructInit                    0x080053f7   Thumb Code    12  stm32f10x_usart.o(.text)
    USART_Cmd                                0x08005403   Thumb Code    20  stm32f10x_usart.o(.text)
    USART_ITConfig                           0x08005417   Thumb Code    48  stm32f10x_usart.o(.text)
    USART_DMACmd                             0x08005447   Thumb Code    16  stm32f10x_usart.o(.text)
    USART_SetAddress                         0x08005457   Thumb Code    16  stm32f10x_usart.o(.text)
    USART_WakeUpConfig                       0x08005467   Thumb Code    16  stm32f10x_usart.o(.text)
    USART_ReceiverWakeUpCmd                  0x08005477   Thumb Code    20  stm32f10x_usart.o(.text)
    USART_LINBreakDetectLengthConfig         0x0800548b   Thumb Code    16  stm32f10x_usart.o(.text)
    USART_LINCmd                             0x0800549b   Thumb Code    20  stm32f10x_usart.o(.text)
    USART_SendData                           0x080054af   Thumb Code     8  stm32f10x_usart.o(.text)
    USART_ReceiveData                        0x080054b7   Thumb Code     8  stm32f10x_usart.o(.text)
    USART_SendBreak                          0x080054bf   Thumb Code    10  stm32f10x_usart.o(.text)
    USART_SetGuardTime                       0x080054c9   Thumb Code    16  stm32f10x_usart.o(.text)
    USART_SetPrescaler                       0x080054d9   Thumb Code    16  stm32f10x_usart.o(.text)
    USART_SmartCardCmd                       0x080054e9   Thumb Code    20  stm32f10x_usart.o(.text)
    USART_SmartCardNACKCmd                   0x080054fd   Thumb Code    20  stm32f10x_usart.o(.text)
    USART_HalfDuplexCmd                      0x08005511   Thumb Code    20  stm32f10x_usart.o(.text)
    USART_OverSampling8Cmd                   0x08005525   Thumb Code    20  stm32f10x_usart.o(.text)
    USART_OneBitMethodCmd                    0x08005539   Thumb Code    20  stm32f10x_usart.o(.text)
    USART_IrDAConfig                         0x0800554d   Thumb Code    16  stm32f10x_usart.o(.text)
    USART_IrDACmd                            0x0800555d   Thumb Code    20  stm32f10x_usart.o(.text)
    USART_GetFlagStatus                      0x08005571   Thumb Code    14  stm32f10x_usart.o(.text)
    USART_ClearFlag                          0x0800557f   Thumb Code     6  stm32f10x_usart.o(.text)
    USART_GetITStatus                        0x08005585   Thumb Code    62  stm32f10x_usart.o(.text)
    USART_ClearITPendingBit                  0x080055c3   Thumb Code    12  stm32f10x_usart.o(.text)
    EXTI_DeInit                              0x080055e5   Thumb Code    28  stm32f10x_exti.o(.text)
    EXTI_Init                                0x08005601   Thumb Code   108  stm32f10x_exti.o(.text)
    EXTI_StructInit                          0x0800566d   Thumb Code    14  stm32f10x_exti.o(.text)
    EXTI_GenerateSWInterrupt                 0x0800567b   Thumb Code    12  stm32f10x_exti.o(.text)
    EXTI_GetFlagStatus                       0x08005687   Thumb Code    18  stm32f10x_exti.o(.text)
    EXTI_ClearFlag                           0x08005699   Thumb Code     8  stm32f10x_exti.o(.text)
    EXTI_GetITStatus                         0x080056a1   Thumb Code    28  stm32f10x_exti.o(.text)
    EXTI_ClearITPendingBit                   0x080056bd   Thumb Code     8  stm32f10x_exti.o(.text)
    TIM_DeInit                               0x080056cd   Thumb Code   304  stm32f10x_tim.o(.text)
    TIM_TimeBaseInit                         0x080057fd   Thumb Code   114  stm32f10x_tim.o(.text)
    TIM_OC1Init                              0x0800586f   Thumb Code   106  stm32f10x_tim.o(.text)
    TIM_OC2Init                              0x080058d9   Thumb Code   120  stm32f10x_tim.o(.text)
    TIM_OC3Init                              0x08005951   Thumb Code   116  stm32f10x_tim.o(.text)
    TIM_OC4Init                              0x080059c5   Thumb Code    90  stm32f10x_tim.o(.text)
    TIM_SetIC4Prescaler                      0x08005a1f   Thumb Code    24  stm32f10x_tim.o(.text)
    TIM_SetIC3Prescaler                      0x08005a37   Thumb Code    16  stm32f10x_tim.o(.text)
    TIM_SetIC2Prescaler                      0x08005a47   Thumb Code    24  stm32f10x_tim.o(.text)
    TIM_SetIC1Prescaler                      0x08005b05   Thumb Code    16  stm32f10x_tim.o(.text)
    TIM_ICInit                               0x08005b6d   Thumb Code   270  stm32f10x_tim.o(.text)
    TIM_PWMIConfig                           0x08005c7b   Thumb Code   104  stm32f10x_tim.o(.text)
    TIM_BDTRConfig                           0x08005ce3   Thumb Code    34  stm32f10x_tim.o(.text)
    TIM_TimeBaseStructInit                   0x08005d05   Thumb Code    18  stm32f10x_tim.o(.text)
    TIM_OCStructInit                         0x08005d17   Thumb Code    20  stm32f10x_tim.o(.text)
    TIM_ICStructInit                         0x08005d2b   Thumb Code    16  stm32f10x_tim.o(.text)
    TIM_BDTRStructInit                       0x08005d3b   Thumb Code    18  stm32f10x_tim.o(.text)
    TIM_Cmd                                  0x08005d4d   Thumb Code    20  stm32f10x_tim.o(.text)
    TIM_CtrlPWMOutputs                       0x08005d61   Thumb Code    22  stm32f10x_tim.o(.text)
    TIM_ITConfig                             0x08005d77   Thumb Code    16  stm32f10x_tim.o(.text)
    TIM_GenerateEvent                        0x08005d87   Thumb Code     4  stm32f10x_tim.o(.text)
    TIM_DMAConfig                            0x08005d8b   Thumb Code     8  stm32f10x_tim.o(.text)
    TIM_DMACmd                               0x08005d93   Thumb Code    16  stm32f10x_tim.o(.text)
    TIM_InternalClockConfig                  0x08005da3   Thumb Code    10  stm32f10x_tim.o(.text)
    TIM_SelectInputTrigger                   0x08005dad   Thumb Code    12  stm32f10x_tim.o(.text)
    TIM_ITRxExternalClockConfig              0x08005db9   Thumb Code    18  stm32f10x_tim.o(.text)
    TIM_TIxExternalClockConfig               0x08005dcb   Thumb Code    46  stm32f10x_tim.o(.text)
    TIM_ETRConfig                            0x08005df9   Thumb Code    24  stm32f10x_tim.o(.text)
    TIM_ETRClockMode1Config                  0x08005e11   Thumb Code    18  stm32f10x_tim.o(.text)
    TIM_ETRClockMode2Config                  0x08005e23   Thumb Code    18  stm32f10x_tim.o(.text)
    TIM_PrescalerConfig                      0x08005e35   Thumb Code     6  stm32f10x_tim.o(.text)
    TIM_CounterModeConfig                    0x08005e3b   Thumb Code    12  stm32f10x_tim.o(.text)
    TIM_EncoderInterfaceConfig               0x08005e47   Thumb Code    50  stm32f10x_tim.o(.text)
    TIM_ForcedOC1Config                      0x08005e79   Thumb Code    12  stm32f10x_tim.o(.text)
    TIM_ForcedOC2Config                      0x08005e85   Thumb Code    20  stm32f10x_tim.o(.text)
    TIM_ForcedOC3Config                      0x08005e99   Thumb Code    12  stm32f10x_tim.o(.text)
    TIM_ForcedOC4Config                      0x08005ea5   Thumb Code    20  stm32f10x_tim.o(.text)
    TIM_ARRPreloadConfig                     0x08005eb9   Thumb Code    20  stm32f10x_tim.o(.text)
    TIM_SelectCOM                            0x08005ecd   Thumb Code    20  stm32f10x_tim.o(.text)
    TIM_SelectCCDMA                          0x08005ee1   Thumb Code    20  stm32f10x_tim.o(.text)
    TIM_CCPreloadControl                     0x08005ef5   Thumb Code    20  stm32f10x_tim.o(.text)
    TIM_OC1PreloadConfig                     0x08005f09   Thumb Code    32  stm32f10x_tim.o(.text)
    TIM_OC2PreloadConfig                     0x08005f29   Thumb Code    20  stm32f10x_tim.o(.text)
    TIM_OC3PreloadConfig                     0x08005f3d   Thumb Code    12  stm32f10x_tim.o(.text)
    TIM_OC4PreloadConfig                     0x08005f49   Thumb Code    20  stm32f10x_tim.o(.text)
    TIM_OC1FastConfig                        0x08005f5d   Thumb Code    12  stm32f10x_tim.o(.text)
    TIM_OC2FastConfig                        0x08005f69   Thumb Code    20  stm32f10x_tim.o(.text)
    TIM_OC3FastConfig                        0x08005f7d   Thumb Code    12  stm32f10x_tim.o(.text)
    TIM_OC4FastConfig                        0x08005f89   Thumb Code    20  stm32f10x_tim.o(.text)
    TIM_ClearOC1Ref                          0x08005f9d   Thumb Code    12  stm32f10x_tim.o(.text)
    TIM_ClearOC2Ref                          0x08005fa9   Thumb Code    20  stm32f10x_tim.o(.text)
    TIM_ClearOC3Ref                          0x08005fbd   Thumb Code    12  stm32f10x_tim.o(.text)
    TIM_ClearOC4Ref                          0x08005fc9   Thumb Code    20  stm32f10x_tim.o(.text)
    TIM_OC1PolarityConfig                    0x08005fdd   Thumb Code    12  stm32f10x_tim.o(.text)
    TIM_OC1NPolarityConfig                   0x08005fe9   Thumb Code    12  stm32f10x_tim.o(.text)
    TIM_OC2PolarityConfig                    0x08005ff5   Thumb Code    20  stm32f10x_tim.o(.text)
    TIM_OC2NPolarityConfig                   0x08006009   Thumb Code    20  stm32f10x_tim.o(.text)
    TIM_OC3PolarityConfig                    0x0800601d   Thumb Code    20  stm32f10x_tim.o(.text)
    TIM_OC3NPolarityConfig                   0x08006031   Thumb Code    20  stm32f10x_tim.o(.text)
    TIM_OC4PolarityConfig                    0x08006045   Thumb Code    20  stm32f10x_tim.o(.text)
    TIM_CCxCmd                               0x08006059   Thumb Code    22  stm32f10x_tim.o(.text)
    TIM_CCxNCmd                              0x0800606f   Thumb Code    22  stm32f10x_tim.o(.text)
    TIM_SelectOCxM                           0x08006085   Thumb Code    70  stm32f10x_tim.o(.text)
    TIM_UpdateDisableConfig                  0x080060cb   Thumb Code    20  stm32f10x_tim.o(.text)
    TIM_UpdateRequestConfig                  0x080060df   Thumb Code    20  stm32f10x_tim.o(.text)
    TIM_SelectHallSensor                     0x080060f3   Thumb Code    20  stm32f10x_tim.o(.text)
    TIM_SelectOnePulseMode                   0x08006107   Thumb Code    16  stm32f10x_tim.o(.text)
    TIM_SelectOutputTrigger                  0x08006117   Thumb Code    16  stm32f10x_tim.o(.text)
    TIM_SelectSlaveMode                      0x08006127   Thumb Code    16  stm32f10x_tim.o(.text)
    TIM_SelectMasterSlaveMode                0x08006137   Thumb Code    16  stm32f10x_tim.o(.text)
    TIM_SetCounter                           0x08006147   Thumb Code     4  stm32f10x_tim.o(.text)
    TIM_SetAutoreload                        0x0800614b   Thumb Code     4  stm32f10x_tim.o(.text)
    TIM_SetCompare1                          0x0800614f   Thumb Code     4  stm32f10x_tim.o(.text)
    TIM_SetCompare2                          0x08006153   Thumb Code     4  stm32f10x_tim.o(.text)
    TIM_SetCompare3                          0x08006157   Thumb Code     4  stm32f10x_tim.o(.text)
    TIM_SetCompare4                          0x0800615b   Thumb Code     6  stm32f10x_tim.o(.text)
    TIM_SetClockDivision                     0x08006161   Thumb Code    16  stm32f10x_tim.o(.text)
    TIM_GetCapture1                          0x08006171   Thumb Code     4  stm32f10x_tim.o(.text)
    TIM_GetCapture2                          0x08006175   Thumb Code     4  stm32f10x_tim.o(.text)
    TIM_GetCapture3                          0x08006179   Thumb Code     4  stm32f10x_tim.o(.text)
    TIM_GetCapture4                          0x0800617d   Thumb Code     6  stm32f10x_tim.o(.text)
    TIM_GetCounter                           0x08006183   Thumb Code     4  stm32f10x_tim.o(.text)
    TIM_GetPrescaler                         0x08006187   Thumb Code     4  stm32f10x_tim.o(.text)
    TIM_GetFlagStatus                        0x0800618b   Thumb Code    14  stm32f10x_tim.o(.text)
    TIM_ClearFlag                            0x08006199   Thumb Code     6  stm32f10x_tim.o(.text)
    TIM_GetITStatus                          0x0800619f   Thumb Code    24  stm32f10x_tim.o(.text)
    TIM_ClearITPendingBit                    0x080061b7   Thumb Code     6  stm32f10x_tim.o(.text)
    nbiot_event_set                          0x080061bd   Thumb Code     8  atk_bc28.o(.text)
    nbiot_event_get                          0x080061c5   Thumb Code     6  atk_bc28.o(.text)
    nbiot_event_clr                          0x080061cb   Thumb Code     8  atk_bc28.o(.text)
    nbiot_at_cmd_send                        0x08006787   Thumb Code    42  atk_bc28.o(.text)
    nbiot_at_cmd_param_init                  0x080067b1   Thumb Code    30  atk_bc28.o(.text)
    nbiot_event_poll                         0x08006b35   Thumb Code   638  atk_bc28.o(.text)
    nbiot_dev_init                           0x08006dc7   Thumb Code    58  atk_bc28.o(.text)
    nbiot_event_registercb                   0x08006e01   Thumb Code    10  atk_bc28.o(.text)
    nbiot_reg_init                           0x08006f69   Thumb Code    56  atk_bc28_nbiot.o(.text)
    nbiot_reboot                             0x08006fa1   Thumb Code    58  atk_bc28_nbiot.o(.text)
    nbiot_nconfig                            0x08006fdb   Thumb Code    64  atk_bc28_nbiot.o(.text)
    nbiot_info_get                           0x0800701b   Thumb Code    58  atk_bc28_nbiot.o(.text)
    nbiot_signal_get                         0x08007055   Thumb Code    58  atk_bc28_nbiot.o(.text)
    nbiot_ncdp_update                        0x0800708f   Thumb Code   102  atk_bc28_nbiot.o(.text)
    nbiot_ncdp_close                         0x080070f5   Thumb Code    68  atk_bc28_nbiot.o(.text)
    nbiot_cscon_query                        0x08007139   Thumb Code    58  atk_bc28_nbiot.o(.text)
    nbiot_hex2chr                            0x08007173   Thumb Code    26  atk_bc28_nbiot.o(.text)
    nbiot_srcbuf2hexchrbuf                   0x0800718d   Thumb Code    56  atk_bc28_nbiot.o(.text)
    nbiot_ncdp_send_hexstr                   0x080071c5   Thumb Code   216  atk_bc28_nbiot.o(.text)
    nbiot_chr2hex                            0x0800729d   Thumb Code    42  atk_bc28_nbiot.o(.text)
    nbiot_buf2hex                            0x080072c7   Thumb Code    60  atk_bc28_nbiot.o(.text)
    nbiot_srcbuf2hexbuf                      0x08007303   Thumb Code    60  atk_bc28_nbiot.o(.text)
    atk_soft_timer_getick                    0x08007415   Thumb Code     6  atk_soft_timer.o(.text)
    atk_soft_timer_init                      0x0800741b   Thumb Code    14  atk_soft_timer.o(.text)
    atk_soft_timer_timeout_change            0x08007429   Thumb Code    54  atk_soft_timer.o(.text)
    atk_soft_timer_start                     0x0800745f   Thumb Code    52  atk_soft_timer.o(.text)
    atk_soft_timer_stop                      0x08007493   Thumb Code    38  atk_soft_timer.o(.text)
    atk_soft_timer_poll                      0x080074b9   Thumb Code    50  atk_soft_timer.o(.text)
    atk_soft_timer_ticks                     0x080074eb   Thumb Code    10  atk_soft_timer.o(.text)
    atk_ring_buf_init                        0x080074f9   Thumb Code    20  atk_ring_buf.o(.text)
    atk_ring_buf_write                       0x0800750d   Thumb Code    50  atk_ring_buf.o(.text)
    atk_ring_buf_avail_len                   0x0800753f   Thumb Code     4  atk_ring_buf.o(.text)
    atk_ring_buf_read                        0x08007543   Thumb Code    40  atk_ring_buf.o(.text)
    atk_ring_buf_size_read                   0x0800756b   Thumb Code    38  atk_ring_buf.o(.text)
    atk_ring_buf_size_write                  0x08007591   Thumb Code    46  atk_ring_buf.o(.text)
    demo_bc28_low_power_entry                0x08007ed5   Thumb Code   140  demo_bc28_low_power_entry.o(.text)
    __use_no_semihosting                     0x080080ed   Thumb Code     2  use_no_semi_2.o(.text)
    __2printf                                0x080080f1   Thumb Code    20  __2printf.o(.text)
    __2sprintf                               0x08008109   Thumb Code    38  __2sprintf.o(.text)
    __2snprintf                              0x08008135   Thumb Code    50  __2snprintf.o(.text)
    __printf                                 0x0800816d   Thumb Code   104  __printf.o(.text)
    _printf_str                              0x080081d5   Thumb Code    82  _printf_str.o(.text)
    _printf_int_dec                          0x08008229   Thumb Code   104  _printf_dec.o(.text)
    _printf_int_hex                          0x080082a1   Thumb Code    84  _printf_hex_int.o(.text)
    _printf_longlong_hex                     0x080082a1   Thumb Code     0  _printf_hex_int.o(.text)
    strtoul                                  0x080082f9   Thumb Code   114  strtoul.o(.text)
    strtok                                   0x0800836d   Thumb Code     6  strtok.o(.text)
    strchr                                   0x08008379   Thumb Code    20  strchr.o(.text)
    strstr                                   0x0800838d   Thumb Code    36  strstr.o(.text)
    strlen                                   0x080083b1   Thumb Code    62  strlen.o(.text)
    __aeabi_memcpy                           0x080083ef   Thumb Code     0  rt_memcpy_v6.o(.text)
    __rt_memcpy                              0x080083ef   Thumb Code   138  rt_memcpy_v6.o(.text)
    _memcpy_lastbytes                        0x08008455   Thumb Code     0  rt_memcpy_v6.o(.text)
    __aeabi_memclr                           0x08008479   Thumb Code     0  rt_memclr.o(.text)
    __rt_memclr                              0x08008479   Thumb Code    68  rt_memclr.o(.text)
    _memset                                  0x0800847d   Thumb Code     0  rt_memclr.o(.text)
    __aeabi_memclr4                          0x080084bd   Thumb Code     0  rt_memclr_w.o(.text)
    __aeabi_memclr8                          0x080084bd   Thumb Code     0  rt_memclr_w.o(.text)
    __rt_memclr_w                            0x080084bd   Thumb Code    78  rt_memclr_w.o(.text)
    _memset_w                                0x080084c1   Thumb Code     0  rt_memclr_w.o(.text)
    __use_two_region_memory                  0x0800850b   Thumb Code     2  heapauxi.o(.text)
    __rt_heap_escrow$2region                 0x0800850d   Thumb Code     2  heapauxi.o(.text)
    __rt_heap_expand$2region                 0x0800850f   Thumb Code     2  heapauxi.o(.text)
    __I$use$semihosting                      0x08008511   Thumb Code     0  use_no_semi.o(.text)
    __use_no_semihosting_swi                 0x08008511   Thumb Code     2  use_no_semi.o(.text)
    __rt_ctype_table                         0x08008515   Thumb Code    16  rt_ctype_table.o(.text)
    __aeabi_errno_addr                       0x08008525   Thumb Code     8  rt_errno_addr_intlibspace.o(.text)
    __errno$intlibspace                      0x08008525   Thumb Code     0  rt_errno_addr_intlibspace.o(.text)
    __rt_errno_addr$intlibspace              0x08008525   Thumb Code     0  rt_errno_addr_intlibspace.o(.text)
    _printf_int_common                       0x0800852d   Thumb Code   178  _printf_intcommon.o(.text)
    _printf_char_common                      0x080085eb   Thumb Code    32  _printf_char_common.o(.text)
    _sputc                                   0x08008611   Thumb Code    10  _sputc.o(.text)
    _snputc                                  0x0800861b   Thumb Code    16  _snputc.o(.text)
    _printf_cs_common                        0x0800862b   Thumb Code    20  _printf_char.o(.text)
    _printf_char                             0x0800863f   Thumb Code    16  _printf_char.o(.text)
    _printf_string                           0x0800864f   Thumb Code     8  _printf_char.o(.text)
    _printf_char_file                        0x08008659   Thumb Code    32  _printf_char_file.o(.text)
    _strtoul                                 0x0800867d   Thumb Code   158  _strtoul.o(.text)
    __strtok_internal                        0x0800871d   Thumb Code    64  strtok_int.o(.text)
    __aeabi_memcpy4                          0x08008761   Thumb Code     0  rt_memcpy_w.o(.text)
    __aeabi_memcpy8                          0x08008761   Thumb Code     0  rt_memcpy_w.o(.text)
    __rt_memcpy_w                            0x08008761   Thumb Code   100  rt_memcpy_w.o(.text)
    _memcpy_lastbytes_aligned                0x080087a9   Thumb Code     0  rt_memcpy_w.o(.text)
    __user_libspace                          0x080087c5   Thumb Code     8  libspace.o(.text)
    __user_perproc_libspace                  0x080087c5   Thumb Code     0  libspace.o(.text)
    __user_perthread_libspace                0x080087c5   Thumb Code     0  libspace.o(.text)
    __rt_locale                              0x080087cd   Thumb Code     8  rt_locale_intlibspace.o(.text)
    _chval                                   0x080087d5   Thumb Code    28  _chval.o(.text)
    ferror                                   0x080087f1   Thumb Code     8  ferror.o(.text)
    strcspn                                  0x080087f9   Thumb Code    32  strcspn.o(.text)
    strspn                                   0x08008819   Thumb Code    28  strspn.o(.text)
    __user_setup_stackheap                   0x08008835   Thumb Code    74  sys_stackheap_outer.o(.text)
    exit                                     0x0800887f   Thumb Code    18  exit.o(.text)
    strcmp                                   0x08008891   Thumb Code   128  strcmpv7m.o(.text)
    _get_lc_ctype                            0x08008911   Thumb Code    44  lc_ctype_c.o(locale$$code)
    __aeabi_d2uiz                            0x0800893d   Thumb Code     0  dfixu.o(x$fpl$dfixu)
    _dfixu                                   0x0800893d   Thumb Code    90  dfixu.o(x$fpl$dfixu)
    __aeabi_ui2d                             0x08008997   Thumb Code     0  dflt_clz.o(x$fpl$dfltu)
    _dfltu                                   0x08008997   Thumb Code    38  dflt_clz.o(x$fpl$dfltu)
    __aeabi_dmul                             0x080089bd   Thumb Code     0  dmul.o(x$fpl$dmul)
    _dmul                                    0x080089bd   Thumb Code   332  dmul.o(x$fpl$dmul)
    __fpl_dnaninf                            0x08008b11   Thumb Code   156  dnaninf.o(x$fpl$dnaninf)
    __fpl_dretinf                            0x08008bad   Thumb Code    12  dretinf.o(x$fpl$dretinf)
    __I$use$fp                               0x08008bb8   Number         0  usenofp.o(x$fpl$usenofp)
    asc2_1206                                0x08008bb8   Data        1140  lcd.o(.constdata)
    asc2_1608                                0x0800902c   Data        1520  lcd.o(.constdata)
    asc2_2412                                0x0800961c   Data        3420  lcd.o(.constdata)
    Region$$Table$$Base                      0x0800a3a0   Number         0  anon$$obj.o(Region$$Table)
    Region$$Table$$Limit                     0x0800a3c0   Number         0  anon$$obj.o(Region$$Table)
    __ctype                                  0x0800a3cd   Data           0  lc_ctype_c.o(locale$$data)
    SystemCoreClock                          0x20000000   Data           4  system_stm32f10x.o(.data)
    AHBPrescTable                            0x20000004   Data          16  system_stm32f10x.o(.data)
    POINT_COLOR                              0x20000014   Data           2  lcd.o(.data)
    BACK_COLOR                               0x20000016   Data           2  lcd.o(.data)
    USART_RX_STA                             0x20000018   Data           2  atk_usart.o(.data)
    __stdout                                 0x2000001c   Data           4  atk_usart.o(.data)
    lcddev                                   0x20000064   Data          14  lcd.o(.bss)
    USART_RX_BUF                             0x200002d0   Data         200  atk_usart.o(.bss)
    __libspace_start                         0x20000a74   Data          96  libspace.o(.bss)
    __temporary_stack_top$libspace           0x20000ad4   Data           0  libspace.o(.bss)



==============================================================================

Memory Map of the image

  Image Entry point : 0x08000131

  Load Region LR_IROM1 (Base: 0x08000000, Size: 0x0000a534, Max: 0x00080000, ABSOLUTE)

    Execution Region ER_IROM1 (Base: 0x08000000, Size: 0x0000a4d0, Max: 0x00080000, ABSOLUTE)

    Base Addr    Size         Type   Attr      Idx    E Section Name        Object

    0x08000000   0x00000130   Data   RO          434    RESET               startup_stm32f10x_hd.o
    0x08000130   0x00000008   Code   RO          845  * !!!main             c_w.l(__main.o)
    0x08000138   0x00000034   Code   RO         1069    !!!scatter          c_w.l(__scatter.o)
    0x0800016c   0x0000001a   Code   RO         1071    !!handler_copy      c_w.l(__scatter_copy.o)
    0x08000186   0x00000002   PAD
    0x08000188   0x0000001c   Code   RO         1073    !!handler_zi        c_w.l(__scatter_zi.o)
    0x080001a4   0x00000000   Code   RO          825    .ARM.Collect$$_printf_percent$$00000000  c_w.l(_printf_percent.o)
    0x080001a4   0x00000006   Code   RO          824    .ARM.Collect$$_printf_percent$$00000009  c_w.l(_printf_d.o)
    0x080001aa   0x00000006   Code   RO          823    .ARM.Collect$$_printf_percent$$0000000C  c_w.l(_printf_x.o)
    0x080001b0   0x00000006   Code   RO          822    .ARM.Collect$$_printf_percent$$00000014  c_w.l(_printf_s.o)
    0x080001b6   0x00000004   Code   RO          885    .ARM.Collect$$_printf_percent$$00000017  c_w.l(_printf_percent_end.o)
    0x080001ba   0x00000002   Code   RO          946    .ARM.Collect$$libinit$$00000000  c_w.l(libinit.o)
    0x080001bc   0x00000000   Code   RO          948    .ARM.Collect$$libinit$$00000002  c_w.l(libinit2.o)
    0x080001bc   0x00000000   Code   RO          950    .ARM.Collect$$libinit$$00000004  c_w.l(libinit2.o)
    0x080001bc   0x00000000   Code   RO          953    .ARM.Collect$$libinit$$0000000A  c_w.l(libinit2.o)
    0x080001bc   0x00000000   Code   RO          955    .ARM.Collect$$libinit$$0000000C  c_w.l(libinit2.o)
    0x080001bc   0x00000000   Code   RO          957    .ARM.Collect$$libinit$$0000000E  c_w.l(libinit2.o)
    0x080001bc   0x00000006   Code   RO          958    .ARM.Collect$$libinit$$0000000F  c_w.l(libinit2.o)
    0x080001c2   0x00000000   Code   RO          960    .ARM.Collect$$libinit$$00000011  c_w.l(libinit2.o)
    0x080001c2   0x0000000c   Code   RO          961    .ARM.Collect$$libinit$$00000012  c_w.l(libinit2.o)
    0x080001ce   0x00000000   Code   RO          962    .ARM.Collect$$libinit$$00000013  c_w.l(libinit2.o)
    0x080001ce   0x00000000   Code   RO          964    .ARM.Collect$$libinit$$00000015  c_w.l(libinit2.o)
    0x080001ce   0x00000000   Code   RO          966    .ARM.Collect$$libinit$$00000017  c_w.l(libinit2.o)
    0x080001ce   0x00000000   Code   RO          968    .ARM.Collect$$libinit$$00000019  c_w.l(libinit2.o)
    0x080001ce   0x00000000   Code   RO          970    .ARM.Collect$$libinit$$0000001B  c_w.l(libinit2.o)
    0x080001ce   0x00000000   Code   RO          972    .ARM.Collect$$libinit$$0000001D  c_w.l(libinit2.o)
    0x080001ce   0x00000000   Code   RO          974    .ARM.Collect$$libinit$$0000001F  c_w.l(libinit2.o)
    0x080001ce   0x00000000   Code   RO          976    .ARM.Collect$$libinit$$00000021  c_w.l(libinit2.o)
    0x080001ce   0x00000000   Code   RO          978    .ARM.Collect$$libinit$$00000023  c_w.l(libinit2.o)
    0x080001ce   0x00000000   Code   RO          980    .ARM.Collect$$libinit$$00000025  c_w.l(libinit2.o)
    0x080001ce   0x00000000   Code   RO          984    .ARM.Collect$$libinit$$0000002C  c_w.l(libinit2.o)
    0x080001ce   0x00000000   Code   RO          986    .ARM.Collect$$libinit$$0000002E  c_w.l(libinit2.o)
    0x080001ce   0x00000000   Code   RO          988    .ARM.Collect$$libinit$$00000030  c_w.l(libinit2.o)
    0x080001ce   0x00000000   Code   RO          990    .ARM.Collect$$libinit$$00000032  c_w.l(libinit2.o)
    0x080001ce   0x00000002   Code   RO          991    .ARM.Collect$$libinit$$00000033  c_w.l(libinit2.o)
    0x080001d0   0x00000002   Code   RO         1019    .ARM.Collect$$libshutdown$$00000000  c_w.l(libshutdown.o)
    0x080001d2   0x00000000   Code   RO         1028    .ARM.Collect$$libshutdown$$00000002  c_w.l(libshutdown2.o)
    0x080001d2   0x00000000   Code   RO         1030    .ARM.Collect$$libshutdown$$00000004  c_w.l(libshutdown2.o)
    0x080001d2   0x00000000   Code   RO         1033    .ARM.Collect$$libshutdown$$00000007  c_w.l(libshutdown2.o)
    0x080001d2   0x00000000   Code   RO         1036    .ARM.Collect$$libshutdown$$0000000A  c_w.l(libshutdown2.o)
    0x080001d2   0x00000000   Code   RO         1038    .ARM.Collect$$libshutdown$$0000000C  c_w.l(libshutdown2.o)
    0x080001d2   0x00000000   Code   RO         1041    .ARM.Collect$$libshutdown$$0000000F  c_w.l(libshutdown2.o)
    0x080001d2   0x00000002   Code   RO         1042    .ARM.Collect$$libshutdown$$00000010  c_w.l(libshutdown2.o)
    0x080001d4   0x00000000   Code   RO          865    .ARM.Collect$$rtentry$$00000000  c_w.l(__rtentry.o)
    0x080001d4   0x00000000   Code   RO          901    .ARM.Collect$$rtentry$$00000002  c_w.l(__rtentry2.o)
    0x080001d4   0x00000006   Code   RO          913    .ARM.Collect$$rtentry$$00000004  c_w.l(__rtentry4.o)
    0x080001da   0x00000000   Code   RO          903    .ARM.Collect$$rtentry$$00000009  c_w.l(__rtentry2.o)
    0x080001da   0x00000004   Code   RO          904    .ARM.Collect$$rtentry$$0000000A  c_w.l(__rtentry2.o)
    0x080001de   0x00000000   Code   RO          906    .ARM.Collect$$rtentry$$0000000C  c_w.l(__rtentry2.o)
    0x080001de   0x00000008   Code   RO          907    .ARM.Collect$$rtentry$$0000000D  c_w.l(__rtentry2.o)
    0x080001e6   0x00000002   Code   RO          992    .ARM.Collect$$rtexit$$00000000  c_w.l(rtexit.o)
    0x080001e8   0x00000000   Code   RO          999    .ARM.Collect$$rtexit$$00000002  c_w.l(rtexit2.o)
    0x080001e8   0x00000004   Code   RO         1000    .ARM.Collect$$rtexit$$00000003  c_w.l(rtexit2.o)
    0x080001ec   0x00000006   Code   RO         1001    .ARM.Collect$$rtexit$$00000004  c_w.l(rtexit2.o)
    0x080001f2   0x00000002   PAD
    0x080001f4   0x000000cc   Code   RO            1    .text               main.o
    0x080002c0   0x00000010   Code   RO          158    .text               stm32f10x_it.o
    0x080002d0   0x00000158   Code   RO          199    .text               system_stm32f10x.o
    0x08000428   0x00003bf0   Code   RO          230    .text               lcd.o
    0x08004018   0x00000050   Code   RO          254    .text               atk_led.o
    0x08004068   0x00000248   Code   RO          266    .text               atk_key.o
    0x080042b0   0x00000324   Code   RO          283    .text               atk_nbiot_usart.o
    0x080045d4   0x000000a4   Code   RO          304    .text               atk_timer.o
    0x08004678   0x00000114   Code   RO          363    .text               atk_usart.o
    0x0800478c   0x0000000c   Code   RO          388    .text               atk_sys.o
    0x08004798   0x0000009c   Code   RO          404    .text               atk_delay.o
    0x08004834   0x00000040   Code   RO          435    .text               startup_stm32f10x_hd.o
    0x08004874   0x000000b0   Code   RO          439    .text               misc.o
    0x08004924   0x0000047c   Code   RO          451    .text               stm32f10x_fsmc.o
    0x08004da0   0x00000264   Code   RO          463    .text               stm32f10x_gpio.o
    0x08005004   0x000002b8   Code   RO          475    .text               stm32f10x_rcc.o
    0x080052bc   0x00000328   Code   RO          489    .text               stm32f10x_usart.o
    0x080055e4   0x000000e8   Code   RO          501    .text               stm32f10x_exti.o
    0x080056cc   0x00000af0   Code   RO          513    .text               stm32f10x_tim.o
    0x080061bc   0x00000dac   Code   RO          526    .text               atk_bc28.o
    0x08006f68   0x000004ac   Code   RO          548    .text               atk_bc28_nbiot.o
    0x08007414   0x000000e4   Code   RO          563    .text               atk_soft_timer.o
    0x080074f8   0x000000e0   Code   RO          578    .text               atk_ring_buf.o
    0x080075d8   0x00000b14   Code   RO          633    .text               demo_bc28_low_power_entry.o
    0x080080ec   0x00000002   Code   RO          761    .text               c_w.l(use_no_semi_2.o)
    0x080080ee   0x00000002   PAD
    0x080080f0   0x00000018   Code   RO          763    .text               c_w.l(__2printf.o)
    0x08008108   0x0000002c   Code   RO          765    .text               c_w.l(__2sprintf.o)
    0x08008134   0x00000038   Code   RO          767    .text               c_w.l(__2snprintf.o)
    0x0800816c   0x00000068   Code   RO          775    .text               c_w.l(__printf.o)
    0x080081d4   0x00000052   Code   RO          777    .text               c_w.l(_printf_str.o)
    0x08008226   0x00000002   PAD
    0x08008228   0x00000078   Code   RO          779    .text               c_w.l(_printf_dec.o)
    0x080082a0   0x00000058   Code   RO          784    .text               c_w.l(_printf_hex_int.o)
    0x080082f8   0x00000072   Code   RO          826    .text               c_w.l(strtoul.o)
    0x0800836a   0x00000002   PAD
    0x0800836c   0x0000000c   Code   RO          828    .text               c_w.l(strtok.o)
    0x08008378   0x00000014   Code   RO          831    .text               c_w.l(strchr.o)
    0x0800838c   0x00000024   Code   RO          833    .text               c_w.l(strstr.o)
    0x080083b0   0x0000003e   Code   RO          835    .text               c_w.l(strlen.o)
    0x080083ee   0x0000008a   Code   RO          837    .text               c_w.l(rt_memcpy_v6.o)
    0x08008478   0x00000044   Code   RO          839    .text               c_w.l(rt_memclr.o)
    0x080084bc   0x0000004e   Code   RO          841    .text               c_w.l(rt_memclr_w.o)
    0x0800850a   0x00000006   Code   RO          843    .text               c_w.l(heapauxi.o)
    0x08008510   0x00000002   Code   RO          863    .text               c_w.l(use_no_semi.o)
    0x08008512   0x00000002   PAD
    0x08008514   0x00000010   Code   RO          866    .text               c_w.l(rt_ctype_table.o)
    0x08008524   0x00000008   Code   RO          871    .text               c_w.l(rt_errno_addr_intlibspace.o)
    0x0800852c   0x000000b2   Code   RO          873    .text               c_w.l(_printf_intcommon.o)
    0x080085de   0x00000002   PAD
    0x080085e0   0x00000030   Code   RO          875    .text               c_w.l(_printf_char_common.o)
    0x08008610   0x0000000a   Code   RO          877    .text               c_w.l(_sputc.o)
    0x0800861a   0x00000010   Code   RO          879    .text               c_w.l(_snputc.o)
    0x0800862a   0x0000002c   Code   RO          881    .text               c_w.l(_printf_char.o)
    0x08008656   0x00000002   PAD
    0x08008658   0x00000024   Code   RO          883    .text               c_w.l(_printf_char_file.o)
    0x0800867c   0x0000009e   Code   RO          886    .text               c_w.l(_strtoul.o)
    0x0800871a   0x00000002   PAD
    0x0800871c   0x00000044   Code   RO          888    .text               c_w.l(strtok_int.o)
    0x08008760   0x00000064   Code   RO          890    .text               c_w.l(rt_memcpy_w.o)
    0x080087c4   0x00000008   Code   RO          897    .text               c_w.l(libspace.o)
    0x080087cc   0x00000008   Code   RO          918    .text               c_w.l(rt_locale_intlibspace.o)
    0x080087d4   0x0000001c   Code   RO          922    .text               c_w.l(_chval.o)
    0x080087f0   0x00000008   Code   RO          924    .text               c_w.l(ferror.o)
    0x080087f8   0x00000020   Code   RO          931    .text               c_w.l(strcspn.o)
    0x08008818   0x0000001c   Code   RO          933    .text               c_w.l(strspn.o)
    0x08008834   0x0000004a   Code   RO          935    .text               c_w.l(sys_stackheap_outer.o)
    0x0800887e   0x00000012   Code   RO          937    .text               c_w.l(exit.o)
    0x08008890   0x00000080   Code   RO          939    .text               c_w.l(strcmpv7m.o)
    0x08008910   0x0000002c   Code   RO          929    locale$$code        c_w.l(lc_ctype_c.o)
    0x0800893c   0x0000005a   Code   RO          851    x$fpl$dfixu         fz_ws.l(dfixu.o)
    0x08008996   0x00000026   Code   RO          855    x$fpl$dfltu         fz_ws.l(dflt_clz.o)
    0x080089bc   0x00000154   Code   RO          861    x$fpl$dmul          fz_ws.l(dmul.o)
    0x08008b10   0x0000009c   Code   RO          892    x$fpl$dnaninf       fz_ws.l(dnaninf.o)
    0x08008bac   0x0000000c   Code   RO          894    x$fpl$dretinf       fz_ws.l(dretinf.o)
    0x08008bb8   0x00000000   Code   RO          896    x$fpl$usenofp       fz_ws.l(usenofp.o)
    0x08008bb8   0x000017c0   Data   RO          232    .constdata          lcd.o
    0x0800a378   0x00000028   Data   RO          785    .constdata          c_w.l(_printf_hex_int.o)
    0x0800a3a0   0x00000020   Data   RO         1067    Region$$Table       anon$$obj.o
    0x0800a3c0   0x00000110   Data   RO          928    locale$$data        c_w.l(lc_ctype_c.o)


    Execution Region RW_IRAM1 (Base: 0x20000000, Size: 0x000010d8, Max: 0x00010000, ABSOLUTE)

    Base Addr    Size         Type   Attr      Idx    E Section Name        Object

    0x20000000   0x00000014   Data   RW          200    .data               system_stm32f10x.o
    0x20000014   0x00000004   Data   RW          233    .data               lcd.o
    0x20000018   0x00000002   Data   RW          365    .data               atk_usart.o
    0x2000001a   0x00000002   PAD
    0x2000001c   0x00000004   Data   RW          366    .data               atk_usart.o
    0x20000020   0x00000008   Data   RW          405    .data               atk_delay.o
    0x20000028   0x00000014   Data   RW          476    .data               stm32f10x_rcc.o
    0x2000003c   0x00000014   Data   RW          528    .data               atk_bc28.o
    0x20000050   0x00000008   Data   RW          564    .data               atk_soft_timer.o
    0x20000058   0x00000008   Data   RW          634    .data               demo_bc28_low_power_entry.o
    0x20000060   0x00000004   Data   RW          829    .data               c_w.l(strtok.o)
    0x20000064   0x0000000e   Zero   RW          231    .bss                lcd.o
    0x20000072   0x00000002   PAD
    0x20000074   0x00000010   Zero   RW          267    .bss                atk_key.o
    0x20000084   0x0000024c   Zero   RW          284    .bss                atk_nbiot_usart.o
    0x200002d0   0x000000c8   Zero   RW          364    .bss                atk_usart.o
    0x20000398   0x000004d8   Zero   RW          527    .bss                atk_bc28.o
    0x20000870   0x00000201   Zero   RW          549    .bss                atk_bc28_nbiot.o
    0x20000a71   0x00000003   PAD
    0x20000a74   0x00000060   Zero   RW          898    .bss                c_w.l(libspace.o)
    0x20000ad4   0x00000004   PAD
    0x20000ad8   0x00000200   Zero   RW          433    HEAP                startup_stm32f10x_hd.o
    0x20000cd8   0x00000400   Zero   RW          432    STACK               startup_stm32f10x_hd.o


==============================================================================

Image component sizes


      Code (inc. data)   RO Data    RW Data    ZI Data      Debug   Object Name

      3500        492          0         20       1240      18841   atk_bc28.o
      1196        214          0          0        513       6031   atk_bc28_nbiot.o
       156         18          0          8          0      16730   atk_delay.o
       584         12          0          0         16       2934   atk_key.o
        80         10          0          0          0        559   atk_led.o
       804         42          0          0        588       6560   atk_nbiot_usart.o
       224         26          0          0          0       2877   atk_ring_buf.o
       228          4          0          8          0       3054   atk_soft_timer.o
        12          0          0          0          0        675   atk_sys.o
       164         10          0          0          0        928   atk_timer.o
       276         16          0          6        200       3410   atk_usart.o
      2836       1458          0          8          0       3680   demo_bc28_low_power_entry.o
     15344        118       6080          4         14      55508   lcd.o
       204         48          0          0          0     264591   main.o
       176         14          0          0          0       2009   misc.o
        64         26        304          0       1536        828   startup_stm32f10x_hd.o
       232          8          0          0          0       2515   stm32f10x_exti.o
      1148          6          0          0          0       5967   stm32f10x_fsmc.o
       612         36          0          0          0       6137   stm32f10x_gpio.o
        16          0          0          0          0       1114   stm32f10x_it.o
       696         32          0         20          0       9164   stm32f10x_rcc.o
      2800         84          0          0          0      24074   stm32f10x_tim.o
       808         22          0          0          0       8996   stm32f10x_usart.o
       344         34          0         20          0       1939   system_stm32f10x.o

    ----------------------------------------------------------------------
     32504       2730       6416         96       4112     449121   Object Totals
         0          0         32          0          0          0   (incl. Generated)
         0          0          0          2          5          0   (incl. Padding)

    ----------------------------------------------------------------------

      Code (inc. data)   RO Data    RW Data    ZI Data      Debug   Library Member Name

        24          4          0          0          0         84   __2printf.o
        56          6          0          0          0         88   __2snprintf.o
        44          6          0          0          0         84   __2sprintf.o
         8          0          0          0          0         68   __main.o
       104          0          0          0          0         84   __printf.o
         0          0          0          0          0          0   __rtentry.o
        12          0          0          0          0          0   __rtentry2.o
         6          0          0          0          0          0   __rtentry4.o
        52          8          0          0          0          0   __scatter.o
        26          0          0          0          0          0   __scatter_copy.o
        28          0          0          0          0          0   __scatter_zi.o
        28          0          0          0          0         68   _chval.o
        44          0          0          0          0        108   _printf_char.o
        48          6          0          0          0         96   _printf_char_common.o
        36          4          0          0          0         80   _printf_char_file.o
         6          0          0          0          0          0   _printf_d.o
       120         16          0          0          0         92   _printf_dec.o
        88          4         40          0          0         88   _printf_hex_int.o
       178          0          0          0          0         88   _printf_intcommon.o
         0          0          0          0          0          0   _printf_percent.o
         4          0          0          0          0          0   _printf_percent_end.o
         6          0          0          0          0          0   _printf_s.o
        82          0          0          0          0         80   _printf_str.o
         6          0          0          0          0          0   _printf_x.o
        16          0          0          0          0         68   _snputc.o
        10          0          0          0          0         68   _sputc.o
       158          0          0          0          0         92   _strtoul.o
        18          0          0          0          0         80   exit.o
         8          0          0          0          0         68   ferror.o
         6          0          0          0          0        152   heapauxi.o
        44         10        272          0          0         76   lc_ctype_c.o
         2          0          0          0          0          0   libinit.o
        20          0          0          0          0          0   libinit2.o
         2          0          0          0          0          0   libshutdown.o
         2          0          0          0          0          0   libshutdown2.o
         8          4          0          0         96         68   libspace.o
        16          4          0          0          0         76   rt_ctype_table.o
         8          4          0          0          0         68   rt_errno_addr_intlibspace.o
         8          4          0          0          0         68   rt_locale_intlibspace.o
        68          0          0          0          0         68   rt_memclr.o
        78          0          0          0          0         80   rt_memclr_w.o
       138          0          0          0          0         68   rt_memcpy_v6.o
       100          0          0          0          0         80   rt_memcpy_w.o
         2          0          0          0          0          0   rtexit.o
        10          0          0          0          0          0   rtexit2.o
        20          0          0          0          0         68   strchr.o
       128          0          0          0          0         68   strcmpv7m.o
        32          0          0          0          0         80   strcspn.o
        62          0          0          0          0         76   strlen.o
        28          0          0          0          0         80   strspn.o
        36          0          0          0          0         80   strstr.o
        12          6          0          4          0         68   strtok.o
        68          4          0          0          0         84   strtok_int.o
       114          0          0          0          0         92   strtoul.o
        74          0          0          0          0         80   sys_stackheap_outer.o
         2          0          0          0          0         68   use_no_semi.o
         2          0          0          0          0         68   use_no_semi_2.o
        90          4          0          0          0         92   dfixu.o
        38          0          0          0          0         68   dflt_clz.o
       340         12          0          0          0        104   dmul.o
       156          4          0          0          0         92   dnaninf.o
        12          0          0          0          0         68   dretinf.o
         0          0          0          0          0          0   usenofp.o

    ----------------------------------------------------------------------
      2960        110        312          4        100       3624   Library Totals
        18          0          0          0          4          0   (incl. Padding)

    ----------------------------------------------------------------------

      Code (inc. data)   RO Data    RW Data    ZI Data      Debug   Library Name

      2306         90        312          4         96       3200   c_w.l
       636         20          0          0          0        424   fz_ws.l

    ----------------------------------------------------------------------
      2960        110        312          4        100       3624   Library Totals

    ----------------------------------------------------------------------

==============================================================================


      Code (inc. data)   RO Data    RW Data    ZI Data      Debug   

     35464       2840       6728        100       4212     447437   Grand Totals
     35464       2840       6728        100       4212     447437   ELF Image Totals
     35464       2840       6728        100          0          0   ROM Totals

==============================================================================

    Total RO  Size (Code + RO Data)                42192 (  41.20kB)
    Total RW  Size (RW Data + ZI Data)              4312 (   4.21kB)
    Total ROM Size (Code + RO Data + RW Data)      42292 (  41.30kB)

==============================================================================

