Component: ARM Compiler 5.06 update 3 (build 300) Tool: armlink [4d35c9]

==============================================================================

Section Cross References

    main.o(.text) refers to misc.o(.text) for NVIC_PriorityGroupConfig
    main.o(.text) refers to atk_delay.o(.text) for delay_init
    main.o(.text) refers to atk_usart.o(.text) for uart_init
    main.o(.text) refers to atk_led.o(.text) for led_init
    main.o(.text) refers to lcd.o(.text) for LCD_Init
    main.o(.text) refers to demo_soft_timer_entry.o(.text) for demo_soft_timer_entry
    main.o(.text) refers to system_stm32f10x.o(.data) for SystemCoreClock
    main.o(.text) refers to lcd.o(.data) for POINT_COLOR
    system_stm32f10x.o(.text) refers to system_stm32f10x.o(.data) for .data
    dht11.o(.text) refers to atk_delay.o(.text) for delay_ms
    dht11.o(.text) refers to stm32f10x_rcc.o(.text) for RCC_APB2PeriphClockCmd
    dht11.o(.text) refers to stm32f10x_gpio.o(.text) for GPIO_Init
    lcd.o(.text) refers to _printf_percent.o(.ARM.Collect$$_printf_percent$$00000000) for _printf_percent
    lcd.o(.text) refers to _printf_x.o(.ARM.Collect$$_printf_percent$$0000000C) for _printf_x
    lcd.o(.text) refers to _printf_hex_int.o(.text) for _printf_longlong_hex
    lcd.o(.text) refers to atk_delay.o(.text) for delay_us
    lcd.o(.text) refers to lcd.o(.bss) for .bss
    lcd.o(.text) refers to dflt_clz.o(x$fpl$dfltu) for __aeabi_ui2d
    lcd.o(.text) refers to dmul.o(x$fpl$dmul) for __aeabi_dmul
    lcd.o(.text) refers to dfixu.o(x$fpl$dfixu) for __aeabi_d2uiz
    lcd.o(.text) refers to lcd.o(.data) for .data
    lcd.o(.text) refers to stm32f10x_rcc.o(.text) for RCC_AHBPeriphClockCmd
    lcd.o(.text) refers to stm32f10x_gpio.o(.text) for GPIO_Init
    lcd.o(.text) refers to stm32f10x_fsmc.o(.text) for FSMC_NORSRAMInit
    lcd.o(.text) refers to __2printf.o(.text) for __2printf
    lcd.o(.text) refers to lcd.o(.constdata) for .constdata
    atk_led.o(.text) refers to stm32f10x_rcc.o(.text) for RCC_APB2PeriphClockCmd
    atk_led.o(.text) refers to stm32f10x_gpio.o(.text) for GPIO_Init
    atk_key.o(.text) refers to stm32f10x_rcc.o(.text) for RCC_APB2PeriphClockCmd
    atk_key.o(.text) refers to stm32f10x_gpio.o(.text) for GPIO_Init
    atk_key.o(.text) refers to stm32f10x_exti.o(.text) for EXTI_Init
    atk_key.o(.text) refers to misc.o(.text) for NVIC_Init
    atk_key.o(.text) refers to atk_soft_timer.o(.text) for atk_soft_timer_getick
    atk_key.o(.text) refers to atk_key.o(.bss) for .bss
    atk_nbiot_usart.o(.text) refers to atk_ring_buf.o(.text) for atk_ring_buf_size_read
    atk_nbiot_usart.o(.text) refers to stm32f10x_usart.o(.text) for USART_GetITStatus
    atk_nbiot_usart.o(.text) refers to __2printf.o(.text) for __2printf
    atk_nbiot_usart.o(.text) refers to stm32f10x_rcc.o(.text) for RCC_APB2PeriphClockCmd
    atk_nbiot_usart.o(.text) refers to stm32f10x_gpio.o(.text) for GPIO_Init
    atk_nbiot_usart.o(.text) refers to misc.o(.text) for NVIC_Init
    atk_nbiot_usart.o(.text) refers to atk_soft_timer.o(.text) for atk_soft_timer_init
    atk_nbiot_usart.o(.text) refers to atk_nbiot_usart.o(.bss) for .bss
    atk_timer.o(.text) refers to stm32f10x_rcc.o(.text) for RCC_APB1PeriphClockCmd
    atk_timer.o(.text) refers to stm32f10x_tim.o(.text) for TIM_TimeBaseInit
    atk_timer.o(.text) refers to misc.o(.text) for NVIC_Init
    atk_timer.o(.text) refers to stm32f10x_gpio.o(.text) for GPIO_ReadOutputDataBit
    atk_rgb_led.o(.text) refers to atk_delay.o(.text) for delay_us
    atk_rgb_led.o(.text) refers to stm32f10x_rcc.o(.text) for RCC_APB2PeriphClockCmd
    atk_rgb_led.o(.text) refers to stm32f10x_gpio.o(.text) for GPIO_Init
    atk_usart.o(.text) refers (Special) to use_no_semi_2.o(.text) for __use_no_semihosting
    atk_usart.o(.text) refers to stm32f10x_rcc.o(.text) for RCC_APB2PeriphClockCmd
    atk_usart.o(.text) refers to stm32f10x_gpio.o(.text) for GPIO_Init
    atk_usart.o(.text) refers to misc.o(.text) for NVIC_Init
    atk_usart.o(.text) refers to stm32f10x_usart.o(.text) for USART_Init
    atk_usart.o(.text) refers to atk_usart.o(.data) for .data
    atk_usart.o(.text) refers to atk_usart.o(.bss) for .bss
    atk_usart.o(.bss) refers (Special) to use_no_semi_2.o(.text) for __use_no_semihosting
    atk_usart.o(.data) refers (Special) to use_no_semi_2.o(.text) for __use_no_semihosting
    atk_usart.o(.data) refers (Special) to use_no_semi_2.o(.text) for __use_no_semihosting
    atk_delay.o(.text) refers to atk_soft_timer.o(.text) for atk_soft_timer_ticks
    atk_delay.o(.text) refers to system_stm32f10x.o(.data) for SystemCoreClock
    atk_delay.o(.text) refers to atk_delay.o(.data) for .data
    startup_stm32f10x_hd.o(STACK) refers (Special) to heapauxi.o(.text) for __use_two_region_memory
    startup_stm32f10x_hd.o(HEAP) refers (Special) to heapauxi.o(.text) for __use_two_region_memory
    startup_stm32f10x_hd.o(RESET) refers (Special) to heapauxi.o(.text) for __use_two_region_memory
[...]
    ../clib/angel/handlers.s                 0x00000000   Number         0  __scatter_copy.o ABSOLUTE
    ../clib/angel/kernel.s                   0x00000000   Number         0  __rtentry.o ABSOLUTE
    ../clib/angel/kernel.s                   0x00000000   Number         0  rtexit.o ABSOLUTE
    ../clib/angel/kernel.s                   0x00000000   Number         0  __rtentry2.o ABSOLUTE
    ../clib/angel/kernel.s                   0x00000000   Number         0  __rtentry4.o ABSOLUTE
    ../clib/angel/kernel.s                   0x00000000   Number         0  rtexit2.o ABSOLUTE
    ../clib/angel/rt.s                       0x00000000   Number         0  rt_ctype_table.o ABSOLUTE
    ../clib/angel/rt.s                       0x00000000   Number         0  rt_errno_addr.o ABSOLUTE
    ../clib/angel/rt.s                       0x00000000   Number         0  rt_raise.o ABSOLUTE
    ../clib/angel/rt.s                       0x00000000   Number         0  rt_locale_intlibspace.o ABSOLUTE
    ../clib/angel/rt.s                       0x00000000   Number         0  rt_locale.o ABSOLUTE
    ../clib/angel/rt.s                       0x00000000   Number         0  rt_errno_addr_intlibspace.o ABSOLUTE
    ../clib/angel/scatter.s                  0x00000000   Number         0  __scatter.o ABSOLUTE
    ../clib/angel/startup.s                  0x00000000   Number         0  __main.o ABSOLUTE
    ../clib/angel/sys.s                      0x00000000   Number         0  use_no_semi.o ABSOLUTE
    ../clib/angel/sys.s                      0x00000000   Number         0  use_no_semi_2.o ABSOLUTE
    ../clib/angel/sys.s                      0x00000000   Number         0  sys_stackheap_outer.o ABSOLUTE
    ../clib/angel/sys.s                      0x00000000   Number         0  libspace.o ABSOLUTE
    ../clib/angel/sys.s                      0x00000000   Number         0  indicate_semi.o ABSOLUTE
    ../clib/angel/sysapp.c                   0x00000000   Number         0  sys_command.o ABSOLUTE
    ../clib/angel/sysapp.c                   0x00000000   Number         0  sys_wrch.o ABSOLUTE
    ../clib/armsys.c                         0x00000000   Number         0  argv_veneer.o ABSOLUTE
    ../clib/armsys.c                         0x00000000   Number         0  argv_veneer.o ABSOLUTE
    ../clib/armsys.c                         0x00000000   Number         0  no_argv.o ABSOLUTE
    ../clib/armsys.c                         0x00000000   Number         0  _get_argv_nomalloc.o ABSOLUTE
    ../clib/heapalloc.c                      0x00000000   Number         0  hrguard.o ABSOLUTE
    ../clib/heapaux.c                        0x00000000   Number         0  heapauxi.o ABSOLUTE
    ../clib/libinit.s                        0x00000000   Number         0  libshutdown.o ABSOLUTE
    ../clib/libinit.s                        0x00000000   Number         0  libshutdown2.o ABSOLUTE
    ../clib/libinit.s                        0x00000000   Number         0  libinit2.o ABSOLUTE
    ../clib/libinit.s                        0x00000000   Number         0  libinit.o ABSOLUTE
    ../clib/locale.s                         0x00000000   Number         0  lc_ctype_c.o ABSOLUTE
    ../clib/memcpset.s                       0x00000000   Number         0  rt_memcpy_v6.o ABSOLUTE
    ../clib/memcpset.s                       0x00000000   Number         0  rt_memclr_w.o ABSOLUTE
    ../clib/memcpset.s                       0x00000000   Number         0  rt_memcpy_w.o ABSOLUTE
    ../clib/memcpset.s                       0x00000000   Number         0  rt_memclr.o ABSOLUTE
    ../clib/memcpset.s                       0x00000000   Number         0  strcmpv7m.o ABSOLUTE
    ../clib/misc.s                           0x00000000   Number         0  printf_stubs.o ABSOLUTE
    ../clib/printf.c                         0x00000000   Number         0  __printf_nopercent.o ABSOLUTE
    ../clib/printf.c                         0x00000000   Number         0  _printf_hex_int.o ABSOLUTE
    ../clib/printf.c                         0x00000000   Number         0  _printf_char_file.o ABSOLUTE
    ../clib/printf.c                         0x00000000   Number         0  _printf_char.o ABSOLUTE
    ../clib/printf.c                         0x00000000   Number         0  _snputc.o ABSOLUTE
    ../clib/printf.c                         0x00000000   Number         0  _sputc.o ABSOLUTE
    ../clib/printf.c                         0x00000000   Number         0  _printf_intcommon.o ABSOLUTE
    ../clib/printf.c                         0x00000000   Number         0  __2printf.o ABSOLUTE
    ../clib/printf.c                         0x00000000   Number         0  __2sprintf.o ABSOLUTE
    ../clib/printf.c                         0x00000000   Number         0  __2snprintf.o ABSOLUTE
    ../clib/printf.c                         0x00000000   Number         0  noretval__2printf.o ABSOLUTE
    ../clib/printf.c                         0x00000000   Number         0  noretval__2sprintf.o ABSOLUTE
    ../clib/printf.c                         0x00000000   Number         0  _printf_char_common.o ABSOLUTE
    ../clib/printf.c                         0x00000000   Number         0  __printf.o ABSOLUTE
    ../clib/printf.c                         0x00000000   Number         0  _printf_str.o ABSOLUTE
    ../clib/printf.c                         0x00000000   Number         0  _printf_dec.o ABSOLUTE
    ../clib/printf.c                         0x00000000   Number         0  _printf_hex_ll.o ABSOLUTE
    ../clib/printf.c                         0x00000000   Number         0  _printf_hex_int_ll.o ABSOLUTE
    ../clib/printf.c                         0x00000000   Number         0  _printf_hex_ptr.o ABSOLUTE
    ../clib/printf.c                         0x00000000   Number         0  _printf_hex_int_ptr.o ABSOLUTE
    ../clib/printf.c                         0x00000000   Number         0  noretval__2snprintf.o ABSOLUTE
    ../clib/printf.c                         0x00000000   Number         0  _printf_hex_ll_ptr.o ABSOLUTE
    ../clib/printf.c                         0x00000000   Number         0  _printf_hex_int_ll_ptr.o ABSOLUTE
    ../clib/printf.c                         0x00000000   Number         0  __printf_flags.o ABSOLUTE
    ../clib/printf.c                         0x00000000   Number         0  __printf_ss.o ABSOLUTE
    ../clib/printf.c                         0x00000000   Number         0  __printf_flags_ss.o ABSOLUTE
    ../clib/printf.c                         0x00000000   Number         0  __printf_wp.o ABSOLUTE
    ../clib/printf.c                         0x00000000   Number         0  __printf_flags_wp.o ABSOLUTE
    ../clib/printf.c                         0x00000000   Number         0  __printf_ss_wp.o ABSOLUTE
    ../clib/printf.c                         0x00000000   Number         0  __printf_flags_ss_wp.o ABSOLUTE
    ../clib/printf_percent.s                 0x00000000   Number         0  _printf_percent_end.o ABSOLUTE
    ../clib/printf_percent.s                 0x00000000   Number         0  _printf_percent.o ABSOLUTE
    ../clib/printf_percent.s                 0x00000000   Number         0  _printf_d.o ABSOLUTE
    ../clib/printf_percent.s                 0x00000000   Number         0  _printf_x.o ABSOLUTE
    ../clib/printf_percent.s                 0x00000000   Number         0  _printf_s.o ABSOLUTE
    ../clib/scanf.c                          0x00000000   Number         0  _chval.o ABSOLUTE
    ../clib/scanf.c                          0x00000000   Number         0  strtoul.o ABSOLUTE
    ../clib/scanf.c                          0x00000000   Number         0  _strtoul.o ABSOLUTE
    ../clib/signal.c                         0x00000000   Number         0  defsig_rtred_inner.o ABSOLUTE
    ../clib/signal.c                         0x00000000   Number         0  defsig_fpe_inner.o ABSOLUTE
    ../clib/signal.c                         0x00000000   Number         0  defsig_abrt_inner.o ABSOLUTE
    ../clib/signal.c                         0x00000000   Number         0  defsig_general.o ABSOLUTE
    ../clib/signal.c                         0x00000000   Number         0  __raise.o ABSOLUTE
    ../clib/signal.c                         0x00000000   Number         0  defsig_rtmem_inner.o ABSOLUTE
    ../clib/signal.c                         0x00000000   Number         0  defsig_exit.o ABSOLUTE
    ../clib/signal.c                         0x00000000   Number         0  defsig_pvfn_inner.o ABSOLUTE
    ../clib/signal.c                         0x00000000   Number         0  defsig_stak_inner.o ABSOLUTE
    ../clib/signal.c                         0x00000000   Number         0  defsig_rtmem_formal.o ABSOLUTE
    ../clib/signal.c                         0x00000000   Number         0  defsig_rtmem_outer.o ABSOLUTE
    ../clib/signal.c                         0x00000000   Number         0  defsig_other.o ABSOLUTE
    ../clib/signal.c                         0x00000000   Number         0  defsig_segv_inner.o ABSOLUTE
    ../clib/signal.c                         0x00000000   Number         0  defsig_cppl_inner.o ABSOLUTE
    ../clib/signal.s                         0x00000000   Number         0  defsig.o ABSOLUTE
    ../clib/stdio.c                          0x00000000   Number         0  ferror_locked.o ABSOLUTE
    ../clib/stdio.c                          0x00000000   Number         0  ferror.o ABSOLUTE
    ../clib/stdlib.c                         0x00000000   Number         0  exit.o ABSOLUTE
    ../clib/string.c                         0x00000000   Number         0  strtok.o ABSOLUTE
    ../clib/string.c                         0x00000000   Number         0  strchr.o ABSOLUTE
    ../clib/string.c                         0x00000000   Number         0  strstr.o ABSOLUTE
    ../clib/string.c                         0x00000000   Number         0  strspn.o ABSOLUTE
    ../clib/string.c                         0x00000000   Number         0  strcspn.o ABSOLUTE
    ../clib/string.c                         0x00000000   Number         0  strlen.o ABSOLUTE
    ../clib/string.c                         0x00000000   Number         0  strtok_int.o ABSOLUTE
    ../fplib/dfixu.s                         0x00000000   Number         0  dfixu.o ABSOLUTE
    ../fplib/dflt.s                          0x00000000   Number         0  dflt_clz.o ABSOLUTE
    ../fplib/dmul.s                          0x00000000   Number         0  dmul.o ABSOLUTE
    ../fplib/dnaninf.s                       0x00000000   Number         0  dnaninf.o ABSOLUTE
    ../fplib/dretinf.s                       0x00000000   Number         0  dretinf.o ABSOLUTE
    ../fplib/fpinit.s                        0x00000000   Number         0  fpinit.o ABSOLUTE
    ../fplib/usenofp.s                       0x00000000   Number         0  usenofp.o ABSOLUTE
    ..\ATK_RING_BUF\atk_ring_buf.c           0x00000000   Number         0  atk_ring_buf.o ABSOLUTE
    ..\ATK_SOFT_TIMER\atk_soft_timer.c       0x00000000   Number         0  atk_soft_timer.o ABSOLUTE
    ..\CORE\core_cm3.c                       0x00000000   Number         0  core_cm3.o ABSOLUTE
    ..\CORE\startup_stm32f10x_hd.s           0x00000000   Number         0  startup_stm32f10x_hd.o ABSOLUTE
    ..\EXAMPLE\atk_nbiot_bc28\demo_bc28_gprs_attach_entry.c 0x00000000   Number         0  demo_bc28_gprs_attach_entry.o ABSOLUTE
    ..\EXAMPLE\atk_nbiot_bc28\demo_bc28_huaweiiot_entry.c 0x00000000   Number         0  demo_bc28_huaweiiot_entry.o ABSOLUTE
    ..\EXAMPLE\atk_nbiot_bc28\demo_bc28_info.c 0x00000000   Number         0  demo_bc28_info.o ABSOLUTE
    ..\EXAMPLE\dht11\demo_dht11_entry.c      0x00000000   Number         0  demo_dht11_entry.o ABSOLUTE
    ..\EXAMPLE\key\demo_key_entry.c          0x00000000   Number         0  demo_key_entry.o ABSOLUTE
    ..\EXAMPLE\led_beep\demo_led_beep_entry.c 0x00000000   Number         0  demo_led_beep_entry.o ABSOLUTE
    ..\EXAMPLE\led_beep\demo_rgb_led_entry.c 0x00000000   Number         0  demo_rgb_led_entry.o ABSOLUTE
    ..\EXAMPLE\ringbuf\demo_ring_buf_entry.c 0x00000000   Number         0  demo_ring_buf_entry.o ABSOLUTE
    ..\EXAMPLE\soft_timer\demo_soft_timer_entry.c 0x00000000   Number         0  demo_soft_timer_entry.o ABSOLUTE
    ..\EXAMPLE\uart\demo_uart_any_data_len_recv_entry .c 0x00000000   Number         0  demo_uart_any_data_len_recv_entry .o ABSOLUTE
    ..\HARDWARE\ATK-BC28\atk_bc28.c          0x00000000   Number         0  atk_bc28.o ABSOLUTE
    ..\HARDWARE\ATK-BC28\atk_bc28_nbiot.c    0x00000000   Number         0  atk_bc28_nbiot.o ABSOLUTE
    ..\HARDWARE\DHT11\dht11.c                0x00000000   Number         0  dht11.o ABSOLUTE
    ..\HARDWARE\KEY\atk_key.c                0x00000000   Number         0  atk_key.o ABSOLUTE
    ..\HARDWARE\LCD\lcd.c                    0x00000000   Number         0  lcd.o ABSOLUTE
    ..\HARDWARE\LED\atk_led.c                0x00000000   Number         0  atk_led.o ABSOLUTE
    ..\HARDWARE\NBIOT_UART\atk_nbiot_usart.c 0x00000000   Number         0  atk_nbiot_usart.o ABSOLUTE
    ..\HARDWARE\RGB_LED\atk_rgb_led.c        0x00000000   Number         0  atk_rgb_led.o ABSOLUTE
    ..\HARDWARE\TIMER\atk_timer.c            0x00000000   Number         0  atk_timer.o ABSOLUTE
    ..\STM32F10x_FWLib\src\misc.c            0x00000000   Number         0  misc.o ABSOLUTE
    ..\STM32F10x_FWLib\src\stm32f10x_exti.c  0x00000000   Number         0  stm32f10x_exti.o ABSOLUTE
    ..\STM32F10x_FWLib\src\stm32f10x_fsmc.c  0x00000000   Number         0  stm32f10x_fsmc.o ABSOLUTE
    ..\STM32F10x_FWLib\src\stm32f10x_gpio.c  0x00000000   Number         0  stm32f10x_gpio.o ABSOLUTE
    ..\STM32F10x_FWLib\src\stm32f10x_rcc.c   0x00000000   Number         0  stm32f10x_rcc.o ABSOLUTE
    ..\STM32F10x_FWLib\src\stm32f10x_tim.c   0x00000000   Number         0  stm32f10x_tim.o ABSOLUTE
    ..\STM32F10x_FWLib\src\stm32f10x_usart.c 0x00000000   Number         0  stm32f10x_usart.o ABSOLUTE
    ..\SYSTEM\delay\atk_delay.c              0x00000000   Number         0  atk_delay.o ABSOLUTE
    ..\SYSTEM\sys\atk_sys.c                  0x00000000   Number         0  atk_sys.o ABSOLUTE
    ..\SYSTEM\usart\atk_usart.c              0x00000000   Number         0  atk_usart.o ABSOLUTE
    ..\\CORE\\core_cm3.c                     0x00000000   Number         0  core_cm3.o ABSOLUTE
    ..\\SYSTEM\\sys\\atk_sys.c               0x00000000   Number         0  atk_sys.o ABSOLUTE
    dc.s                                     0x00000000   Number         0  dc.o ABSOLUTE
    main.c                                   0x00000000   Number         0  main.o ABSOLUTE
    stm32f10x_it.c                           0x00000000   Number         0  stm32f10x_it.o ABSOLUTE
    system_stm32f10x.c                       0x00000000   Number         0  system_stm32f10x.o ABSOLUTE
    RESET                                    0x08000000   Section      304  startup_stm32f10x_hd.o(RESET)
    !!!main                                  0x08000130   Section        8  __main.o(!!!main)
    !!!scatter                               0x08000138   Section       52  __scatter.o(!!!scatter)
    !!handler_copy                           0x0800016c   Section       26  __scatter_copy.o(!!handler_copy)
    !!handler_zi                             0x08000188   Section       28  __scatter_zi.o(!!handler_zi)
    .ARM.Collect$$_printf_percent$$00000000  0x080001a4   Section        0  _printf_percent.o(.ARM.Collect$$_printf_percent$$00000000)
    .ARM.Collect$$_printf_percent$$0000000C  0x080001a4   Section        6  _printf_x.o(.ARM.Collect$$_printf_percent$$0000000C)
    .ARM.Collect$$_printf_percent$$00000017  0x080001aa   Section        4  _printf_percent_end.o(.ARM.Collect$$_printf_percent$$00000017)
    .ARM.Collect$$libinit$$00000000          0x080001ae   Section        2  libinit.o(.ARM.Collect$$libinit$$00000000)
    .ARM.Collect$$libinit$$00000002          0x080001b0   Section        0  libinit2.o(.ARM.Collect$$libinit$$00000002)
    .ARM.Collect$$libinit$$00000004          0x080001b0   Section        0  libinit2.o(.ARM.Collect$$libinit$$00000004)
    .ARM.Collect$$libinit$$0000000A          0x080001b0   Section        0  libinit2.o(.ARM.Collect$$libinit$$0000000A)
    .ARM.Collect$$libinit$$0000000C          0x080001b0   Section        0  libinit2.o(.ARM.Collect$$libinit$$0000000C)
    .ARM.Collect$$libinit$$0000000E          0x080001b0   Section        0  libinit2.o(.ARM.Collect$$libinit$$0000000E)
    .ARM.Collect$$libinit$$00000011          0x080001b0   Section        0  libinit2.o(.ARM.Collect$$libinit$$00000011)
    .ARM.Collect$$libinit$$00000013          0x080001b0   Section        0  libinit2.o(.ARM.Collect$$libinit$$00000013)
    .ARM.Collect$$libinit$$00000015          0x080001b0   Section        0  libinit2.o(.ARM.Collect$$libinit$$00000015)
    .ARM.Collect$$libinit$$00000017          0x080001b0   Section        0  libinit2.o(.ARM.Collect$$libinit$$00000017)
    .ARM.Collect$$libinit$$00000019          0x080001b0   Section        0  libinit2.o(.ARM.Collect$$libinit$$00000019)
    .ARM.Collect$$libinit$$0000001B          0x080001b0   Section        0  libinit2.o(.ARM.Collect$$libinit$$0000001B)
    .ARM.Collect$$libinit$$0000001D          0x080001b0   Section        0  libinit2.o(.ARM.Collect$$libinit$$0000001D)
    .ARM.Collect$$libinit$$0000001F          0x080001b0   Section        0  libinit2.o(.ARM.Collect$$libinit$$0000001F)
    .ARM.Collect$$libinit$$00000021          0x080001b0   Section        0  libinit2.o(.ARM.Collect$$libinit$$00000021)
    .ARM.Collect$$libinit$$00000023          0x080001b0   Section        0  libinit2.o(.ARM.Collect$$libinit$$00000023)
    .ARM.Collect$$libinit$$00000025          0x080001b0   Section        0  libinit2.o(.ARM.Collect$$libinit$$00000025)
    .ARM.Collect$$libinit$$0000002C          0x080001b0   Section        0  libinit2.o(.ARM.Collect$$libinit$$0000002C)
    .ARM.Collect$$libinit$$0000002E          0x080001b0   Section        0  libinit2.o(.ARM.Collect$$libinit$$0000002E)
    .ARM.Collect$$libinit$$00000030          0x080001b0   Section        0  libinit2.o(.ARM.Collect$$libinit$$00000030)
    .ARM.Collect$$libinit$$00000032          0x080001b0   Section        0  libinit2.o(.ARM.Collect$$libinit$$00000032)
    .ARM.Collect$$libinit$$00000033          0x080001b0   Section        2  libinit2.o(.ARM.Collect$$libinit$$00000033)
    .ARM.Collect$$libshutdown$$00000000      0x080001b2   Section        2  libshutdown.o(.ARM.Collect$$libshutdown$$00000000)
    .ARM.Collect$$libshutdown$$00000002      0x080001b4   Section        0  libshutdown2.o(.ARM.Collect$$libshutdown$$00000002)
    .ARM.Collect$$libshutdown$$00000004      0x080001b4   Section        0  libshutdown2.o(.ARM.Collect$$libshutdown$$00000004)
    .ARM.Collect$$libshutdown$$00000007      0x080001b4   Section        0  libshutdown2.o(.ARM.Collect$$libshutdown$$00000007)
    .ARM.Collect$$libshutdown$$0000000A      0x080001b4   Section        0  libshutdown2.o(.ARM.Collect$$libshutdown$$0000000A)
    .ARM.Collect$$libshutdown$$0000000C      0x080001b4   Section        0  libshutdown2.o(.ARM.Collect$$libshutdown$$0000000C)
    .ARM.Collect$$libshutdown$$0000000F      0x080001b4   Section        0  libshutdown2.o(.ARM.Collect$$libshutdown$$0000000F)
    .ARM.Collect$$libshutdown$$00000010      0x080001b4   Section        2  libshutdown2.o(.ARM.Collect$$libshutdown$$00000010)
    .ARM.Collect$$rtentry$$00000000          0x080001b6   Section        0  __rtentry.o(.ARM.Collect$$rtentry$$00000000)
    .ARM.Collect$$rtentry$$00000002          0x080001b6   Section        0  __rtentry2.o(.ARM.Collect$$rtentry$$00000002)
    .ARM.Collect$$rtentry$$00000004          0x080001b6   Section        6  __rtentry4.o(.ARM.Collect$$rtentry$$00000004)
    .ARM.Collect$$rtentry$$00000009          0x080001bc   Section        0  __rtentry2.o(.ARM.Collect$$rtentry$$00000009)
    .ARM.Collect$$rtentry$$0000000A          0x080001bc   Section        4  __rtentry2.o(.ARM.Collect$$rtentry$$0000000A)
    .ARM.Collect$$rtentry$$0000000C          0x080001c0   Section        0  __rtentry2.o(.ARM.Collect$$rtentry$$0000000C)
    .ARM.Collect$$rtentry$$0000000D          0x080001c0   Section        8  __rtentry2.o(.ARM.Collect$$rtentry$$0000000D)
    .ARM.Collect$$rtexit$$00000000           0x080001c8   Section        2  rtexit.o(.ARM.Collect$$rtexit$$00000000)
    .ARM.Collect$$rtexit$$00000002           0x080001ca   Section        0  rtexit2.o(.ARM.Collect$$rtexit$$00000002)
    .ARM.Collect$$rtexit$$00000003           0x080001ca   Section        4  rtexit2.o(.ARM.Collect$$rtexit$$00000003)
    .ARM.Collect$$rtexit$$00000004           0x080001ce   Section        6  rtexit2.o(.ARM.Collect$$rtexit$$00000004)
    .text                                    0x080001d4   Section        0  main.o(.text)
    .text                                    0x0800025c   Section        0  stm32f10x_it.o(.text)
    .text                                    0x0800026c   Section        0  system_stm32f10x.o(.text)
    SetSysClockTo72                          0x0800026d   Thumb Code   160  system_stm32f10x.o(.text)
    .text                                    0x080003c4   Section        0  lcd.o(.text)
    .text                                    0x08003fb4   Section        0  atk_led.o(.text)
    .text                                    0x08004004   Section        0  atk_key.o(.text)
    .text                                    0x0800424c   Section        0  atk_nbiot_usart.o(.text)
    __lpuart_rx_timeout_cb                   0x0800427f   Thumb Code   122  atk_nbiot_usart.o(.text)
    __lpuart_tx_timeout_cb                   0x08004407   Thumb Code    28  atk_nbiot_usart.o(.text)
    .text                                    0x08004570   Section        0  atk_timer.o(.text)
    .text                                    0x08004614   Section        0  atk_usart.o(.text)
    .text                                    0x08004728   Section        0  atk_sys.o(.text)
    .text                                    0x08004734   Section        0  atk_delay.o(.text)
    .text                                    0x080047d0   Section       64  startup_stm32f10x_hd.o(.text)
    .text                                    0x08004810   Section        0  misc.o(.text)
    .text                                    0x080048c0   Section        0  stm32f10x_fsmc.o(.text)
    .text                                    0x08004d3c   Section        0  stm32f10x_gpio.o(.text)
    .text                                    0x08004fa0   Section        0  stm32f10x_rcc.o(.text)
    .text                                    0x08005258   Section        0  stm32f10x_usart.o(.text)
    .text                                    0x08005580   Section        0  stm32f10x_exti.o(.text)
    .text                                    0x08005668   Section        0  stm32f10x_tim.o(.text)
    TI2_Config                               0x080059fb   Thumb Code   166  stm32f10x_tim.o(.text)
    TI1_Config                               0x08005ab1   Thumb Code    88  stm32f10x_tim.o(.text)
    .text                                    0x08006158   Section        0  atk_soft_timer.o(.text)
    .text                                    0x0800623c   Section        0  atk_ring_buf.o(.text)
    .text                                    0x0800631c   Section        0  demo_soft_timer_entry.o(.text)
    timer1_callback                          0x0800631d   Thumb Code     6  demo_soft_timer_entry.o(.text)
    timer2_callback                          0x08006323   Thumb Code     6  demo_soft_timer_entry.o(.text)
    .text                                    0x08006394   Section        2  use_no_semi_2.o(.text)
    .text                                    0x08006398   Section        0  __2printf.o(.text)
    .text                                    0x080063b0   Section        0  __printf.o(.text)
    .text                                    0x08006418   Section        0  _printf_hex_int.o(.text)
    .text                                    0x08006470   Section        0  heapauxi.o(.text)
    .text                                    0x08006476   Section        2  use_no_semi.o(.text)
    .text                                    0x08006478   Section        0  _printf_intcommon.o(.text)
    .text                                    0x0800652c   Section        0  _printf_char_common.o(.text)
    _printf_input_char                       0x0800652d   Thumb Code    10  _printf_char_common.o(.text)
    .text                                    0x0800655c   Section        0  _printf_char_file.o(.text)
    .text                                    0x08006580   Section        8  libspace.o(.text)
    .text                                    0x08006588   Section        0  ferror.o(.text)
    .text                                    0x08006590   Section       74  sys_stackheap_outer.o(.text)
    .text                                    0x080065da   Section        0  exit.o(.text)
    x$fpl$dfixu                              0x080065ec   Section       90  dfixu.o(x$fpl$dfixu)
    x$fpl$dfltu                              0x08006646   Section       38  dflt_clz.o(x$fpl$dfltu)
    x$fpl$dmul                               0x0800666c   Section      340  dmul.o(x$fpl$dmul)
    x$fpl$dnaninf                            0x080067c0   Section      156  dnaninf.o(x$fpl$dnaninf)
    x$fpl$dretinf                            0x0800685c   Section       12  dretinf.o(x$fpl$dretinf)
    .constdata                               0x08006868   Section     6080  lcd.o(.constdata)
    x$fpl$usenofp                            0x08006868   Section        0  usenofp.o(x$fpl$usenofp)
    .constdata                               0x08008028   Section       40  _printf_hex_int.o(.constdata)
    uc_hextab                                0x08008028   Data          20  _printf_hex_int.o(.constdata)
    lc_hextab                                0x0800803c   Data          20  _printf_hex_int.o(.constdata)
    .data                                    0x20000000   Section       20  system_stm32f10x.o(.data)
    .data                                    0x20000014   Section        4  lcd.o(.data)
    .data                                    0x20000018   Section        2  atk_usart.o(.data)
    .data                                    0x2000001c   Section        4  atk_usart.o(.data)
    .data                                    0x20000020   Section        8  atk_delay.o(.data)
    fac_us                                   0x20000020   Data           4  atk_delay.o(.data)
    fac_ms                                   0x20000024   Data           4  atk_delay.o(.data)
    .data                                    0x20000028   Section       20  stm32f10x_rcc.o(.data)
    ADCPrescTable                            0x20000028   Data           4  stm32f10x_rcc.o(.data)
    APBAHBPrescTable                         0x2000002c   Data          16  stm32f10x_rcc.o(.data)
    .data                                    0x2000003c   Section        8  atk_soft_timer.o(.data)
    head_handle                              0x2000003c   Data           4  atk_soft_timer.o(.data)
    _timer_ticks                             0x20000040   Data           4  atk_soft_timer.o(.data)
    .bss                                     0x20000044   Section       14  lcd.o(.bss)
    .bss                                     0x20000054   Section       16  atk_key.o(.bss)
    key_dev                                  0x20000054   Data          16  atk_key.o(.bss)
    .bss                                     0x20000064   Section      588  atk_nbiot_usart.o(.bss)
    uart_dev                                 0x20000064   Data          64  atk_nbiot_usart.o(.bss)
    g_uart_ring_buf                          0x200000a4   Data         524  atk_nbiot_usart.o(.bss)
    .bss                                     0x200002b0   Section      200  atk_usart.o(.bss)
    .bss                                     0x20000378   Section       40  demo_soft_timer_entry.o(.bss)
    timer1                                   0x20000378   Data          20  demo_soft_timer_entry.o(.bss)
    timer2                                   0x2000038c   Data          20  demo_soft_timer_entry.o(.bss)
    .bss                                     0x200003a0   Section       96  libspace.o(.bss)
    HEAP                                     0x20000400   Section      512  startup_stm32f10x_hd.o(HEAP)
    Heap_Mem                                 0x20000400   Data         512  startup_stm32f10x_hd.o(HEAP)
    STACK                                    0x20000600   Section     1024  startup_stm32f10x_hd.o(STACK)
    Stack_Mem                                0x20000600   Data        1024  startup_stm32f10x_hd.o(STACK)
    __initial_sp                             0x20000a00   Data           0  startup_stm32f10x_hd.o(STACK)

    Global Symbols

    Symbol Name                              Value     Ov Type        Size  Object(Section)

    BuildAttributes$$THM_ISAv4$P$D$K$B$S$PE$A:L22UL41UL21$X:L11$S22US41US21$IEEE1$IW$USESV6$~STKCKD$USESV7$~SHL$OSPACE$ROPI$EBA8$UX$STANDARDLIB$REQ8$PRES8$EABIv2 0x00000000   Number         0  anon$$obj.o ABSOLUTE
    __ARM_use_no_argv                        0x00000000   Number         0  main.o ABSOLUTE
    _printf_flags                            0x00000000   Number         0  printf_stubs.o ABSOLUTE
    _printf_return_value                     0x00000000   Number         0  printf_stubs.o ABSOLUTE
    _printf_sizespec                         0x00000000   Number         0  printf_stubs.o ABSOLUTE
    _printf_widthprec                        0x00000000   Number         0  printf_stubs.o ABSOLUTE
    __ARM_exceptions_init                     - Undefined Weak Reference
    __alloca_initialize                       - Undefined Weak Reference
    __arm_preinit_                            - Undefined Weak Reference
    __cpp_initialize__aeabi_                  - Undefined Weak Reference
    __cxa_finalize                            - Undefined Weak Reference
    __sigvec_lookup                           - Undefined Weak Reference
    _atexit_init                              - Undefined Weak Reference
    _call_atexit_fns                          - Undefined Weak Reference
    _clock_init                               - Undefined Weak Reference
    _fp_trap_init                             - Undefined Weak Reference
    _fp_trap_shutdown                         - Undefined Weak Reference
    _get_lc_collate                           - Undefined Weak Reference
    _get_lc_monetary                          - Undefined Weak Reference
    _get_lc_numeric                           - Undefined Weak Reference
    _get_lc_time                              - Undefined Weak Reference
    _getenv_init                              - Undefined Weak Reference
    _handle_redirection                       - Undefined Weak Reference
    _init_alloc                               - Undefined Weak Reference
    _init_user_alloc                          - Undefined Weak Reference
    _initio                                   - Undefined Weak Reference
    _mutex_acquire                            - Undefined Weak Reference
    _mutex_release                            - Undefined Weak Reference
    _printf_mbtowc                            - Undefined Weak Reference
    _printf_post_padding                      - Undefined Weak Reference
    _printf_pre_padding                       - Undefined Weak Reference
    _printf_truncate_signed                   - Undefined Weak Reference
    _printf_truncate_unsigned                 - Undefined Weak Reference
    _rand_init                                - Undefined Weak Reference
    _signal_finish                            - Undefined Weak Reference
    _signal_init                              - Undefined Weak Reference
    _terminate_alloc                          - Undefined Weak Reference
    _terminate_user_alloc                     - Undefined Weak Reference
    _terminateio                              - Undefined Weak Reference
    __Vectors_Size                           0x00000130   Number         0  startup_stm32f10x_hd.o ABSOLUTE
    __Vectors                                0x08000000   Data           4  startup_stm32f10x_hd.o(RESET)
    __Vectors_End                            0x08000130   Data           0  startup_stm32f10x_hd.o(RESET)
    __main                                   0x08000131   Thumb Code     8  __main.o(!!!main)
    __scatterload                            0x08000139   Thumb Code     0  __scatter.o(!!!scatter)
    __scatterload_rt2                        0x08000139   Thumb Code    44  __scatter.o(!!!scatter)
    __scatterload_rt2_thumb_only             0x08000139   Thumb Code     0  __scatter.o(!!!scatter)
    __scatterload_null                       0x08000147   Thumb Code     0  __scatter.o(!!!scatter)
    __scatterload_copy                       0x0800016d   Thumb Code    26  __scatter_copy.o(!!handler_copy)
    __scatterload_zeroinit                   0x08000189   Thumb Code    28  __scatter_zi.o(!!handler_zi)
    _printf_percent                          0x080001a5   Thumb Code     0  _printf_percent.o(.ARM.Collect$$_printf_percent$$00000000)
    _printf_x                                0x080001a5   Thumb Code     0  _printf_x.o(.ARM.Collect$$_printf_percent$$0000000C)
    _printf_percent_end                      0x080001ab   Thumb Code     0  _printf_percent_end.o(.ARM.Collect$$_printf_percent$$00000017)
    __rt_lib_init                            0x080001af   Thumb Code     0  libinit.o(.ARM.Collect$$libinit$$00000000)
    __rt_lib_init_alloca_1                   0x080001b1   Thumb Code     0  libinit2.o(.ARM.Collect$$libinit$$0000002E)
    __rt_lib_init_argv_1                     0x080001b1   Thumb Code     0  libinit2.o(.ARM.Collect$$libinit$$0000002C)
    __rt_lib_init_atexit_1                   0x080001b1   Thumb Code     0  libinit2.o(.ARM.Collect$$libinit$$0000001B)
    __rt_lib_init_clock_1                    0x080001b1   Thumb Code     0  libinit2.o(.ARM.Collect$$libinit$$00000021)
    __rt_lib_init_cpp_1                      0x080001b1   Thumb Code     0  libinit2.o(.ARM.Collect$$libinit$$00000032)
    __rt_lib_init_exceptions_1               0x080001b1   Thumb Code     0  libinit2.o(.ARM.Collect$$libinit$$00000030)
    __rt_lib_init_fp_1                       0x080001b1   Thumb Code     0  libinit2.o(.ARM.Collect$$libinit$$00000002)
    __rt_lib_init_fp_trap_1                  0x080001b1   Thumb Code     0  libinit2.o(.ARM.Collect$$libinit$$0000001F)
    __rt_lib_init_getenv_1                   0x080001b1   Thumb Code     0  libinit2.o(.ARM.Collect$$libinit$$00000023)
    __rt_lib_init_heap_1                     0x080001b1   Thumb Code     0  libinit2.o(.ARM.Collect$$libinit$$0000000A)
    __rt_lib_init_lc_collate_1               0x080001b1   Thumb Code     0  libinit2.o(.ARM.Collect$$libinit$$00000011)
    __rt_lib_init_lc_ctype_1                 0x080001b1   Thumb Code     0  libinit2.o(.ARM.Collect$$libinit$$00000013)
    __rt_lib_init_lc_monetary_1              0x080001b1   Thumb Code     0  libinit2.o(.ARM.Collect$$libinit$$00000015)
    __rt_lib_init_lc_numeric_1               0x080001b1   Thumb Code     0  libinit2.o(.ARM.Collect$$libinit$$00000017)
    __rt_lib_init_lc_time_1                  0x080001b1   Thumb Code     0  libinit2.o(.ARM.Collect$$libinit$$00000019)
    __rt_lib_init_preinit_1                  0x080001b1   Thumb Code     0  libinit2.o(.ARM.Collect$$libinit$$00000004)
    __rt_lib_init_rand_1                     0x080001b1   Thumb Code     0  libinit2.o(.ARM.Collect$$libinit$$0000000E)
    __rt_lib_init_return                     0x080001b1   Thumb Code     0  libinit2.o(.ARM.Collect$$libinit$$00000033)
    __rt_lib_init_signal_1                   0x080001b1   Thumb Code     0  libinit2.o(.ARM.Collect$$libinit$$0000001D)
    __rt_lib_init_stdio_1                    0x080001b1   Thumb Code     0  libinit2.o(.ARM.Collect$$libinit$$00000025)
    __rt_lib_init_user_alloc_1               0x080001b1   Thumb Code     0  libinit2.o(.ARM.Collect$$libinit$$0000000C)
    __rt_lib_shutdown                        0x080001b3   Thumb Code     0  libshutdown.o(.ARM.Collect$$libshutdown$$00000000)
    __rt_lib_shutdown_cpp_1                  0x080001b5   Thumb Code     0  libshutdown2.o(.ARM.Collect$$libshutdown$$00000002)
    __rt_lib_shutdown_fp_trap_1              0x080001b5   Thumb Code     0  libshutdown2.o(.ARM.Collect$$libshutdown$$00000007)
    __rt_lib_shutdown_heap_1                 0x080001b5   Thumb Code     0  libshutdown2.o(.ARM.Collect$$libshutdown$$0000000F)
    __rt_lib_shutdown_return                 0x080001b5   Thumb Code     0  libshutdown2.o(.ARM.Collect$$libshutdown$$00000010)
    __rt_lib_shutdown_signal_1               0x080001b5   Thumb Code     0  libshutdown2.o(.ARM.Collect$$libshutdown$$0000000A)
    __rt_lib_shutdown_stdio_1                0x080001b5   Thumb Code     0  libshutdown2.o(.ARM.Collect$$libshutdown$$00000004)
    __rt_lib_shutdown_user_alloc_1           0x080001b5   Thumb Code     0  libshutdown2.o(.ARM.Collect$$libshutdown$$0000000C)
    __rt_entry                               0x080001b7   Thumb Code     0  __rtentry.o(.ARM.Collect$$rtentry$$00000000)
    __rt_entry_presh_1                       0x080001b7   Thumb Code     0  __rtentry2.o(.ARM.Collect$$rtentry$$00000002)
    __rt_entry_sh                            0x080001b7   Thumb Code     0  __rtentry4.o(.ARM.Collect$$rtentry$$00000004)
    __rt_entry_li                            0x080001bd   Thumb Code     0  __rtentry2.o(.ARM.Collect$$rtentry$$0000000A)
    __rt_entry_postsh_1                      0x080001bd   Thumb Code     0  __rtentry2.o(.ARM.Collect$$rtentry$$00000009)
    __rt_entry_main                          0x080001c1   Thumb Code     0  __rtentry2.o(.ARM.Collect$$rtentry$$0000000D)
    __rt_entry_postli_1                      0x080001c1   Thumb Code     0  __rtentry2.o(.ARM.Collect$$rtentry$$0000000C)
    __rt_exit                                0x080001c9   Thumb Code     0  rtexit.o(.ARM.Collect$$rtexit$$00000000)
    __rt_exit_ls                             0x080001cb   Thumb Code     0  rtexit2.o(.ARM.Collect$$rtexit$$00000003)
    __rt_exit_prels_1                        0x080001cb   Thumb Code     0  rtexit2.o(.ARM.Collect$$rtexit$$00000002)
    __rt_exit_exit                           0x080001cf   Thumb Code     0  rtexit2.o(.ARM.Collect$$rtexit$$00000004)
    main                                     0x080001d5   Thumb Code    96  main.o(.text)
    NMI_Handler                              0x0800025d   Thumb Code     2  stm32f10x_it.o(.text)
    HardFault_Handler                        0x0800025f   Thumb Code     2  stm32f10x_it.o(.text)
    MemManage_Handler                        0x08000261   Thumb Code     2  stm32f10x_it.o(.text)
    BusFault_Handler                         0x08000263   Thumb Code     2  stm32f10x_it.o(.text)
    UsageFault_Handler                       0x08000265   Thumb Code     2  stm32f10x_it.o(.text)
    SVC_Handler                              0x08000267   Thumb Code     2  stm32f10x_it.o(.text)
    DebugMon_Handler                         0x08000269   Thumb Code     2  stm32f10x_it.o(.text)
    PendSV_Handler                           0x0800026b   Thumb Code     2  stm32f10x_it.o(.text)
    SystemInit                               0x0800030d   Thumb Code    64  system_stm32f10x.o(.text)
    SystemCoreClockUpdate                    0x0800034d   Thumb Code    86  system_stm32f10x.o(.text)
    LCD_WR_REG                               0x080003c5   Thumb Code     6  lcd.o(.text)
    LCD_WR_DATA                              0x080003cb   Thumb Code     8  lcd.o(.text)
    LCD_RD_DATA                              0x080003d3   Thumb Code    18  lcd.o(.text)
    LCD_WriteReg                             0x080003e5   Thumb Code    10  lcd.o(.text)
    LCD_ReadReg                              0x080003ef   Thumb Code    18  lcd.o(.text)
    LCD_WriteRAM_Prepare                     0x08000401   Thumb Code    10  lcd.o(.text)
    LCD_WriteRAM                             0x0800040b   Thumb Code     8  lcd.o(.text)
    LCD_BGR2RGB                              0x08000413   Thumb Code    18  lcd.o(.text)
    opt_delay                                0x08000425   Thumb Code     8  lcd.o(.text)
    LCD_SetCursor                            0x0800042d   Thumb Code   318  lcd.o(.text)
    LCD_ReadPoint                            0x0800056b   Thumb Code   260  lcd.o(.text)
    LCD_DisplayOn                            0x0800066f   Thumb Code    66  lcd.o(.text)
    LCD_DisplayOff                           0x080006b1   Thumb Code    64  lcd.o(.text)
    LCD_Scan_Dir                             0x080006f1   Thumb Code   422  lcd.o(.text)
    LCD_DrawPoint                            0x08000897   Thumb Code    22  lcd.o(.text)
    LCD_Fast_DrawPoint                       0x080008ad   Thumb Code   276  lcd.o(.text)
    LCD_SSD_BackLightSet                     0x080009c1   Thumb Code    50  lcd.o(.text)
    LCD_Display_Dir                          0x080009f3   Thumb Code   302  lcd.o(.text)
    LCD_Set_Window                           0x08000b21   Thumb Code   390  lcd.o(.text)
    LCD_Clear                                0x08000ca7   Thumb Code   102  lcd.o(.text)
    LCD_Init                                 0x08000d0d   Thumb Code 11818  lcd.o(.text)
    LCD_Fill                                 0x08003b37   Thumb Code   132  lcd.o(.text)
    LCD_Color_Fill                           0x08003bbb   Thumb Code    84  lcd.o(.text)
    LCD_DrawLine                             0x08003c0f   Thumb Code   150  lcd.o(.text)
    LCD_DrawRectangle                        0x08003ca5   Thumb Code    54  lcd.o(.text)
    LCD_Draw_Circle                          0x08003cdb   Thumb Code   176  lcd.o(.text)
    LCD_ShowChar                             0x08003d8b   Thumb Code   182  lcd.o(.text)
    LCD_Pow                                  0x08003e41   Thumb Code    16  lcd.o(.text)
    LCD_ShowNum                              0x08003e51   Thumb Code   116  lcd.o(.text)
    LCD_ShowxNum                             0x08003ec5   Thumb Code   158  lcd.o(.text)
    LCD_ShowString                           0x08003f63   Thumb Code    82  lcd.o(.text)
    led_init                                 0x08003fb5   Thumb Code    70  atk_led.o(.text)
    atk_key_exit_init                        0x08004005   Thumb Code   256  atk_key.o(.text)
    EXTI0_IRQHandler                         0x08004105   Thumb Code    36  atk_key.o(.text)
    EXTI2_IRQHandler                         0x08004129   Thumb Code    34  atk_key.o(.text)
    EXTI3_IRQHandler                         0x0800414b   Thumb Code    34  atk_key.o(.text)
    EXTI4_IRQHandler                         0x0800416d   Thumb Code    34  atk_key.o(.text)
    atk_key_registercb                       0x0800418f   Thumb Code    14  atk_key.o(.text)
    atk_key_event_poll                       0x0800419d   Thumb Code   164  atk_key.o(.text)
    uart_event_registercb                    0x0800424d   Thumb Code    10  atk_nbiot_usart.o(.text)
    uart_event_set                           0x08004257   Thumb Code     8  atk_nbiot_usart.o(.text)
    uart_event_get                           0x0800425f   Thumb Code     6  atk_nbiot_usart.o(.text)
    uart_event_clr                           0x08004265   Thumb Code     8  atk_nbiot_usart.o(.text)
    uart_ring_buf_read                       0x0800426d   Thumb Code     6  atk_nbiot_usart.o(.text)
    uart_ring_buf_avail_len                  0x08004273   Thumb Code     6  atk_nbiot_usart.o(.text)
    uart_ring_buf_write                      0x08004279   Thumb Code     6  atk_nbiot_usart.o(.text)
    atk_nbiot_uart_init                      0x080042f9   Thumb Code   270  atk_nbiot_usart.o(.text)
    __uart_ilde_is_enable                    0x08004423   Thumb Code     8  atk_nbiot_usart.o(.text)
    USART3_IRQHandler                        0x0800442b   Thumb Code   190  atk_nbiot_usart.o(.text)
    uart_data_tx_poll                        0x080044e9   Thumb Code    86  atk_nbiot_usart.o(.text)
    uart_event_poll                          0x0800453f   Thumb Code     8  atk_nbiot_usart.o(.text)
    atk_tim3_int_init                        0x08004571   Thumb Code    92  atk_timer.o(.text)
    TIM3_IRQHandler                          0x080045cd   Thumb Code    62  atk_timer.o(.text)
    _sys_exit                                0x08004615   Thumb Code     2  atk_usart.o(.text)
    fputc                                    0x08004617   Thumb Code    18  atk_usart.o(.text)
    uart_init                                0x08004629   Thumb Code   152  atk_usart.o(.text)
    USART1_IRQHandler                        0x080046c1   Thumb Code    88  atk_usart.o(.text)
    WFI_SET                                  0x08004729   Thumb Code     4  atk_sys.o(.text)
    INTX_DISABLE                             0x0800472d   Thumb Code     4  atk_sys.o(.text)
    INTX_ENABLE                              0x08004731   Thumb Code     4  atk_sys.o(.text)
    SysTick_Handler                          0x08004735   Thumb Code     4  atk_delay.o(.text)
    delay_init                               0x08004739   Thumb Code    60  atk_delay.o(.text)
    delay_us                                 0x08004775   Thumb Code    48  atk_delay.o(.text)
    delay_ms                                 0x080047a5   Thumb Code    26  atk_delay.o(.text)
    Reset_Handler                            0x080047d1   Thumb Code     8  startup_stm32f10x_hd.o(.text)
    ADC1_2_IRQHandler                        0x080047eb   Thumb Code     0  startup_stm32f10x_hd.o(.text)
    ADC3_IRQHandler                          0x080047eb   Thumb Code     0  startup_stm32f10x_hd.o(.text)
    CAN1_RX1_IRQHandler                      0x080047eb   Thumb Code     0  startup_stm32f10x_hd.o(.text)
    CAN1_SCE_IRQHandler                      0x080047eb   Thumb Code     0  startup_stm32f10x_hd.o(.text)
    DMA1_Channel1_IRQHandler                 0x080047eb   Thumb Code     0  startup_stm32f10x_hd.o(.text)
    DMA1_Channel2_IRQHandler                 0x080047eb   Thumb Code     0  startup_stm32f10x_hd.o(.text)
    DMA1_Channel3_IRQHandler                 0x080047eb   Thumb Code     0  startup_stm32f10x_hd.o(.text)
    DMA1_Channel4_IRQHandler                 0x080047eb   Thumb Code     0  startup_stm32f10x_hd.o(.text)
    DMA1_Channel5_IRQHandler                 0x080047eb   Thumb Code     0  startup_stm32f10x_hd.o(.text)
    DMA1_Channel6_IRQHandler                 0x080047eb   Thumb Code     0  startup_stm32f10x_hd.o(.text)
    DMA1_Channel7_IRQHandler                 0x080047eb   Thumb Code     0  startup_stm32f10x_hd.o(.text)
    DMA2_Channel1_IRQHandler                 0x080047eb   Thumb Code     0  startup_stm32f10x_hd.o(.text)
    DMA2_Channel2_IRQHandler                 0x080047eb   Thumb Code     0  startup_stm32f10x_hd.o(.text)
    DMA2_Channel3_IRQHandler                 0x080047eb   Thumb Code     0  startup_stm32f10x_hd.o(.text)
    DMA2_Channel4_5_IRQHandler               0x080047eb   Thumb Code     0  startup_stm32f10x_hd.o(.text)
    EXTI15_10_IRQHandler                     0x080047eb   Thumb Code     0  startup_stm32f10x_hd.o(.text)
    EXTI1_IRQHandler                         0x080047eb   Thumb Code     0  startup_stm32f10x_hd.o(.text)
    EXTI9_5_IRQHandler                       0x080047eb   Thumb Code     0  startup_stm32f10x_hd.o(.text)
    FLASH_IRQHandler                         0x080047eb   Thumb Code     0  startup_stm32f10x_hd.o(.text)
    FSMC_IRQHandler                          0x080047eb   Thumb Code     0  startup_stm32f10x_hd.o(.text)
    I2C1_ER_IRQHandler                       0x080047eb   Thumb Code     0  startup_stm32f10x_hd.o(.text)
    I2C1_EV_IRQHandler                       0x080047eb   Thumb Code     0  startup_stm32f10x_hd.o(.text)
    I2C2_ER_IRQHandler                       0x080047eb   Thumb Code     0  startup_stm32f10x_hd.o(.text)
    I2C2_EV_IRQHandler                       0x080047eb   Thumb Code     0  startup_stm32f10x_hd.o(.text)
    PVD_IRQHandler                           0x080047eb   Thumb Code     0  startup_stm32f10x_hd.o(.text)
    RCC_IRQHandler                           0x080047eb   Thumb Code     0  startup_stm32f10x_hd.o(.text)
    RTCAlarm_IRQHandler                      0x080047eb   Thumb Code     0  startup_stm32f10x_hd.o(.text)
    RTC_IRQHandler                           0x080047eb   Thumb Code     0  startup_stm32f10x_hd.o(.text)
    SDIO_IRQHandler                          0x080047eb   Thumb Code     0  startup_stm32f10x_hd.o(.text)
    SPI1_IRQHandler                          0x080047eb   Thumb Code     0  startup_stm32f10x_hd.o(.text)
    SPI2_IRQHandler                          0x080047eb   Thumb Code     0  startup_stm32f10x_hd.o(.text)
    SPI3_IRQHandler                          0x080047eb   Thumb Code     0  startup_stm32f10x_hd.o(.text)
    TAMPER_IRQHandler                        0x080047eb   Thumb Code     0  startup_stm32f10x_hd.o(.text)
    TIM1_BRK_IRQHandler                      0x080047eb   Thumb Code     0  startup_stm32f10x_hd.o(.text)
    TIM1_CC_IRQHandler                       0x080047eb   Thumb Code     0  startup_stm32f10x_hd.o(.text)
    TIM1_TRG_COM_IRQHandler                  0x080047eb   Thumb Code     0  startup_stm32f10x_hd.o(.text)
    TIM1_UP_IRQHandler                       0x080047eb   Thumb Code     0  startup_stm32f10x_hd.o(.text)
    TIM2_IRQHandler                          0x080047eb   Thumb Code     0  startup_stm32f10x_hd.o(.text)
    TIM4_IRQHandler                          0x080047eb   Thumb Code     0  startup_stm32f10x_hd.o(.text)
    TIM5_IRQHandler                          0x080047eb   Thumb Code     0  startup_stm32f10x_hd.o(.text)
    TIM6_IRQHandler                          0x080047eb   Thumb Code     0  startup_stm32f10x_hd.o(.text)
    TIM7_IRQHandler                          0x080047eb   Thumb Code     0  startup_stm32f10x_hd.o(.text)
    TIM8_BRK_IRQHandler                      0x080047eb   Thumb Code     0  startup_stm32f10x_hd.o(.text)
    TIM8_CC_IRQHandler                       0x080047eb   Thumb Code     0  startup_stm32f10x_hd.o(.text)
    TIM8_TRG_COM_IRQHandler                  0x080047eb   Thumb Code     0  startup_stm32f10x_hd.o(.text)
    TIM8_UP_IRQHandler                       0x080047eb   Thumb Code     0  startup_stm32f10x_hd.o(.text)
    UART4_IRQHandler                         0x080047eb   Thumb Code     0  startup_stm32f10x_hd.o(.text)
    UART5_IRQHandler                         0x080047eb   Thumb Code     0  startup_stm32f10x_hd.o(.text)
    USART2_IRQHandler                        0x080047eb   Thumb Code     0  startup_stm32f10x_hd.o(.text)
    USBWakeUp_IRQHandler                     0x080047eb   Thumb Code     0  startup_stm32f10x_hd.o(.text)
    USB_HP_CAN1_TX_IRQHandler                0x080047eb   Thumb Code     0  startup_stm32f10x_hd.o(.text)
    USB_LP_CAN1_RX0_IRQHandler               0x080047eb   Thumb Code     0  startup_stm32f10x_hd.o(.text)
    WWDG_IRQHandler                          0x080047eb   Thumb Code     0  startup_stm32f10x_hd.o(.text)
    __user_initial_stackheap                 0x080047ed   Thumb Code     0  startup_stm32f10x_hd.o(.text)
    NVIC_PriorityGroupConfig                 0x08004811   Thumb Code    10  misc.o(.text)
    NVIC_Init                                0x0800481b   Thumb Code    94  misc.o(.text)
    NVIC_SetVectorTable                      0x08004879   Thumb Code    14  misc.o(.text)
    NVIC_SystemLPConfig                      0x08004887   Thumb Code    20  misc.o(.text)
    SysTick_CLKSourceConfig                  0x0800489b   Thumb Code    24  misc.o(.text)
    FSMC_NORSRAMDeInit                       0x080048c1   Thumb Code    38  stm32f10x_fsmc.o(.text)
    FSMC_NANDDeInit                          0x080048e7   Thumb Code    40  stm32f10x_fsmc.o(.text)
    FSMC_PCCARDDeInit                        0x0800490f   Thumb Code    26  stm32f10x_fsmc.o(.text)
    FSMC_NORSRAMInit                         0x08004929   Thumb Code   200  stm32f10x_fsmc.o(.text)
    FSMC_NANDInit                            0x080049f1   Thumb Code   104  stm32f10x_fsmc.o(.text)
    FSMC_PCCARDInit                          0x08004a59   Thumb Code   102  stm32f10x_fsmc.o(.text)
    FSMC_NORSRAMStructInit                   0x08004abf   Thumb Code    98  stm32f10x_fsmc.o(.text)
    FSMC_NANDStructInit                      0x08004b21   Thumb Code    54  stm32f10x_fsmc.o(.text)
    FSMC_PCCARDStructInit                    0x08004b57   Thumb Code    60  stm32f10x_fsmc.o(.text)
    FSMC_NORSRAMCmd                          0x08004b93   Thumb Code    26  stm32f10x_fsmc.o(.text)
    FSMC_NANDCmd                             0x08004bad   Thumb Code    54  stm32f10x_fsmc.o(.text)
    FSMC_PCCARDCmd                           0x08004be3   Thumb Code    28  stm32f10x_fsmc.o(.text)
    FSMC_NANDECCCmd                          0x08004bff   Thumb Code    54  stm32f10x_fsmc.o(.text)
    FSMC_GetECC                              0x08004c35   Thumb Code    18  stm32f10x_fsmc.o(.text)
    FSMC_ITConfig                            0x08004c47   Thumb Code    72  stm32f10x_fsmc.o(.text)
    FSMC_GetFlagStatus                       0x08004c8f   Thumb Code    40  stm32f10x_fsmc.o(.text)
    FSMC_ClearFlag                           0x08004cb7   Thumb Code    38  stm32f10x_fsmc.o(.text)
    FSMC_GetITStatus                         0x08004cdd   Thumb Code    48  stm32f10x_fsmc.o(.text)
    FSMC_ClearITPendingBit                   0x08004d0d   Thumb Code    42  stm32f10x_fsmc.o(.text)
    GPIO_DeInit                              0x08004d3d   Thumb Code   152  stm32f10x_gpio.o(.text)
    GPIO_AFIODeInit                          0x08004dd5   Thumb Code    22  stm32f10x_gpio.o(.text)
    GPIO_Init                                0x08004deb   Thumb Code   156  stm32f10x_gpio.o(.text)
    GPIO_StructInit                          0x08004e87   Thumb Code    16  stm32f10x_gpio.o(.text)
    GPIO_ReadInputDataBit                    0x08004e97   Thumb Code    14  stm32f10x_gpio.o(.text)
    GPIO_ReadInputData                       0x08004ea5   Thumb Code     6  stm32f10x_gpio.o(.text)
    GPIO_ReadOutputDataBit                   0x08004eab   Thumb Code    14  stm32f10x_gpio.o(.text)
    GPIO_ReadOutputData                      0x08004eb9   Thumb Code     6  stm32f10x_gpio.o(.text)
    GPIO_SetBits                             0x08004ebf   Thumb Code     4  stm32f10x_gpio.o(.text)
    GPIO_ResetBits                           0x08004ec3   Thumb Code     4  stm32f10x_gpio.o(.text)
    GPIO_WriteBit                            0x08004ec7   Thumb Code    10  stm32f10x_gpio.o(.text)
    GPIO_Write                               0x08004ed1   Thumb Code     4  stm32f10x_gpio.o(.text)
    GPIO_PinLockConfig                       0x08004ed5   Thumb Code    16  stm32f10x_gpio.o(.text)
    GPIO_EventOutputConfig                   0x08004ee5   Thumb Code    22  stm32f10x_gpio.o(.text)
    GPIO_EventOutputCmd                      0x08004efb   Thumb Code     6  stm32f10x_gpio.o(.text)
    GPIO_PinRemapConfig                      0x08004f01   Thumb Code    82  stm32f10x_gpio.o(.text)
    GPIO_EXTILineConfig                      0x08004f53   Thumb Code    34  stm32f10x_gpio.o(.text)
    GPIO_ETH_MediaInterfaceConfig            0x08004f75   Thumb Code     8  stm32f10x_gpio.o(.text)
    RCC_DeInit                               0x08004fa1   Thumb Code    50  stm32f10x_rcc.o(.text)
    RCC_HSEConfig                            0x08004fd3   Thumb Code    48  stm32f10x_rcc.o(.text)
    RCC_GetFlagStatus                        0x08005003   Thumb Code    42  stm32f10x_rcc.o(.text)
    RCC_WaitForHSEStartUp                    0x0800502d   Thumb Code    44  stm32f10x_rcc.o(.text)
    RCC_AdjustHSICalibrationValue            0x08005059   Thumb Code    16  stm32f10x_rcc.o(.text)
    RCC_HSICmd                               0x08005069   Thumb Code     6  stm32f10x_rcc.o(.text)
    RCC_PLLConfig                            0x0800506f   Thumb Code    16  stm32f10x_rcc.o(.text)
    RCC_PLLCmd                               0x0800507f   Thumb Code     6  stm32f10x_rcc.o(.text)
    RCC_SYSCLKConfig                         0x08005085   Thumb Code    14  stm32f10x_rcc.o(.text)
    RCC_GetSYSCLKSource                      0x08005093   Thumb Code    10  stm32f10x_rcc.o(.text)
    RCC_HCLKConfig                           0x0800509d   Thumb Code    14  stm32f10x_rcc.o(.text)
    RCC_PCLK1Config                          0x080050ab   Thumb Code    14  stm32f10x_rcc.o(.text)
    RCC_PCLK2Config                          0x080050b9   Thumb Code    16  stm32f10x_rcc.o(.text)
    RCC_ITConfig                             0x080050c9   Thumb Code    18  stm32f10x_rcc.o(.text)
    RCC_USBCLKConfig                         0x080050db   Thumb Code     8  stm32f10x_rcc.o(.text)
    RCC_ADCCLKConfig                         0x080050e3   Thumb Code    14  stm32f10x_rcc.o(.text)
    RCC_LSEConfig                            0x080050f1   Thumb Code    28  stm32f10x_rcc.o(.text)
    RCC_LSICmd                               0x0800510d   Thumb Code     6  stm32f10x_rcc.o(.text)
    RCC_RTCCLKConfig                         0x08005113   Thumb Code    10  stm32f10x_rcc.o(.text)
    RCC_RTCCLKCmd                            0x0800511d   Thumb Code     8  stm32f10x_rcc.o(.text)
    RCC_GetClocksFreq                        0x08005125   Thumb Code   132  stm32f10x_rcc.o(.text)
    RCC_AHBPeriphClockCmd                    0x080051a9   Thumb Code    18  stm32f10x_rcc.o(.text)
    RCC_APB2PeriphClockCmd                   0x080051bb   Thumb Code    18  stm32f10x_rcc.o(.text)
    RCC_APB1PeriphClockCmd                   0x080051cd   Thumb Code    18  stm32f10x_rcc.o(.text)
    RCC_APB2PeriphResetCmd                   0x080051df   Thumb Code    18  stm32f10x_rcc.o(.text)
    RCC_APB1PeriphResetCmd                   0x080051f1   Thumb Code    18  stm32f10x_rcc.o(.text)
    RCC_BackupResetCmd                       0x08005203   Thumb Code     8  stm32f10x_rcc.o(.text)
    RCC_ClockSecuritySystemCmd               0x0800520b   Thumb Code     6  stm32f10x_rcc.o(.text)
    RCC_MCOConfig                            0x08005211   Thumb Code     6  stm32f10x_rcc.o(.text)
    RCC_ClearFlag                            0x08005217   Thumb Code    12  stm32f10x_rcc.o(.text)
    RCC_GetITStatus                          0x08005223   Thumb Code    16  stm32f10x_rcc.o(.text)
    RCC_ClearITPendingBit                    0x08005233   Thumb Code     6  stm32f10x_rcc.o(.text)
    USART_DeInit                             0x08005259   Thumb Code    96  stm32f10x_usart.o(.text)
    USART_Init                               0x080052b9   Thumb Code   166  stm32f10x_usart.o(.text)
    USART_StructInit                         0x0800535f   Thumb Code    22  stm32f10x_usart.o(.text)
    USART_ClockInit                          0x08005375   Thumb Code    30  stm32f10x_usart.o(.text)
    USART_ClockStructInit                    0x08005393   Thumb Code    12  stm32f10x_usart.o(.text)
    USART_Cmd                                0x0800539f   Thumb Code    20  stm32f10x_usart.o(.text)
    USART_ITConfig                           0x080053b3   Thumb Code    48  stm32f10x_usart.o(.text)
    USART_DMACmd                             0x080053e3   Thumb Code    16  stm32f10x_usart.o(.text)
    USART_SetAddress                         0x080053f3   Thumb Code    16  stm32f10x_usart.o(.text)
    USART_WakeUpConfig                       0x08005403   Thumb Code    16  stm32f10x_usart.o(.text)
    USART_ReceiverWakeUpCmd                  0x08005413   Thumb Code    20  stm32f10x_usart.o(.text)
    USART_LINBreakDetectLengthConfig         0x08005427   Thumb Code    16  stm32f10x_usart.o(.text)
    USART_LINCmd                             0x08005437   Thumb Code    20  stm32f10x_usart.o(.text)
    USART_SendData                           0x0800544b   Thumb Code     8  stm32f10x_usart.o(.text)
    USART_ReceiveData                        0x08005453   Thumb Code     8  stm32f10x_usart.o(.text)
    USART_SendBreak                          0x0800545b   Thumb Code    10  stm32f10x_usart.o(.text)
    USART_SetGuardTime                       0x08005465   Thumb Code    16  stm32f10x_usart.o(.text)
    USART_SetPrescaler                       0x08005475   Thumb Code    16  stm32f10x_usart.o(.text)
    USART_SmartCardCmd                       0x08005485   Thumb Code    20  stm32f10x_usart.o(.text)
    USART_SmartCardNACKCmd                   0x08005499   Thumb Code    20  stm32f10x_usart.o(.text)
    USART_HalfDuplexCmd                      0x080054ad   Thumb Code    20  stm32f10x_usart.o(.text)
    USART_OverSampling8Cmd                   0x080054c1   Thumb Code    20  stm32f10x_usart.o(.text)
    USART_OneBitMethodCmd                    0x080054d5   Thumb Code    20  stm32f10x_usart.o(.text)
    USART_IrDAConfig                         0x080054e9   Thumb Code    16  stm32f10x_usart.o(.text)
    USART_IrDACmd                            0x080054f9   Thumb Code    20  stm32f10x_usart.o(.text)
    USART_GetFlagStatus                      0x0800550d   Thumb Code    14  stm32f10x_usart.o(.text)
    USART_ClearFlag                          0x0800551b   Thumb Code     6  stm32f10x_usart.o(.text)
    USART_GetITStatus                        0x08005521   Thumb Code    62  stm32f10x_usart.o(.text)
    USART_ClearITPendingBit                  0x0800555f   Thumb Code    12  stm32f10x_usart.o(.text)
    EXTI_DeInit                              0x08005581   Thumb Code    28  stm32f10x_exti.o(.text)
    EXTI_Init                                0x0800559d   Thumb Code   108  stm32f10x_exti.o(.text)
    EXTI_StructInit                          0x08005609   Thumb Code    14  stm32f10x_exti.o(.text)
    EXTI_GenerateSWInterrupt                 0x08005617   Thumb Code    12  stm32f10x_exti.o(.text)
    EXTI_GetFlagStatus                       0x08005623   Thumb Code    18  stm32f10x_exti.o(.text)
    EXTI_ClearFlag                           0x08005635   Thumb Code     8  stm32f10x_exti.o(.text)
    EXTI_GetITStatus                         0x0800563d   Thumb Code    28  stm32f10x_exti.o(.text)
    EXTI_ClearITPendingBit                   0x08005659   Thumb Code     8  stm32f10x_exti.o(.text)
    TIM_DeInit                               0x08005669   Thumb Code   304  stm32f10x_tim.o(.text)
    TIM_TimeBaseInit                         0x08005799   Thumb Code   114  stm32f10x_tim.o(.text)
    TIM_OC1Init                              0x0800580b   Thumb Code   106  stm32f10x_tim.o(.text)
    TIM_OC2Init                              0x08005875   Thumb Code   120  stm32f10x_tim.o(.text)
    TIM_OC3Init                              0x080058ed   Thumb Code   116  stm32f10x_tim.o(.text)
    TIM_OC4Init                              0x08005961   Thumb Code    90  stm32f10x_tim.o(.text)
    TIM_SetIC4Prescaler                      0x080059bb   Thumb Code    24  stm32f10x_tim.o(.text)
    TIM_SetIC3Prescaler                      0x080059d3   Thumb Code    16  stm32f10x_tim.o(.text)
    TIM_SetIC2Prescaler                      0x080059e3   Thumb Code    24  stm32f10x_tim.o(.text)
    TIM_SetIC1Prescaler                      0x08005aa1   Thumb Code    16  stm32f10x_tim.o(.text)
    TIM_ICInit                               0x08005b09   Thumb Code   270  stm32f10x_tim.o(.text)
    TIM_PWMIConfig                           0x08005c17   Thumb Code   104  stm32f10x_tim.o(.text)
    TIM_BDTRConfig                           0x08005c7f   Thumb Code    34  stm32f10x_tim.o(.text)
    TIM_TimeBaseStructInit                   0x08005ca1   Thumb Code    18  stm32f10x_tim.o(.text)
    TIM_OCStructInit                         0x08005cb3   Thumb Code    20  stm32f10x_tim.o(.text)
    TIM_ICStructInit                         0x08005cc7   Thumb Code    16  stm32f10x_tim.o(.text)
    TIM_BDTRStructInit                       0x08005cd7   Thumb Code    18  stm32f10x_tim.o(.text)
    TIM_Cmd                                  0x08005ce9   Thumb Code    20  stm32f10x_tim.o(.text)
    TIM_CtrlPWMOutputs                       0x08005cfd   Thumb Code    22  stm32f10x_tim.o(.text)
    TIM_ITConfig                             0x08005d13   Thumb Code    16  stm32f10x_tim.o(.text)
    TIM_GenerateEvent                        0x08005d23   Thumb Code     4  stm32f10x_tim.o(.text)
    TIM_DMAConfig                            0x08005d27   Thumb Code     8  stm32f10x_tim.o(.text)
    TIM_DMACmd                               0x08005d2f   Thumb Code    16  stm32f10x_tim.o(.text)
    TIM_InternalClockConfig                  0x08005d3f   Thumb Code    10  stm32f10x_tim.o(.text)
    TIM_SelectInputTrigger                   0x08005d49   Thumb Code    12  stm32f10x_tim.o(.text)
    TIM_ITRxExternalClockConfig              0x08005d55   Thumb Code    18  stm32f10x_tim.o(.text)
    TIM_TIxExternalClockConfig               0x08005d67   Thumb Code    46  stm32f10x_tim.o(.text)
    TIM_ETRConfig                            0x08005d95   Thumb Code    24  stm32f10x_tim.o(.text)
    TIM_ETRClockMode1Config                  0x08005dad   Thumb Code    18  stm32f10x_tim.o(.text)
    TIM_ETRClockMode2Config                  0x08005dbf   Thumb Code    18  stm32f10x_tim.o(.text)
    TIM_PrescalerConfig                      0x08005dd1   Thumb Code     6  stm32f10x_tim.o(.text)
    TIM_CounterModeConfig                    0x08005dd7   Thumb Code    12  stm32f10x_tim.o(.text)
    TIM_EncoderInterfaceConfig               0x08005de3   Thumb Code    50  stm32f10x_tim.o(.text)
    TIM_ForcedOC1Config                      0x08005e15   Thumb Code    12  stm32f10x_tim.o(.text)
    TIM_ForcedOC2Config                      0x08005e21   Thumb Code    20  stm32f10x_tim.o(.text)
    TIM_ForcedOC3Config                      0x08005e35   Thumb Code    12  stm32f10x_tim.o(.text)
    TIM_ForcedOC4Config                      0x08005e41   Thumb Code    20  stm32f10x_tim.o(.text)
    TIM_ARRPreloadConfig                     0x08005e55   Thumb Code    20  stm32f10x_tim.o(.text)
    TIM_SelectCOM                            0x08005e69   Thumb Code    20  stm32f10x_tim.o(.text)
    TIM_SelectCCDMA                          0x08005e7d   Thumb Code    20  stm32f10x_tim.o(.text)
    TIM_CCPreloadControl                     0x08005e91   Thumb Code    20  stm32f10x_tim.o(.text)
    TIM_OC1PreloadConfig                     0x08005ea5   Thumb Code    32  stm32f10x_tim.o(.text)
    TIM_OC2PreloadConfig                     0x08005ec5   Thumb Code    20  stm32f10x_tim.o(.text)
    TIM_OC3PreloadConfig                     0x08005ed9   Thumb Code    12  stm32f10x_tim.o(.text)
    TIM_OC4PreloadConfig                     0x08005ee5   Thumb Code    20  stm32f10x_tim.o(.text)
    TIM_OC1FastConfig                        0x08005ef9   Thumb Code    12  stm32f10x_tim.o(.text)
    TIM_OC2FastConfig                        0x08005f05   Thumb Code    20  stm32f10x_tim.o(.text)
    TIM_OC3FastConfig                        0x08005f19   Thumb Code    12  stm32f10x_tim.o(.text)
    TIM_OC4FastConfig                        0x08005f25   Thumb Code    20  stm32f10x_tim.o(.text)
    TIM_ClearOC1Ref                          0x08005f39   Thumb Code    12  stm32f10x_tim.o(.text)
    TIM_ClearOC2Ref                          0x08005f45   Thumb Code    20  stm32f10x_tim.o(.text)
    TIM_ClearOC3Ref                          0x08005f59   Thumb Code    12  stm32f10x_tim.o(.text)
    TIM_ClearOC4Ref                          0x08005f65   Thumb Code    20  stm32f10x_tim.o(.text)
    TIM_OC1PolarityConfig                    0x08005f79   Thumb Code    12  stm32f10x_tim.o(.text)
    TIM_OC1NPolarityConfig                   0x08005f85   Thumb Code    12  stm32f10x_tim.o(.text)
    TIM_OC2PolarityConfig                    0x08005f91   Thumb Code    20  stm32f10x_tim.o(.text)
    TIM_OC2NPolarityConfig                   0x08005fa5   Thumb Code    20  stm32f10x_tim.o(.text)
    TIM_OC3PolarityConfig                    0x08005fb9   Thumb Code    20  stm32f10x_tim.o(.text)
    TIM_OC3NPolarityConfig                   0x08005fcd   Thumb Code    20  stm32f10x_tim.o(.text)
    TIM_OC4PolarityConfig                    0x08005fe1   Thumb Code    20  stm32f10x_tim.o(.text)
    TIM_CCxCmd                               0x08005ff5   Thumb Code    22  stm32f10x_tim.o(.text)
    TIM_CCxNCmd                              0x0800600b   Thumb Code    22  stm32f10x_tim.o(.text)
    TIM_SelectOCxM                           0x08006021   Thumb Code    70  stm32f10x_tim.o(.text)
    TIM_UpdateDisableConfig                  0x08006067   Thumb Code    20  stm32f10x_tim.o(.text)
    TIM_UpdateRequestConfig                  0x0800607b   Thumb Code    20  stm32f10x_tim.o(.text)
    TIM_SelectHallSensor                     0x0800608f   Thumb Code    20  stm32f10x_tim.o(.text)
    TIM_SelectOnePulseMode                   0x080060a3   Thumb Code    16  stm32f10x_tim.o(.text)
    TIM_SelectOutputTrigger                  0x080060b3   Thumb Code    16  stm32f10x_tim.o(.text)
    TIM_SelectSlaveMode                      0x080060c3   Thumb Code    16  stm32f10x_tim.o(.text)
    TIM_SelectMasterSlaveMode                0x080060d3   Thumb Code    16  stm32f10x_tim.o(.text)
    TIM_SetCounter                           0x080060e3   Thumb Code     4  stm32f10x_tim.o(.text)
    TIM_SetAutoreload                        0x080060e7   Thumb Code     4  stm32f10x_tim.o(.text)
    TIM_SetCompare1                          0x080060eb   Thumb Code     4  stm32f10x_tim.o(.text)
    TIM_SetCompare2                          0x080060ef   Thumb Code     4  stm32f10x_tim.o(.text)
    TIM_SetCompare3                          0x080060f3   Thumb Code     4  stm32f10x_tim.o(.text)
    TIM_SetCompare4                          0x080060f7   Thumb Code     6  stm32f10x_tim.o(.text)
    TIM_SetClockDivision                     0x080060fd   Thumb Code    16  stm32f10x_tim.o(.text)
    TIM_GetCapture1                          0x0800610d   Thumb Code     4  stm32f10x_tim.o(.text)
    TIM_GetCapture2                          0x08006111   Thumb Code     4  stm32f10x_tim.o(.text)
    TIM_GetCapture3                          0x08006115   Thumb Code     4  stm32f10x_tim.o(.text)
    TIM_GetCapture4                          0x08006119   Thumb Code     6  stm32f10x_tim.o(.text)
    TIM_GetCounter                           0x0800611f   Thumb Code     4  stm32f10x_tim.o(.text)
    TIM_GetPrescaler                         0x08006123   Thumb Code     4  stm32f10x_tim.o(.text)
    TIM_GetFlagStatus                        0x08006127   Thumb Code    14  stm32f10x_tim.o(.text)
    TIM_ClearFlag                            0x08006135   Thumb Code     6  stm32f10x_tim.o(.text)
    TIM_GetITStatus                          0x0800613b   Thumb Code    24  stm32f10x_tim.o(.text)
    TIM_ClearITPendingBit                    0x08006153   Thumb Code     6  stm32f10x_tim.o(.text)
    atk_soft_timer_getick                    0x08006159   Thumb Code     6  atk_soft_timer.o(.text)
    atk_soft_timer_init                      0x0800615f   Thumb Code    14  atk_soft_timer.o(.text)
    atk_soft_timer_timeout_change            0x0800616d   Thumb Code    54  atk_soft_timer.o(.text)
    atk_soft_timer_start                     0x080061a3   Thumb Code    52  atk_soft_timer.o(.text)
    atk_soft_timer_stop                      0x080061d7   Thumb Code    38  atk_soft_timer.o(.text)
    atk_soft_timer_poll                      0x080061fd   Thumb Code    50  atk_soft_timer.o(.text)
    atk_soft_timer_ticks                     0x0800622f   Thumb Code    10  atk_soft_timer.o(.text)
    atk_ring_buf_init                        0x0800623d   Thumb Code    20  atk_ring_buf.o(.text)
    atk_ring_buf_write                       0x08006251   Thumb Code    50  atk_ring_buf.o(.text)
    atk_ring_buf_avail_len                   0x08006283   Thumb Code     4  atk_ring_buf.o(.text)
    atk_ring_buf_read                        0x08006287   Thumb Code    40  atk_ring_buf.o(.text)
    atk_ring_buf_size_read                   0x080062af   Thumb Code    38  atk_ring_buf.o(.text)
    atk_ring_buf_size_write                  0x080062d5   Thumb Code    46  atk_ring_buf.o(.text)
    demo_soft_timer_entry                    0x08006329   Thumb Code    54  demo_soft_timer_entry.o(.text)
    __use_no_semihosting                     0x08006395   Thumb Code     2  use_no_semi_2.o(.text)
    __2printf                                0x08006399   Thumb Code    20  __2printf.o(.text)
    __printf                                 0x080063b1   Thumb Code   104  __printf.o(.text)
    _printf_int_hex                          0x08006419   Thumb Code    84  _printf_hex_int.o(.text)
    _printf_longlong_hex                     0x08006419   Thumb Code     0  _printf_hex_int.o(.text)
    __use_two_region_memory                  0x08006471   Thumb Code     2  heapauxi.o(.text)
    __rt_heap_escrow$2region                 0x08006473   Thumb Code     2  heapauxi.o(.text)
    __rt_heap_expand$2region                 0x08006475   Thumb Code     2  heapauxi.o(.text)
    __I$use$semihosting                      0x08006477   Thumb Code     0  use_no_semi.o(.text)
    __use_no_semihosting_swi                 0x08006477   Thumb Code     2  use_no_semi.o(.text)
    _printf_int_common                       0x08006479   Thumb Code   178  _printf_intcommon.o(.text)
    _printf_char_common                      0x08006537   Thumb Code    32  _printf_char_common.o(.text)
    _printf_char_file                        0x0800655d   Thumb Code    32  _printf_char_file.o(.text)
    __user_libspace                          0x08006581   Thumb Code     8  libspace.o(.text)
    __user_perproc_libspace                  0x08006581   Thumb Code     0  libspace.o(.text)
    __user_perthread_libspace                0x08006581   Thumb Code     0  libspace.o(.text)
    ferror                                   0x08006589   Thumb Code     8  ferror.o(.text)
    __user_setup_stackheap                   0x08006591   Thumb Code    74  sys_stackheap_outer.o(.text)
    exit                                     0x080065db   Thumb Code    18  exit.o(.text)
    __aeabi_d2uiz                            0x080065ed   Thumb Code     0  dfixu.o(x$fpl$dfixu)
    _dfixu                                   0x080065ed   Thumb Code    90  dfixu.o(x$fpl$dfixu)
    __aeabi_ui2d                             0x08006647   Thumb Code     0  dflt_clz.o(x$fpl$dfltu)
    _dfltu                                   0x08006647   Thumb Code    38  dflt_clz.o(x$fpl$dfltu)
    __aeabi_dmul                             0x0800666d   Thumb Code     0  dmul.o(x$fpl$dmul)
    _dmul                                    0x0800666d   Thumb Code   332  dmul.o(x$fpl$dmul)
    __fpl_dnaninf                            0x080067c1   Thumb Code   156  dnaninf.o(x$fpl$dnaninf)
    __fpl_dretinf                            0x0800685d   Thumb Code    12  dretinf.o(x$fpl$dretinf)
    __I$use$fp                               0x08006868   Number         0  usenofp.o(x$fpl$usenofp)
    asc2_1206                                0x08006868   Data        1140  lcd.o(.constdata)
    asc2_1608                                0x08006cdc   Data        1520  lcd.o(.constdata)
    asc2_2412                                0x080072cc   Data        3420  lcd.o(.constdata)
    Region$$Table$$Base                      0x08008050   Number         0  anon$$obj.o(Region$$Table)
    Region$$Table$$Limit                     0x08008070   Number         0  anon$$obj.o(Region$$Table)
    SystemCoreClock                          0x20000000   Data           4  system_stm32f10x.o(.data)
    AHBPrescTable                            0x20000004   Data          16  system_stm32f10x.o(.data)
    POINT_COLOR                              0x20000014   Data           2  lcd.o(.data)
    BACK_COLOR                               0x20000016   Data           2  lcd.o(.data)
    USART_RX_STA                             0x20000018   Data           2  atk_usart.o(.data)
    __stdout                                 0x2000001c   Data           4  atk_usart.o(.data)
    lcddev                                   0x20000044   Data          14  lcd.o(.bss)
    USART_RX_BUF                             0x200002b0   Data         200  atk_usart.o(.bss)
    __libspace_start                         0x200003a0   Data          96  libspace.o(.bss)
    __temporary_stack_top$libspace           0x20000400   Data           0  libspace.o(.bss)



==============================================================================

Memory Map of the image

  Image Entry point : 0x08000131

  Load Region LR_IROM1 (Base: 0x08000000, Size: 0x000080b4, Max: 0x00080000, ABSOLUTE)

    Execution Region ER_IROM1 (Base: 0x08000000, Size: 0x00008070, Max: 0x00080000, ABSOLUTE)

    Base Addr    Size         Type   Attr      Idx    E Section Name        Object

    0x08000000   0x00000130   Data   RO          403    RESET               startup_stm32f10x_hd.o
    0x08000130   0x00000008   Code   RO          783  * !!!main             c_w.l(__main.o)
    0x08000138   0x00000034   Code   RO         1003    !!!scatter          c_w.l(__scatter.o)
    0x0800016c   0x0000001a   Code   RO         1005    !!handler_copy      c_w.l(__scatter_copy.o)
    0x08000186   0x00000002   PAD
    0x08000188   0x0000001c   Code   RO         1007    !!handler_zi        c_w.l(__scatter_zi.o)
    0x080001a4   0x00000000   Code   RO          763    .ARM.Collect$$_printf_percent$$00000000  c_w.l(_printf_percent.o)
    0x080001a4   0x00000006   Code   RO          761    .ARM.Collect$$_printf_percent$$0000000C  c_w.l(_printf_x.o)
    0x080001aa   0x00000004   Code   RO          819    .ARM.Collect$$_printf_percent$$00000017  c_w.l(_printf_percent_end.o)
    0x080001ae   0x00000002   Code   RO          880    .ARM.Collect$$libinit$$00000000  c_w.l(libinit.o)
    0x080001b0   0x00000000   Code   RO          882    .ARM.Collect$$libinit$$00000002  c_w.l(libinit2.o)
    0x080001b0   0x00000000   Code   RO          884    .ARM.Collect$$libinit$$00000004  c_w.l(libinit2.o)
    0x080001b0   0x00000000   Code   RO          887    .ARM.Collect$$libinit$$0000000A  c_w.l(libinit2.o)
    0x080001b0   0x00000000   Code   RO          889    .ARM.Collect$$libinit$$0000000C  c_w.l(libinit2.o)
    0x080001b0   0x00000000   Code   RO          891    .ARM.Collect$$libinit$$0000000E  c_w.l(libinit2.o)
    0x080001b0   0x00000000   Code   RO          894    .ARM.Collect$$libinit$$00000011  c_w.l(libinit2.o)
    0x080001b0   0x00000000   Code   RO          896    .ARM.Collect$$libinit$$00000013  c_w.l(libinit2.o)
    0x080001b0   0x00000000   Code   RO          898    .ARM.Collect$$libinit$$00000015  c_w.l(libinit2.o)
    0x080001b0   0x00000000   Code   RO          900    .ARM.Collect$$libinit$$00000017  c_w.l(libinit2.o)
    0x080001b0   0x00000000   Code   RO          902    .ARM.Collect$$libinit$$00000019  c_w.l(libinit2.o)
    0x080001b0   0x00000000   Code   RO          904    .ARM.Collect$$libinit$$0000001B  c_w.l(libinit2.o)
    0x080001b0   0x00000000   Code   RO          906    .ARM.Collect$$libinit$$0000001D  c_w.l(libinit2.o)
    0x080001b0   0x00000000   Code   RO          908    .ARM.Collect$$libinit$$0000001F  c_w.l(libinit2.o)
    0x080001b0   0x00000000   Code   RO          910    .ARM.Collect$$libinit$$00000021  c_w.l(libinit2.o)
    0x080001b0   0x00000000   Code   RO          912    .ARM.Collect$$libinit$$00000023  c_w.l(libinit2.o)
    0x080001b0   0x00000000   Code   RO          914    .ARM.Collect$$libinit$$00000025  c_w.l(libinit2.o)
    0x080001b0   0x00000000   Code   RO          918    .ARM.Collect$$libinit$$0000002C  c_w.l(libinit2.o)
    0x080001b0   0x00000000   Code   RO          920    .ARM.Collect$$libinit$$0000002E  c_w.l(libinit2.o)
    0x080001b0   0x00000000   Code   RO          922    .ARM.Collect$$libinit$$00000030  c_w.l(libinit2.o)
    0x080001b0   0x00000000   Code   RO          924    .ARM.Collect$$libinit$$00000032  c_w.l(libinit2.o)
    0x080001b0   0x00000002   Code   RO          925    .ARM.Collect$$libinit$$00000033  c_w.l(libinit2.o)
    0x080001b2   0x00000002   Code   RO          953    .ARM.Collect$$libshutdown$$00000000  c_w.l(libshutdown.o)
    0x080001b4   0x00000000   Code   RO          962    .ARM.Collect$$libshutdown$$00000002  c_w.l(libshutdown2.o)
    0x080001b4   0x00000000   Code   RO          964    .ARM.Collect$$libshutdown$$00000004  c_w.l(libshutdown2.o)
    0x080001b4   0x00000000   Code   RO          967    .ARM.Collect$$libshutdown$$00000007  c_w.l(libshutdown2.o)
    0x080001b4   0x00000000   Code   RO          970    .ARM.Collect$$libshutdown$$0000000A  c_w.l(libshutdown2.o)
    0x080001b4   0x00000000   Code   RO          972    .ARM.Collect$$libshutdown$$0000000C  c_w.l(libshutdown2.o)
    0x080001b4   0x00000000   Code   RO          975    .ARM.Collect$$libshutdown$$0000000F  c_w.l(libshutdown2.o)
    0x080001b4   0x00000002   Code   RO          976    .ARM.Collect$$libshutdown$$00000010  c_w.l(libshutdown2.o)
    0x080001b6   0x00000000   Code   RO          799    .ARM.Collect$$rtentry$$00000000  c_w.l(__rtentry.o)
    0x080001b6   0x00000000   Code   RO          835    .ARM.Collect$$rtentry$$00000002  c_w.l(__rtentry2.o)
    0x080001b6   0x00000006   Code   RO          847    .ARM.Collect$$rtentry$$00000004  c_w.l(__rtentry4.o)
    0x080001bc   0x00000000   Code   RO          837    .ARM.Collect$$rtentry$$00000009  c_w.l(__rtentry2.o)
    0x080001bc   0x00000004   Code   RO          838    .ARM.Collect$$rtentry$$0000000A  c_w.l(__rtentry2.o)
    0x080001c0   0x00000000   Code   RO          840    .ARM.Collect$$rtentry$$0000000C  c_w.l(__rtentry2.o)
    0x080001c0   0x00000008   Code   RO          841    .ARM.Collect$$rtentry$$0000000D  c_w.l(__rtentry2.o)
    0x080001c8   0x00000002   Code   RO          926    .ARM.Collect$$rtexit$$00000000  c_w.l(rtexit.o)
    0x080001ca   0x00000000   Code   RO          933    .ARM.Collect$$rtexit$$00000002  c_w.l(rtexit2.o)
    0x080001ca   0x00000004   Code   RO          934    .ARM.Collect$$rtexit$$00000003  c_w.l(rtexit2.o)
    0x080001ce   0x00000006   Code   RO          935    .ARM.Collect$$rtexit$$00000004  c_w.l(rtexit2.o)
    0x080001d4   0x00000088   Code   RO            1    .text               main.o
    0x0800025c   0x00000010   Code   RO          158    .text               stm32f10x_it.o
    0x0800026c   0x00000158   Code   RO          199    .text               system_stm32f10x.o
    0x080003c4   0x00003bf0   Code   RO          230    .text               lcd.o
    0x08003fb4   0x00000050   Code   RO          254    .text               atk_led.o
    0x08004004   0x00000248   Code   RO          266    .text               atk_key.o
    0x0800424c   0x00000324   Code   RO          283    .text               atk_nbiot_usart.o
    0x08004570   0x000000a4   Code   RO          304    .text               atk_timer.o
    0x08004614   0x00000114   Code   RO          332    .text               atk_usart.o
    0x08004728   0x0000000c   Code   RO          357    .text               atk_sys.o
    0x08004734   0x0000009c   Code   RO          373    .text               atk_delay.o
    0x080047d0   0x00000040   Code   RO          404    .text               startup_stm32f10x_hd.o
    0x08004810   0x000000b0   Code   RO          408    .text               misc.o
    0x080048c0   0x0000047c   Code   RO          420    .text               stm32f10x_fsmc.o
    0x08004d3c   0x00000264   Code   RO          432    .text               stm32f10x_gpio.o
    0x08004fa0   0x000002b8   Code   RO          444    .text               stm32f10x_rcc.o
    0x08005258   0x00000328   Code   RO          458    .text               stm32f10x_usart.o
    0x08005580   0x000000e8   Code   RO          470    .text               stm32f10x_exti.o
    0x08005668   0x00000af0   Code   RO          482    .text               stm32f10x_tim.o
    0x08006158   0x000000e4   Code   RO          532    .text               atk_soft_timer.o
    0x0800623c   0x000000e0   Code   RO          547    .text               atk_ring_buf.o
    0x0800631c   0x00000078   Code   RO          683    .text               demo_soft_timer_entry.o
    0x08006394   0x00000002   Code   RO          699    .text               c_w.l(use_no_semi_2.o)
    0x08006396   0x00000002   PAD
    0x08006398   0x00000018   Code   RO          701    .text               c_w.l(__2printf.o)
    0x080063b0   0x00000068   Code   RO          713    .text               c_w.l(__printf.o)
    0x08006418   0x00000058   Code   RO          722    .text               c_w.l(_printf_hex_int.o)
    0x08006470   0x00000006   Code   RO          781    .text               c_w.l(heapauxi.o)
    0x08006476   0x00000002   Code   RO          797    .text               c_w.l(use_no_semi.o)
    0x08006478   0x000000b2   Code   RO          807    .text               c_w.l(_printf_intcommon.o)
    0x0800652a   0x00000002   PAD
    0x0800652c   0x00000030   Code   RO          809    .text               c_w.l(_printf_char_common.o)
    0x0800655c   0x00000024   Code   RO          817    .text               c_w.l(_printf_char_file.o)
    0x08006580   0x00000008   Code   RO          831    .text               c_w.l(libspace.o)
    0x08006588   0x00000008   Code   RO          858    .text               c_w.l(ferror.o)
    0x08006590   0x0000004a   Code   RO          869    .text               c_w.l(sys_stackheap_outer.o)
    0x080065da   0x00000012   Code   RO          871    .text               c_w.l(exit.o)
    0x080065ec   0x0000005a   Code   RO          785    x$fpl$dfixu         fz_ws.l(dfixu.o)
    0x08006646   0x00000026   Code   RO          789    x$fpl$dfltu         fz_ws.l(dflt_clz.o)
    0x0800666c   0x00000154   Code   RO          795    x$fpl$dmul          fz_ws.l(dmul.o)
    0x080067c0   0x0000009c   Code   RO          826    x$fpl$dnaninf       fz_ws.l(dnaninf.o)
    0x0800685c   0x0000000c   Code   RO          828    x$fpl$dretinf       fz_ws.l(dretinf.o)
    0x08006868   0x00000000   Code   RO          830    x$fpl$usenofp       fz_ws.l(usenofp.o)
    0x08006868   0x000017c0   Data   RO          232    .constdata          lcd.o
    0x08008028   0x00000028   Data   RO          723    .constdata          c_w.l(_printf_hex_int.o)
    0x08008050   0x00000020   Data   RO         1001    Region$$Table       anon$$obj.o


    Execution Region RW_IRAM1 (Base: 0x20000000, Size: 0x00000a00, Max: 0x00010000, ABSOLUTE)

    Base Addr    Size         Type   Attr      Idx    E Section Name        Object

    0x20000000   0x00000014   Data   RW          200    .data               system_stm32f10x.o
    0x20000014   0x00000004   Data   RW          233    .data               lcd.o
    0x20000018   0x00000002   Data   RW          334    .data               atk_usart.o
    0x2000001a   0x00000002   PAD
    0x2000001c   0x00000004   Data   RW          335    .data               atk_usart.o
    0x20000020   0x00000008   Data   RW          374    .data               atk_delay.o
    0x20000028   0x00000014   Data   RW          445    .data               stm32f10x_rcc.o
    0x2000003c   0x00000008   Data   RW          533    .data               atk_soft_timer.o
    0x20000044   0x0000000e   Zero   RW          231    .bss                lcd.o
    0x20000052   0x00000002   PAD
    0x20000054   0x00000010   Zero   RW          267    .bss                atk_key.o
    0x20000064   0x0000024c   Zero   RW          284    .bss                atk_nbiot_usart.o
    0x200002b0   0x000000c8   Zero   RW          333    .bss                atk_usart.o
    0x20000378   0x00000028   Zero   RW          684    .bss                demo_soft_timer_entry.o
    0x200003a0   0x00000060   Zero   RW          832    .bss                c_w.l(libspace.o)
    0x20000400   0x00000200   Zero   RW          402    HEAP                startup_stm32f10x_hd.o
    0x20000600   0x00000400   Zero   RW          401    STACK               startup_stm32f10x_hd.o


==============================================================================

Image component sizes


      Code (inc. data)   RO Data    RW Data    ZI Data      Debug   Object Name

       156         18          0          8          0      16730   atk_delay.o
       584         12          0          0         16       2934   atk_key.o
        80         10          0          0          0        559   atk_led.o
       804         42          0          0        588       6560   atk_nbiot_usart.o
       224         26          0          0          0       2877   atk_ring_buf.o
       228          4          0          8          0       3054   atk_soft_timer.o
        12          0          0          0          0        675   atk_sys.o
       164         10          0          0          0        928   atk_timer.o
       276         16          0          6        200       3410   atk_usart.o
       120         54          0          0         40       1088   demo_soft_timer_entry.o
     15344        118       6080          4         14      55508   lcd.o
       136         40          0          0          0     264571   main.o
       176         14          0          0          0       2009   misc.o
        64         26        304          0       1536        828   startup_stm32f10x_hd.o
       232          8          0          0          0       2515   stm32f10x_exti.o
      1148          6          0          0          0       5967   stm32f10x_fsmc.o
       612         36          0          0          0       6137   stm32f10x_gpio.o
        16          0          0          0          0       1114   stm32f10x_it.o
       696         32          0         20          0       9164   stm32f10x_rcc.o
      2800         84          0          0          0      24074   stm32f10x_tim.o
       808         22          0          0          0       8996   stm32f10x_usart.o
       344         34          0         20          0       1939   system_stm32f10x.o

    ----------------------------------------------------------------------
     25024        612       6416         68       2396     421637   Object Totals
         0          0         32          0          0          0   (incl. Generated)
         0          0          0          2          2          0   (incl. Padding)

    ----------------------------------------------------------------------

      Code (inc. data)   RO Data    RW Data    ZI Data      Debug   Library Member Name

        24          4          0          0          0         84   __2printf.o
         8          0          0          0          0         68   __main.o
       104          0          0          0          0         84   __printf.o
         0          0          0          0          0          0   __rtentry.o
        12          0          0          0          0          0   __rtentry2.o
         6          0          0          0          0          0   __rtentry4.o
        52          8          0          0          0          0   __scatter.o
        26          0          0          0          0          0   __scatter_copy.o
        28          0          0          0          0          0   __scatter_zi.o
        48          6          0          0          0         96   _printf_char_common.o
        36          4          0          0          0         80   _printf_char_file.o
        88          4         40          0          0         88   _printf_hex_int.o
       178          0          0          0          0         88   _printf_intcommon.o
         0          0          0          0          0          0   _printf_percent.o
         4          0          0          0          0          0   _printf_percent_end.o
         6          0          0          0          0          0   _printf_x.o
        18          0          0          0          0         80   exit.o
         8          0          0          0          0         68   ferror.o
         6          0          0          0          0        152   heapauxi.o
         2          0          0          0          0          0   libinit.o
         2          0          0          0          0          0   libinit2.o
         2          0          0          0          0          0   libshutdown.o
         2          0          0          0          0          0   libshutdown2.o
         8          4          0          0         96         68   libspace.o
         2          0          0          0          0          0   rtexit.o
        10          0          0          0          0          0   rtexit2.o
        74          0          0          0          0         80   sys_stackheap_outer.o
         2          0          0          0          0         68   use_no_semi.o
         2          0          0          0          0         68   use_no_semi_2.o
        90          4          0          0          0         92   dfixu.o
        38          0          0          0          0         68   dflt_clz.o
       340         12          0          0          0        104   dmul.o
       156          4          0          0          0         92   dnaninf.o
        12          0          0          0          0         68   dretinf.o
         0          0          0          0          0          0   usenofp.o

    ----------------------------------------------------------------------
      1400         50         40          0         96       1596   Library Totals
         6          0          0          0          0          0   (incl. Padding)

    ----------------------------------------------------------------------

      Code (inc. data)   RO Data    RW Data    ZI Data      Debug   Library Name

       758         30         40          0         96       1172   c_w.l
       636         20          0          0          0        424   fz_ws.l

    ----------------------------------------------------------------------
      1400         50         40          0         96       1596   Library Totals

    ----------------------------------------------------------------------

==============================================================================


      Code (inc. data)   RO Data    RW Data    ZI Data      Debug   

     26424        662       6456         68       2492     419641   Grand Totals
     26424        662       6456         68       2492     419641   ELF Image Totals
     26424        662       6456         68          0          0   ROM Totals

==============================================================================

    Total RO  Size (Code + RO Data)                32880 (  32.11kB)
    Total RW  Size (RW Data + ZI Data)              2560 (   2.50kB)
    Total ROM Size (Code + RO Data + RW Data)      32948 (  32.18kB)

==============================================================================

